Component: ARM Compiler 5.06 update 3 (build 300) Tool: armlink [4d35c9]

==============================================================================

Section Cross References

    main.o(i.main) refers to bsp.o(i.bsp_Config) for bsp_Config
    main.o(i.main) refers to freescalecar.o(i.Car_ParaInit) for Car_ParaInit
    main.o(i.main) refers to bsp_switch.o(i.bsp_switch_GetValue) for bsp_switch_GetValue
    main.o(i.main) refers to bsp_sensor.o(i.bsp_sensor_Calibration) for bsp_sensor_Calibration
    main.o(i.main) refers to bsp_timer.o(i.bsp_tim_CreateSoftTimer) for bsp_tim_CreateSoftTimer
    main.o(i.main) refers to bsp_timer.o(i.bsp_tim_CreateHardTimer) for bsp_tim_CreateHardTimer
    main.o(i.main) refers to bsp_motor.o(i.bsp_motor_SetPwm) for bsp_motor_SetPwm
    main.o(i.main) refers to drv_gpio.o(i.drv_gpio_WritePin) for drv_gpio_WritePin
    main.o(i.main) refers to app_debug.o(i.debug_CarDataReport) for debug_CarDataReport
    main.o(i.main) refers to freescalecar.o(i.Car_Running) for Car_Running
    main.o(i.main) refers to freescalecar.o(i.Car_Control) for Car_Control
    freescalecar.o(i.Car_Control) refers to bsp_sensor.o(i.bsp_sensor_DataProcess) for bsp_sensor_DataProcess
    freescalecar.o(i.Car_Control) refers to bsp_led.o(i.bsp_led_Toggle) for bsp_led_Toggle
    freescalecar.o(i.Car_Control) refers to bsp_encoder.o(i.bsp_encoder_SpeedCalc) for bsp_encoder_SpeedCalc
    freescalecar.o(i.Car_Control) refers to freescalecar.o(i.Car_LeftVelocityPIDCalc) for Car_LeftVelocityPIDCalc
    freescalecar.o(i.Car_Control) refers to freescalecar.o(i.Car_RightVelocityPIDCalc) for Car_RightVelocityPIDCalc
    freescalecar.o(i.Car_Control) refers to freescalecar.o(i.Car_TurnPIDCalc) for Car_TurnPIDCalc
    freescalecar.o(i.Car_Control) refers to bsp_motor.o(i.bsp_motor_SetPwm) for bsp_motor_SetPwm
    freescalecar.o(i.Car_Control) refers to freescalecar.o(.bss) for Car
    freescalecar.o(i.Car_LeftVelocityPIDCalc) refers to f2d.o(.text) for __aeabi_f2d
    freescalecar.o(i.Car_LeftVelocityPIDCalc) refers to dmul.o(.text) for __aeabi_dmul
    freescalecar.o(i.Car_LeftVelocityPIDCalc) refers to d2f.o(.text) for __aeabi_d2f
    freescalecar.o(i.Car_LeftVelocityPIDCalc) refers to dflti.o(.text) for __aeabi_i2d
    freescalecar.o(i.Car_LeftVelocityPIDCalc) refers to daddsub.o(.text) for __aeabi_dadd
    freescalecar.o(i.Car_LeftVelocityPIDCalc) refers to faddsub.o(x$fpl$fadd) for __aeabi_fadd
    freescalecar.o(i.Car_LeftVelocityPIDCalc) refers to frlef.o(x$fpl$frleqf) for __aeabi_cfrcmple
    freescalecar.o(i.Car_LeftVelocityPIDCalc) refers to flef.o(x$fpl$fleqf) for __aeabi_cfcmple
    freescalecar.o(i.Car_LeftVelocityPIDCalc) refers to fflti.o(.text) for __aeabi_i2f
    freescalecar.o(i.Car_LeftVelocityPIDCalc) refers to fmul.o(x$fpl$fmul) for __aeabi_fmul
    freescalecar.o(i.Car_LeftVelocityPIDCalc) refers to ffixi.o(.text) for __aeabi_f2iz
    freescalecar.o(i.Car_LeftVelocityPIDCalc) refers to freescalecar.o(.bss) for Car
    freescalecar.o(i.Car_LeftVelocityPIDCalc) refers to freescalecar.o(.data) for SpeedFilter
    freescalecar.o(i.Car_ParaInit) refers to freescalecar.o(.bss) for Car
    freescalecar.o(i.Car_ParaStroe) refers to drv_flash.o(i.drv_flash_EraseSector) for drv_flash_EraseSector
    freescalecar.o(i.Car_ParaStroe) refers to drv_flash.o(i.drv_flash_WriteSector) for drv_flash_WriteSector
    freescalecar.o(i.Car_ParaStroe) refers to freescalecar.o(.bss) for Car
    freescalecar.o(i.Car_RightVelocityPIDCalc) refers to f2d.o(.text) for __aeabi_f2d
    freescalecar.o(i.Car_RightVelocityPIDCalc) refers to dmul.o(.text) for __aeabi_dmul
    freescalecar.o(i.Car_RightVelocityPIDCalc) refers to d2f.o(.text) for __aeabi_d2f
    freescalecar.o(i.Car_RightVelocityPIDCalc) refers to dflti.o(.text) for __aeabi_i2d
    freescalecar.o(i.Car_RightVelocityPIDCalc) refers to daddsub.o(.text) for __aeabi_dadd
    freescalecar.o(i.Car_RightVelocityPIDCalc) refers to faddsub.o(x$fpl$fadd) for __aeabi_fadd
    freescalecar.o(i.Car_RightVelocityPIDCalc) refers to frlef.o(x$fpl$frleqf) for __aeabi_cfrcmple
    freescalecar.o(i.Car_RightVelocityPIDCalc) refers to flef.o(x$fpl$fleqf) for __aeabi_cfcmple
    freescalecar.o(i.Car_RightVelocityPIDCalc) refers to fflti.o(.text) for __aeabi_i2f
    freescalecar.o(i.Car_RightVelocityPIDCalc) refers to fmul.o(x$fpl$fmul) for __aeabi_fmul
    freescalecar.o(i.Car_RightVelocityPIDCalc) refers to ffixi.o(.text) for __aeabi_f2iz
    freescalecar.o(i.Car_RightVelocityPIDCalc) refers to freescalecar.o(.bss) for Car
    freescalecar.o(i.Car_RightVelocityPIDCalc) refers to freescalecar.o(.data) for SpeedFilter
    freescalecar.o(i.Car_Running) refers to bsp_led.o(i.bsp_led_Toggle) for bsp_led_Toggle
    freescalecar.o(i.Car_TurnPIDCalc) refers to faddsub.o(x$fpl$fsub) for __aeabi_fsub
    freescalecar.o(i.Car_TurnPIDCalc) refers to fmul.o(x$fpl$fmul) for __aeabi_fmul
    freescalecar.o(i.Car_TurnPIDCalc) refers to faddsub.o(x$fpl$fadd) for __aeabi_fadd
[...]
    ../clib/printf.c                         0x00000000   Number         0  _printf_oct_ll.o ABSOLUTE
    ../clib/printf.c                         0x00000000   Number         0  _printf_longlong_dec.o ABSOLUTE
    ../clib/printf.c                         0x00000000   Number         0  _printf_wctomb.o ABSOLUTE
    ../clib/printf.c                         0x00000000   Number         0  _sputc.o ABSOLUTE
    ../clib/printf.c                         0x00000000   Number         0  _printf_charcount.o ABSOLUTE
    ../clib/printf.c                         0x00000000   Number         0  _printf_dec.o ABSOLUTE
    ../clib/printf.c                         0x00000000   Number         0  _printf_str.o ABSOLUTE
    ../clib/printf.c                         0x00000000   Number         0  _printf_truncate.o ABSOLUTE
    ../clib/printf.c                         0x00000000   Number         0  _printf_pad.o ABSOLUTE
    ../clib/printf.c                         0x00000000   Number         0  __printf.o ABSOLUTE
    ../clib/printf.c                         0x00000000   Number         0  __printf_flags_ss.o ABSOLUTE
    ../clib/printf.c                         0x00000000   Number         0  _printf_fp_infnan.o ABSOLUTE
    ../clib/printf.c                         0x00000000   Number         0  __printf_ss.o ABSOLUTE
    ../clib/printf.c                         0x00000000   Number         0  _printf_hex_ll.o ABSOLUTE
    ../clib/printf_percent.s                 0x00000000   Number         0  _printf_g.o ABSOLUTE
    ../clib/printf_percent.s                 0x00000000   Number         0  _printf_a.o ABSOLUTE
    ../clib/printf_percent.s                 0x00000000   Number         0  _printf_percent.o ABSOLUTE
    ../clib/printf_percent.s                 0x00000000   Number         0  _printf_lli.o ABSOLUTE
    ../clib/printf_percent.s                 0x00000000   Number         0  _printf_lld.o ABSOLUTE
    ../clib/printf_percent.s                 0x00000000   Number         0  _printf_o.o ABSOLUTE
    ../clib/printf_percent.s                 0x00000000   Number         0  _printf_llu.o ABSOLUTE
    ../clib/printf_percent.s                 0x00000000   Number         0  _printf_ll.o ABSOLUTE
    ../clib/printf_percent.s                 0x00000000   Number         0  _printf_l.o ABSOLUTE
    ../clib/printf_percent.s                 0x00000000   Number         0  _printf_lc.o ABSOLUTE
    ../clib/printf_percent.s                 0x00000000   Number         0  _printf_ls.o ABSOLUTE
    ../clib/printf_percent.s                 0x00000000   Number         0  _printf_llo.o ABSOLUTE
    ../clib/printf_percent.s                 0x00000000   Number         0  _printf_llx.o ABSOLUTE
    ../clib/printf_percent.s                 0x00000000   Number         0  _printf_s.o ABSOLUTE
    ../clib/printf_percent.s                 0x00000000   Number         0  _printf_c.o ABSOLUTE
    ../clib/printf_percent.s                 0x00000000   Number         0  _printf_n.o ABSOLUTE
    ../clib/printf_percent.s                 0x00000000   Number         0  _printf_x.o ABSOLUTE
    ../clib/printf_percent.s                 0x00000000   Number         0  _printf_p.o ABSOLUTE
    ../clib/printf_percent.s                 0x00000000   Number         0  _printf_i.o ABSOLUTE
    ../clib/printf_percent.s                 0x00000000   Number         0  _printf_d.o ABSOLUTE
    ../clib/printf_percent.s                 0x00000000   Number         0  _printf_u.o ABSOLUTE
    ../clib/printf_percent.s                 0x00000000   Number         0  _printf_f.o ABSOLUTE
    ../clib/printf_percent.s                 0x00000000   Number         0  _printf_percent_end.o ABSOLUTE
    ../clib/printf_percent.s                 0x00000000   Number         0  _printf_e.o ABSOLUTE
    ../clib/signal.c                         0x00000000   Number         0  defsig_pvfn_inner.o ABSOLUTE
    ../clib/signal.c                         0x00000000   Number         0  defsig_general.o ABSOLUTE
    ../clib/signal.c                         0x00000000   Number         0  defsig_segv_inner.o ABSOLUTE
    ../clib/signal.c                         0x00000000   Number         0  defsig_other.o ABSOLUTE
    ../clib/signal.c                         0x00000000   Number         0  defsig_fpe_outer.o ABSOLUTE
    ../clib/signal.c                         0x00000000   Number         0  __raise.o ABSOLUTE
    ../clib/signal.c                         0x00000000   Number         0  defsig_abrt_inner.o ABSOLUTE
    ../clib/signal.c                         0x00000000   Number         0  defsig_exit.o ABSOLUTE
    ../clib/signal.c                         0x00000000   Number         0  defsig_fpe_inner.o ABSOLUTE
    ../clib/signal.c                         0x00000000   Number         0  defsig_rtred_inner.o ABSOLUTE
    ../clib/signal.c                         0x00000000   Number         0  defsig_rtmem_inner.o ABSOLUTE
    ../clib/signal.c                         0x00000000   Number         0  defsig_fpe_formal.o ABSOLUTE
    ../clib/signal.c                         0x00000000   Number         0  defsig_rtmem_outer.o ABSOLUTE
    ../clib/signal.c                         0x00000000   Number         0  defsig_cppl_inner.o ABSOLUTE
    ../clib/signal.c                         0x00000000   Number         0  defsig_rtmem_formal.o ABSOLUTE
    ../clib/signal.c                         0x00000000   Number         0  defsig_stak_inner.o ABSOLUTE
    ../clib/signal.s                         0x00000000   Number         0  defsig.o ABSOLUTE
    ../clib/stdlib.c                         0x00000000   Number         0  exit.o ABSOLUTE
    ../clib/string.c                         0x00000000   Number         0  strcmp.o ABSOLUTE
    ../fplib/cfplib/cmpret.c                 0x00000000   Number         0  cmpret.o ABSOLUTE
    ../fplib/cfplib/d2f.c                    0x00000000   Number         0  d2f.o ABSOLUTE
    ../fplib/cfplib/daddsub.c                0x00000000   Number         0  daddsub.o ABSOLUTE
    ../fplib/cfplib/dmul.c                   0x00000000   Number         0  dmul.o ABSOLUTE
    ../fplib/cfplib/f2d.c                    0x00000000   Number         0  f2d.o ABSOLUTE
    ../fplib/cfplib/fcmpin.c                 0x00000000   Number         0  fcmpin.o ABSOLUTE
    ../fplib/cfplib/fdiv.c                   0x00000000   Number         0  fdiv.o ABSOLUTE
    ../fplib/cfplib/ffix.c                   0x00000000   Number         0  ffixi.o ABSOLUTE
    ../fplib/cfplib/fflt.c                   0x00000000   Number         0  fflti.o ABSOLUTE
    ../fplib/cfplib/fflt.c                   0x00000000   Number         0  dflti.o ABSOLUTE
    ../fplib/cfplib/fpinit.c                 0x00000000   Number         0  fpinit.o ABSOLUTE
    ../fplib/cfplib/ieee_status.c            0x00000000   Number         0  ieee_status.o ABSOLUTE
    ../fplib/cfplib/nan2.c                   0x00000000   Number         0  fnan2.o ABSOLUTE
    ../fplib/cfplib/retnan.c                 0x00000000   Number         0  retnan.o ABSOLUTE
    ../fplib/faddsub6m.s                     0x00000000   Number         0  faddsub.o ABSOLUTE
    ../fplib/fleqf6m.s                       0x00000000   Number         0  flef.o ABSOLUTE
    ../fplib/fmul6m.s                        0x00000000   Number         0  fmul.o ABSOLUTE
    ../fplib/frleqf6m.s                      0x00000000   Number         0  frlef.o ABSOLUTE
    ../fplib/printf1.s                       0x00000000   Number         0  printf1.o ABSOLUTE
    ../fplib/usenofp.s                       0x00000000   Number         0  usenofp.o ABSOLUTE
    ../mathlib/fpclassify.c                  0x00000000   Number         0  fpclassify.o ABSOLUTE
    ..\APP\src\app_debug.c                   0x00000000   Number         0  app_debug.o ABSOLUTE
    ..\APP\src\app_filter.c                  0x00000000   Number         0  app_filter.o ABSOLUTE
    ..\APP\src\app_pid.c                     0x00000000   Number         0  app_pid.o ABSOLUTE
    ..\APP\src\app_sort.c                    0x00000000   Number         0  app_sort.o ABSOLUTE
    ..\BSP\src\bsp.c                         0x00000000   Number         0  bsp.o ABSOLUTE
    ..\BSP\src\bsp_encoder.c                 0x00000000   Number         0  bsp_encoder.o ABSOLUTE
    ..\BSP\src\bsp_flash.c                   0x00000000   Number         0  bsp_flash.o ABSOLUTE
    ..\BSP\src\bsp_key.c                     0x00000000   Number         0  bsp_key.o ABSOLUTE
    ..\BSP\src\bsp_led.c                     0x00000000   Number         0  bsp_led.o ABSOLUTE
    ..\BSP\src\bsp_motor.c                   0x00000000   Number         0  bsp_motor.o ABSOLUTE
    ..\BSP\src\bsp_oled.c                    0x00000000   Number         0  bsp_oled.o ABSOLUTE
    ..\BSP\src\bsp_sensor.c                  0x00000000   Number         0  bsp_sensor.o ABSOLUTE
    ..\BSP\src\bsp_switch.c                  0x00000000   Number         0  bsp_switch.o ABSOLUTE
    ..\BSP\src\bsp_timer.c                   0x00000000   Number         0  bsp_timer.o ABSOLUTE
    ..\BSP\src\bsp_uart.c                    0x00000000   Number         0  bsp_uart.o ABSOLUTE
    ..\CORE\startup_SKEAZ1284.s              0x00000000   Number         0  startup_skeaz1284.o ABSOLUTE
    ..\CORE\system_SKEAZ1284.c               0x00000000   Number         0  system_skeaz1284.o ABSOLUTE
    ..\DRV\src\drv_acmp.c                    0x00000000   Number         0  drv_acmp.o ABSOLUTE
    ..\DRV\src\drv_adc.c                     0x00000000   Number         0  drv_adc.o ABSOLUTE
    ..\DRV\src\drv_flash.c                   0x00000000   Number         0  drv_flash.o ABSOLUTE
    ..\DRV\src\drv_ftm.c                     0x00000000   Number         0  drv_ftm.o ABSOLUTE
    ..\DRV\src\drv_gpio.c                    0x00000000   Number         0  drv_gpio.o ABSOLUTE
    ..\DRV\src\drv_irq.c                     0x00000000   Number         0  drv_irq.o ABSOLUTE
    ..\DRV\src\drv_kbi.c                     0x00000000   Number         0  drv_kbi.o ABSOLUTE
    ..\DRV\src\drv_pit.c                     0x00000000   Number         0  drv_pit.o ABSOLUTE
    ..\DRV\src\drv_power.c                   0x00000000   Number         0  drv_power.o ABSOLUTE
    ..\DRV\src\drv_pwt.c                     0x00000000   Number         0  drv_pwt.o ABSOLUTE
    ..\DRV\src\drv_rcc.c                     0x00000000   Number         0  drv_rcc.o ABSOLUTE
    ..\DRV\src\drv_rtc.c                     0x00000000   Number         0  drv_rtc.o ABSOLUTE
    ..\DRV\src\drv_spi.c                     0x00000000   Number         0  drv_spi.o ABSOLUTE
    ..\DRV\src\drv_uart.c                    0x00000000   Number         0  drv_uart.o ABSOLUTE
    ..\DRV\src\drv_wdog.c                    0x00000000   Number         0  drv_wdog.o ABSOLUTE
    ..\\APP\\src\\app_debug.c                0x00000000   Number         0  app_debug.o ABSOLUTE
    ..\\APP\\src\\app_filter.c               0x00000000   Number         0  app_filter.o ABSOLUTE
    ..\\APP\\src\\app_pid.c                  0x00000000   Number         0  app_pid.o ABSOLUTE
    ..\\APP\\src\\app_sort.c                 0x00000000   Number         0  app_sort.o ABSOLUTE
    ..\\BSP\\src\\bsp.c                      0x00000000   Number         0  bsp.o ABSOLUTE
    ..\\BSP\\src\\bsp_encoder.c              0x00000000   Number         0  bsp_encoder.o ABSOLUTE
    ..\\BSP\\src\\bsp_flash.c                0x00000000   Number         0  bsp_flash.o ABSOLUTE
    ..\\BSP\\src\\bsp_key.c                  0x00000000   Number         0  bsp_key.o ABSOLUTE
    ..\\BSP\\src\\bsp_led.c                  0x00000000   Number         0  bsp_led.o ABSOLUTE
    ..\\BSP\\src\\bsp_motor.c                0x00000000   Number         0  bsp_motor.o ABSOLUTE
    ..\\BSP\\src\\bsp_oled.c                 0x00000000   Number         0  bsp_oled.o ABSOLUTE
    ..\\BSP\\src\\bsp_sensor.c               0x00000000   Number         0  bsp_sensor.o ABSOLUTE
    ..\\BSP\\src\\bsp_switch.c               0x00000000   Number         0  bsp_switch.o ABSOLUTE
    ..\\BSP\\src\\bsp_timer.c                0x00000000   Number         0  bsp_timer.o ABSOLUTE
    ..\\BSP\\src\\bsp_uart.c                 0x00000000   Number         0  bsp_uart.o ABSOLUTE
    ..\\CORE\\system_SKEAZ1284.c             0x00000000   Number         0  system_skeaz1284.o ABSOLUTE
    ..\\DRV\\src\\drv_adc.c                  0x00000000   Number         0  drv_adc.o ABSOLUTE
    ..\\DRV\\src\\drv_flash.c                0x00000000   Number         0  drv_flash.o ABSOLUTE
    ..\\DRV\\src\\drv_ftm.c                  0x00000000   Number         0  drv_ftm.o ABSOLUTE
    ..\\DRV\\src\\drv_gpio.c                 0x00000000   Number         0  drv_gpio.o ABSOLUTE
    ..\\DRV\\src\\drv_kbi.c                  0x00000000   Number         0  drv_kbi.o ABSOLUTE
    ..\\DRV\\src\\drv_pit.c                  0x00000000   Number         0  drv_pit.o ABSOLUTE
    ..\\DRV\\src\\drv_rcc.c                  0x00000000   Number         0  drv_rcc.o ABSOLUTE
    ..\\DRV\\src\\drv_spi.c                  0x00000000   Number         0  drv_spi.o ABSOLUTE
    ..\\DRV\\src\\drv_uart.c                 0x00000000   Number         0  drv_uart.o ABSOLUTE
    ..\\DRV\\src\\drv_wdog.c                 0x00000000   Number         0  drv_wdog.o ABSOLUTE
    FreescaleCar.c                           0x00000000   Number         0  freescalecar.o ABSOLUTE
    FreescaleCar.c                           0x00000000   Number         0  freescalecar.o ABSOLUTE
    dc.s                                     0x00000000   Number         0  dc.o ABSOLUTE
    main.c                                   0x00000000   Number         0  main.o ABSOLUTE
    main.c                                   0x00000000   Number         0  main.o ABSOLUTE
    !!!main                                  0x000000c0   Section        8  __main.o(!!!main)
    !!!scatter                               0x000000c8   Section       60  __scatter.o(!!!scatter)
    !!handler_zi                             0x00000104   Section       28  __scatter_zi.o(!!handler_zi)
    .ARM.Collect$$libinit$$00000000          0x00000120   Section        2  libinit.o(.ARM.Collect$$libinit$$00000000)
    .ARM.Collect$$libinit$$00000002          0x00000122   Section        0  libinit2.o(.ARM.Collect$$libinit$$00000002)
    .ARM.Collect$$libinit$$00000004          0x00000122   Section        0  libinit2.o(.ARM.Collect$$libinit$$00000004)
    .ARM.Collect$$libinit$$0000000A          0x00000122   Section        0  libinit2.o(.ARM.Collect$$libinit$$0000000A)
    .ARM.Collect$$libinit$$0000000C          0x00000122   Section        0  libinit2.o(.ARM.Collect$$libinit$$0000000C)
    .ARM.Collect$$libinit$$0000000E          0x00000122   Section        0  libinit2.o(.ARM.Collect$$libinit$$0000000E)
    .ARM.Collect$$libinit$$00000011          0x00000122   Section        0  libinit2.o(.ARM.Collect$$libinit$$00000011)
    .ARM.Collect$$libinit$$00000013          0x00000122   Section        0  libinit2.o(.ARM.Collect$$libinit$$00000013)
    .ARM.Collect$$libinit$$00000015          0x00000122   Section        0  libinit2.o(.ARM.Collect$$libinit$$00000015)
    .ARM.Collect$$libinit$$00000017          0x00000122   Section        0  libinit2.o(.ARM.Collect$$libinit$$00000017)
    .ARM.Collect$$libinit$$00000019          0x00000122   Section        0  libinit2.o(.ARM.Collect$$libinit$$00000019)
    .ARM.Collect$$libinit$$0000001B          0x00000122   Section        0  libinit2.o(.ARM.Collect$$libinit$$0000001B)
    .ARM.Collect$$libinit$$0000001D          0x00000122   Section        0  libinit2.o(.ARM.Collect$$libinit$$0000001D)
    .ARM.Collect$$libinit$$0000001F          0x00000122   Section        0  libinit2.o(.ARM.Collect$$libinit$$0000001F)
    .ARM.Collect$$libinit$$00000021          0x00000122   Section        0  libinit2.o(.ARM.Collect$$libinit$$00000021)
    .ARM.Collect$$libinit$$00000023          0x00000122   Section        0  libinit2.o(.ARM.Collect$$libinit$$00000023)
    .ARM.Collect$$libinit$$00000025          0x00000122   Section        0  libinit2.o(.ARM.Collect$$libinit$$00000025)
    .ARM.Collect$$libinit$$0000002C          0x00000122   Section        0  libinit2.o(.ARM.Collect$$libinit$$0000002C)
    .ARM.Collect$$libinit$$0000002E          0x00000122   Section        0  libinit2.o(.ARM.Collect$$libinit$$0000002E)
    .ARM.Collect$$libinit$$00000030          0x00000122   Section        0  libinit2.o(.ARM.Collect$$libinit$$00000030)
    .ARM.Collect$$libinit$$00000032          0x00000122   Section        0  libinit2.o(.ARM.Collect$$libinit$$00000032)
    .ARM.Collect$$libinit$$00000033          0x00000122   Section        2  libinit2.o(.ARM.Collect$$libinit$$00000033)
    .ARM.Collect$$libshutdown$$00000000      0x00000124   Section        2  libshutdown.o(.ARM.Collect$$libshutdown$$00000000)
    .ARM.Collect$$libshutdown$$00000002      0x00000126   Section        0  libshutdown2.o(.ARM.Collect$$libshutdown$$00000002)
    .ARM.Collect$$libshutdown$$00000004      0x00000126   Section        0  libshutdown2.o(.ARM.Collect$$libshutdown$$00000004)
    .ARM.Collect$$libshutdown$$00000007      0x00000126   Section        0  libshutdown2.o(.ARM.Collect$$libshutdown$$00000007)
    .ARM.Collect$$libshutdown$$0000000A      0x00000126   Section        0  libshutdown2.o(.ARM.Collect$$libshutdown$$0000000A)
    .ARM.Collect$$libshutdown$$0000000C      0x00000126   Section        0  libshutdown2.o(.ARM.Collect$$libshutdown$$0000000C)
    .ARM.Collect$$libshutdown$$0000000F      0x00000126   Section        0  libshutdown2.o(.ARM.Collect$$libshutdown$$0000000F)
    .ARM.Collect$$libshutdown$$00000010      0x00000126   Section        2  libshutdown2.o(.ARM.Collect$$libshutdown$$00000010)
    .ARM.Collect$$rtentry$$00000000          0x00000128   Section        0  __rtentry.o(.ARM.Collect$$rtentry$$00000000)
    .ARM.Collect$$rtentry$$00000002          0x00000128   Section        0  __rtentry2.o(.ARM.Collect$$rtentry$$00000002)
    .ARM.Collect$$rtentry$$00000004          0x00000128   Section        6  __rtentry4.o(.ARM.Collect$$rtentry$$00000004)
    .ARM.Collect$$rtentry$$00000009          0x0000012e   Section        0  __rtentry2.o(.ARM.Collect$$rtentry$$00000009)
    .ARM.Collect$$rtentry$$0000000A          0x0000012e   Section        4  __rtentry2.o(.ARM.Collect$$rtentry$$0000000A)
    .ARM.Collect$$rtentry$$0000000C          0x00000132   Section        0  __rtentry2.o(.ARM.Collect$$rtentry$$0000000C)
    .ARM.Collect$$rtentry$$0000000D          0x00000132   Section        8  __rtentry2.o(.ARM.Collect$$rtentry$$0000000D)
    .ARM.Collect$$rtexit$$00000000           0x0000013a   Section        2  rtexit.o(.ARM.Collect$$rtexit$$00000000)
    .ARM.Collect$$rtexit$$00000002           0x0000013c   Section        0  rtexit2.o(.ARM.Collect$$rtexit$$00000002)
    .ARM.Collect$$rtexit$$00000003           0x0000013c   Section        4  rtexit2.o(.ARM.Collect$$rtexit$$00000003)
    .ARM.Collect$$rtexit$$00000004           0x00000140   Section        6  rtexit2.o(.ARM.Collect$$rtexit$$00000004)
    .text                                    0x00000148   Section       64  startup_skeaz1284.o(.text)
    .text                                    0x00000188   Section        2  use_no_semi_2.o(.text)
    .text                                    0x0000018a   Section        0  rt_memclr.o(.text)
    .text                                    0x000001ca   Section      346  aeabi_sdiv.o(.text)
    .text                                    0x00000324   Section        0  heapauxi.o(.text)
    .text                                    0x0000032c   Section        0  d2f.o(.text)
    .text                                    0x000003a8   Section        0  dflti.o(.text)
    .ARM.__at_0x400                          0x00000400   Section       16  startup_skeaz1284.o(.ARM.__at_0x400)
    .text                                    0x00000410   Section        0  daddsub.o(.text)
    _dadd1                                   0x00000411   Thumb Code   290  daddsub.o(.text)
    _dsub1                                   0x00000533   Thumb Code   470  daddsub.o(.text)
    .text                                    0x00000768   Section        0  dmul.o(.text)
    .text                                    0x000009b0   Section        0  f2d.o(.text)
    .text                                    0x00000a04   Section        0  fdiv.o(.text)
    .text                                    0x00000b64   Section        0  ffixi.o(.text)
    .text                                    0x00000bb0   Section        0  fflti.o(.text)
    .text                                    0x00000c0e   Section        2  use_no_semi.o(.text)
    .text                                    0x00000c10   Section        0  fcmpin.o(.text)
    .text                                    0x00000c74   Section        0  cmpret.o(.text)
    .text                                    0x00000ca4   Section        0  fnan2.o(.text)
    .text                                    0x00000cb4   Section       62  sys_stackheap_outer.o(.text)
    .text                                    0x00000cf2   Section        0  exit.o(.text)
    .text                                    0x00000d02   Section        0  retnan.o(.text)
    .text                                    0x00000d60   Section        8  libspace.o(.text)
    .text                                    0x00000d68   Section        0  __dczerorl2.o(.text)
    i.ADC0_IRQHandler                        0x00000dc0   Section        0  drv_adc.o(i.ADC0_IRQHandler)
    i.Car_Control                            0x00000de8   Section        0  freescalecar.o(i.Car_Control)
    i.Car_LeftVelocityPIDCalc                0x00000ed8   Section        0  freescalecar.o(i.Car_LeftVelocityPIDCalc)
    i.Car_ParaInit                           0x00001020   Section        0  freescalecar.o(i.Car_ParaInit)
    i.Car_ParaStroe                          0x00001108   Section        0  freescalecar.o(i.Car_ParaStroe)
    i.Car_RightVelocityPIDCalc               0x00001124   Section        0  freescalecar.o(i.Car_RightVelocityPIDCalc)
    i.Car_Running                            0x0000126c   Section        0  freescalecar.o(i.Car_Running)
    i.Car_TurnPIDCalc                        0x00001278   Section        0  freescalecar.o(i.Car_TurnPIDCalc)
    i.IsKeyDownPress                         0x000012d8   Section        0  bsp_key.o(i.IsKeyDownPress)
    IsKeyDownPress                           0x000012d9   Thumb Code    10  bsp_key.o(i.IsKeyDownPress)
    i.IsKeyOkPress                           0x000012e2   Section        0  bsp_key.o(i.IsKeyOkPress)
    IsKeyOkPress                             0x000012e3   Thumb Code    10  bsp_key.o(i.IsKeyOkPress)
    i.IsKeyUpPress                           0x000012ec   Section        0  bsp_key.o(i.IsKeyUpPress)
    IsKeyUpPress                             0x000012ed   Thumb Code    10  bsp_key.o(i.IsKeyUpPress)
    i.KBI0_IRQHandler                        0x000012f8   Section        0  drv_kbi.o(i.KBI0_IRQHandler)
    i.KBI1_IRQHandler                        0x0000135c   Section        0  drv_kbi.o(i.KBI1_IRQHandler)
    i.NVIC_EnableIRQ                         0x000013c0   Section        0  drv_pit.o(i.NVIC_EnableIRQ)
    NVIC_EnableIRQ                           0x000013c1   Thumb Code    14  drv_pit.o(i.NVIC_EnableIRQ)
    i.NVIC_SetPriority                       0x000013d4   Section        0  drv_pit.o(i.NVIC_SetPriority)
    NVIC_SetPriority                         0x000013d5   Thumb Code   110  drv_pit.o(i.NVIC_SetPriority)
    i.NVIC_SetPriority                       0x0000144c   Section        0  bsp_timer.o(i.NVIC_SetPriority)
    NVIC_SetPriority                         0x0000144d   Thumb Code   110  bsp_timer.o(i.NVIC_SetPriority)
    i.PIT_CH0_IRQHandler                     0x000014c4   Section        0  drv_pit.o(i.PIT_CH0_IRQHandler)
    i.PIT_CH1_IRQHandler                     0x000014f8   Section        0  drv_pit.o(i.PIT_CH1_IRQHandler)
    i.Partition                              0x0000152c   Section        0  app_sort.o(i.Partition)
    i.SysTick_Handler                        0x00001582   Section        0  bsp_timer.o(i.SysTick_Handler)
    i.SysTick_ISR                            0x0000158c   Section        0  bsp_timer.o(i.SysTick_ISR)
    i.SystemInit                             0x000015f4   Section        0  system_skeaz1284.o(i.SystemInit)
    i.UART0_IRQHandler                       0x00001670   Section        0  app_debug.o(i.UART0_IRQHandler)
    i.UART1_IRQHandler                       0x0000178c   Section        0  drv_uart.o(i.UART1_IRQHandler)
    i.UART2_IRQHandler                       0x0000178e   Section        0  drv_uart.o(i.UART2_IRQHandler)
    i._sys_exit                              0x00001790   Section        0  bsp_uart.o(i._sys_exit)
    i.bsp_Config                             0x00001798   Section        0  bsp.o(i.bsp_Config)
    i.bsp_encoder_Config                     0x000017c8   Section        0  bsp_encoder.o(i.bsp_encoder_Config)
    i.bsp_encoder_SpeedCalc                  0x0000187c   Section        0  bsp_encoder.o(i.bsp_encoder_SpeedCalc)
    i.bsp_key_Config                         0x0000192c   Section        0  bsp_key.o(i.bsp_key_Config)
    i.bsp_key_FIFOInit                       0x00001938   Section        0  bsp_key.o(i.bsp_key_FIFOInit)
    bsp_key_FIFOInit                         0x00001939   Thumb Code    88  bsp_key.o(i.bsp_key_FIFOInit)
    i.bsp_key_GPIOInit                       0x000019a4   Section        0  bsp_key.o(i.bsp_key_GPIOInit)
    bsp_key_GPIOInit                         0x000019a5   Thumb Code    44  bsp_key.o(i.bsp_key_GPIOInit)
    i.bsp_led_Config                         0x000019d0   Section        0  bsp_led.o(i.bsp_led_Config)
    i.bsp_led_OFF                            0x000019f8   Section        0  bsp_led.o(i.bsp_led_OFF)
    i.bsp_led_Toggle                         0x00001a36   Section        0  bsp_led.o(i.bsp_led_Toggle)
    i.bsp_motor_Config                       0x00001a6c   Section        0  bsp_motor.o(i.bsp_motor_Config)
    i.bsp_motor_SetPwm                       0x00001acc   Section        0  bsp_motor.o(i.bsp_motor_SetPwm)
    i.bsp_oled_Clear                         0x00001b44   Section        0  bsp_oled.o(i.bsp_oled_Clear)
    i.bsp_oled_Config                        0x00001b84   Section        0  bsp_oled.o(i.bsp_oled_Config)
    i.bsp_oled_GPIOConfig                    0x00001ca4   Section        0  bsp_oled.o(i.bsp_oled_GPIOConfig)
    i.bsp_oled_SetPos                        0x00001ce6   Section        0  bsp_oled.o(i.bsp_oled_SetPos)
    i.bsp_oled_ShowChar                      0x00001d1c   Section        0  bsp_oled.o(i.bsp_oled_ShowChar)
    i.bsp_oled_ShowString                    0x00001e4c   Section        0  bsp_oled.o(i.bsp_oled_ShowString)
    i.bsp_oled_WRByte                        0x00001e94   Section        0  bsp_oled.o(i.bsp_oled_WRByte)
    i.bsp_sensor_Calibration                 0x00001f04   Section        0  bsp_sensor.o(i.bsp_sensor_Calibration)
    i.bsp_sensor_Config                      0x00002070   Section        0  bsp_sensor.o(i.bsp_sensor_Config)
    i.bsp_sensor_DataNormalized              0x0000209c   Section        0  bsp_sensor.o(i.bsp_sensor_DataNormalized)
    i.bsp_sensor_DataProcess                 0x000020f0   Section        0  bsp_sensor.o(i.bsp_sensor_DataProcess)
    i.bsp_switch_Config                      0x000021bc   Section        0  bsp_switch.o(i.bsp_switch_Config)
    i.bsp_switch_GetValue                    0x00002232   Section        0  bsp_switch.o(i.bsp_switch_GetValue)
    i.bsp_tim_CreateHardTimer                0x00002268   Section        0  bsp_timer.o(i.bsp_tim_CreateHardTimer)
    i.bsp_tim_CreateSoftTimer                0x000022b8   Section        0  bsp_timer.o(i.bsp_tim_CreateSoftTimer)
    i.bsp_tim_DelayMs                        0x0000231c   Section        0  bsp_timer.o(i.bsp_tim_DelayMs)
    i.bsp_tim_GetRunTime                     0x00002350   Section        0  bsp_timer.o(i.bsp_tim_GetRunTime)
    i.bsp_tim_SoftConfig                     0x0000235c   Section        0  bsp_timer.o(i.bsp_tim_SoftConfig)
    i.bsp_tim_SoftDec                        0x000023e4   Section        0  bsp_timer.o(i.bsp_tim_SoftDec)
    i.bsp_uart_Config                        0x00002418   Section        0  bsp_uart.o(i.bsp_uart_Config)
    i.bsp_uart_GetUartNo                     0x00002480   Section        0  bsp_uart.o(i.bsp_uart_GetUartNo)
    i.bsp_uart_IRQHandler                    0x00002494   Section        0  bsp_uart.o(i.bsp_uart_IRQHandler)
    i.bsp_uart_ParaInit                      0x000024f4   Section        0  bsp_uart.o(i.bsp_uart_ParaInit)
    i.bsp_uart_SendDataToBuff                0x00002530   Section        0  bsp_uart.o(i.bsp_uart_SendDataToBuff)
    i.debug_CarDataReport                    0x000025a0   Section        0  app_debug.o(i.debug_CarDataReport)
    i.debug_DataProcess                      0x000025cc   Section        0  app_debug.o(i.debug_DataProcess)
    i.debug_DataUpload                       0x00002650   Section        0  app_debug.o(i.debug_DataUpload)
    i.debug_MotorDataReport                  0x000026d4   Section        0  app_debug.o(i.debug_MotorDataReport)
    i.debug_PIDDownload                      0x000027e0   Section        0  app_debug.o(i.debug_PIDDownload)
    i.debug_PIDParaReport                    0x0000293c   Section        0  app_debug.o(i.debug_PIDParaReport)
    i.debug_Response                         0x00002a58   Section        0  app_debug.o(i.debug_Response)
    i.debug_SensorDataReport                 0x00002ab0   Section        0  app_debug.o(i.debug_SensorDataReport)
    i.drv_adc_GetMultiADCResult              0x00002bcc   Section        0  drv_adc.o(i.drv_adc_GetMultiADCResult)
    i.drv_adc_Init                           0x00002bf4   Section        0  drv_adc.o(i.drv_adc_Init)
    i.drv_flash_EraseSector                  0x00002d40   Section        0  drv_flash.o(i.drv_flash_EraseSector)
    i.drv_flash_Init                         0x00002d70   Section        0  drv_flash.o(i.drv_flash_Init)
    i.drv_flash_StartCmd                     0x00002db4   Section        0  drv_flash.o(i.drv_flash_StartCmd)
    i.drv_flash_WriteSector                  0x00002df0   Section        0  drv_flash.o(i.drv_flash_WriteSector)
    i.drv_ftm_PWMInit                        0x00002e5c   Section        0  drv_ftm.o(i.drv_ftm_PWMInit)
    i.drv_ftm_PWMSetDuty                     0x00002ff8   Section        0  drv_ftm.o(i.drv_ftm_PWMSetDuty)
    i.drv_gpio_Init                          0x0000304c   Section        0  drv_gpio.o(i.drv_gpio_Init)
    i.drv_gpio_PullCmd                       0x00003224   Section        0  drv_gpio.o(i.drv_gpio_PullCmd)
    i.drv_gpio_ReadPin                       0x000032f4   Section        0  drv_gpio.o(i.drv_gpio_ReadPin)
    i.drv_gpio_TogglePin                     0x0000331c   Section        0  drv_gpio.o(i.drv_gpio_TogglePin)
    i.drv_gpio_WritePin                      0x00003348   Section        0  drv_gpio.o(i.drv_gpio_WritePin)
    i.drv_pit_Init                           0x00003390   Section        0  drv_pit.o(i.drv_pit_Init)
    i.drv_rcc_ClockCmd                       0x0000348c   Section        0  drv_rcc.o(i.drv_rcc_ClockCmd)
    i.drv_uart_Cmd                           0x000034ac   Section        0  drv_uart.o(i.drv_uart_Cmd)
    i.drv_uart_Init                          0x000034f4   Section        0  drv_uart.o(i.drv_uart_Init)
    i.drv_uart_SelectChannle                 0x000035ac   Section        0  drv_uart.o(i.drv_uart_SelectChannle)
    i.filter_SildingAverage                  0x00003614   Section        0  app_filter.o(i.filter_SildingAverage)
    i.main                                   0x00003644   Section        0  main.o(i.main)
    i.pid_StorePara                          0x000036ac   Section        0  app_pid.o(i.pid_StorePara)
    i.sort_QuickSort                         0x000036c8   Section        0  app_sort.o(i.sort_QuickSort)
    x$fpl$fadd                               0x000036f8   Section      140  faddsub.o(x$fpl$fadd)
    _fadd1                                   0x00003705   Thumb Code     0  faddsub.o(x$fpl$fadd)
    x$fpl$fleqf                              0x00003784   Section       84  flef.o(x$fpl$fleqf)
    x$fpl$fmul                               0x000037d8   Section      176  fmul.o(x$fpl$fmul)
    x$fpl$frleqf                             0x00003888   Section       88  frlef.o(x$fpl$frleqf)
    x$fpl$fsub                               0x000038e0   Section      208  faddsub.o(x$fpl$fsub)
    _fsub1                                   0x000038ed   Thumb Code     0  faddsub.o(x$fpl$fsub)
    .constdata                               0x000039b0   Section       12  drv_gpio.o(.constdata)
    x$fpl$usenofp                            0x000039b0   Section        0  usenofp.o(x$fpl$usenofp)
    GPIOX                                    0x000039b0   Data          12  drv_gpio.o(.constdata)
    .constdata                               0x000039bc   Section       12  drv_ftm.o(.constdata)
    FTMX                                     0x000039bc   Data          12  drv_ftm.o(.constdata)
    .constdata                               0x000039c8   Section     2168  bsp_oled.o(.constdata)
    .constdata                               0x00004240   Section       64  fdiv.o(.constdata)
    fdiv_tab                                 0x00004240   Data          64  fdiv.o(.constdata)
    .data                                    0x1ffff000   Section       30  freescalecar.o(.data)
    FRONT_SIZE                               0x1ffff000   Data           1  freescalecar.o(.data)
    LastError                                0x1ffff004   Data           4  freescalecar.o(.data)
    SpeedFilter                              0x1ffff008   Data           4  freescalecar.o(.data)
    SpeedIntegal                             0x1ffff00c   Data           4  freescalecar.o(.data)
    PreSpeedError                            0x1ffff010   Data           2  freescalecar.o(.data)
    SpeedFilter                              0x1ffff014   Data           4  freescalecar.o(.data)
    SpeedIntegal                             0x1ffff018   Data           4  freescalecar.o(.data)
    PreSpeedError                            0x1ffff01c   Data           2  freescalecar.o(.data)
    .data                                    0x1ffff020   Section       12  system_skeaz1284.o(.data)
    .data                                    0x1ffff02c   Section        8  drv_pit.o(.data)
    PIT_Handler                              0x1ffff02c   Data           8  drv_pit.o(.data)
    .data                                    0x1ffff034   Section        1  drv_adc.o(.data)
    ADC_Count                                0x1ffff034   Data           1  drv_adc.o(.data)
    .data                                    0x1ffff036   Section        6  drv_ftm.o(.data)
    .data                                    0x1ffff03c   Section       20  drv_flash.o(.data)
    .data                                    0x1ffff050   Section        5  drv_kbi.o(.data)
    KBI_UsedCount                            0x1ffff050   Data           1  drv_kbi.o(.data)
    KBI0_IRQ_Init                            0x1ffff051   Data           1  drv_kbi.o(.data)
    KBI1_IRQ_Init                            0x1ffff052   Data           1  drv_kbi.o(.data)
    KBI0_Clock_Init                          0x1ffff053   Data           1  drv_kbi.o(.data)
    KBI1_Clock_Init                          0x1ffff054   Data           1  drv_kbi.o(.data)
    .data                                    0x1ffff055   Section        2  bsp.o(.data)
    FRONT_SIZE                               0x1ffff055   Data           1  bsp.o(.data)
    .data                                    0x1ffff058   Section       12  bsp_timer.o(.data)
    s_uiDelayCount                           0x1ffff058   Data           4  bsp_timer.o(.data)
    s_ucTimeOutFlag                          0x1ffff05c   Data           1  bsp_timer.o(.data)
    .data                                    0x1ffff064   Section     3421  bsp_oled.o(.data)
    FRONT_SIZE                               0x1ffff064   Data           1  bsp_oled.o(.data)
    .data                                    0x1ffffdc4   Section       16  bsp_encoder.o(.data)
    FRONT_SIZE                               0x1ffffdc4   Data           1  bsp_encoder.o(.data)
    LastLeftEncoder                          0x1ffffdc8   Data           4  bsp_encoder.o(.data)
    LastRightEncoder                         0x1ffffdcc   Data           4  bsp_encoder.o(.data)
    LastTime                                 0x1ffffdd0   Data           4  bsp_encoder.o(.data)
    .data                                    0x1ffffdd4   Section        3  app_debug.o(.data)
    FRONT_SIZE                               0x1ffffdd4   Data           1  app_debug.o(.data)
    uCnt                                     0x1ffffdd6   Data           1  app_debug.o(.data)
    .bss                                     0x1ffffdd8   Section      212  freescalecar.o(.bss)
    .bss                                     0x1ffffeac   Section      144  drv_adc.o(.bss)
    ADC_Result                               0x1ffffeac   Data          48  drv_adc.o(.bss)
    ADC_Order                                0x1ffffedc   Data          96  drv_adc.o(.bss)
    .bss                                     0x1fffff3c   Section      696  drv_kbi.o(.bss)
    .bss                                     0x200001f4   Section      552  bsp_uart.o(.bss)
    UartTxBuff                               0x2000021c   Data         256  bsp_uart.o(.bss)
    UartRxBuff                               0x2000031c   Data         256  bsp_uart.o(.bss)
    .bss                                     0x2000041c   Section      136  bsp_timer.o(.bss)
    .bss                                     0x200004a4   Section       52  bsp_key.o(.bss)
    bsp_key_fifo                             0x200004a4   Data          13  bsp_key.o(.bss)
    bsp_key                                  0x200004b4   Data          36  bsp_key.o(.bss)
    .bss                                     0x200004d8   Section      512  app_debug.o(.bss)
    .bss                                     0x200006d8   Section       96  libspace.o(.bss)
    HEAP                                     0x20000738   Section        0  startup_skeaz1284.o(HEAP)
    STACK                                    0x20000738   Section      256  startup_skeaz1284.o(STACK)
    Heap_Mem                                 0x20000738   Data           0  startup_skeaz1284.o(HEAP)
    Stack_Mem                                0x20000738   Data         256  startup_skeaz1284.o(STACK)
    __initial_sp                             0x20000838   Data           0  startup_skeaz1284.o(STACK)

    Global Symbols

    Symbol Name                              Value     Ov Type        Size  Object(Section)

    BuildAttributes$$THM_ISAv3M$S$PE$A:L22$X:L11$S22$IEEE1$IW$USESV6$~STKCKD$USESV7$~SHL$OTIME$ROPI$IEEEJ$EBA8$UX$STANDARDLIB$REQ8$PRES8$EABIv2 0x00000000   Number         0  anon$$obj.o ABSOLUTE
    __ARM_use_no_argv                        0x00000000   Number         0  main.o ABSOLUTE
    __Vectors                                0x00000000   Data           4  startup_skeaz1284.o(RESET)
    _printf_flags                            0x00000000   Number         0  printf_stubs.o ABSOLUTE
    _printf_return_value                     0x00000000   Number         0  printf_stubs.o ABSOLUTE
    _printf_sizespec                         0x00000000   Number         0  printf_stubs.o ABSOLUTE
    _printf_widthprec                        0x00000000   Number         0  printf_stubs.o ABSOLUTE
    __ARM_exceptions_init                     - Undefined Weak Reference
    __alloca_initialize                       - Undefined Weak Reference
    __arm_preinit_                            - Undefined Weak Reference
    __cpp_initialize__aeabi_                  - Undefined Weak Reference
    __cxa_finalize                            - Undefined Weak Reference
    __sigvec_lookup                           - Undefined Weak Reference
    _atexit_init                              - Undefined Weak Reference
    _call_atexit_fns                          - Undefined Weak Reference
    _clock_init                               - Undefined Weak Reference
    _fp_trap_init                             - Undefined Weak Reference
    _fp_trap_shutdown                         - Undefined Weak Reference
    _get_lc_collate                           - Undefined Weak Reference
    _get_lc_monetary                          - Undefined Weak Reference
    _get_lc_time                              - Undefined Weak Reference
    _getenv_init                              - Undefined Weak Reference
    _handle_redirection                       - Undefined Weak Reference
    _init_alloc                               - Undefined Weak Reference
    _init_user_alloc                          - Undefined Weak Reference
    _initio                                   - Undefined Weak Reference
    _printf_fp_hex                            - Undefined Weak Reference
    _printf_mbtowc                            - Undefined Weak Reference
    _printf_wc                                - Undefined Weak Reference
    _rand_init                                - Undefined Weak Reference
    _signal_finish                            - Undefined Weak Reference
    _signal_init                              - Undefined Weak Reference
    _terminate_alloc                          - Undefined Weak Reference
    _terminate_user_alloc                     - Undefined Weak Reference
    _terminateio                              - Undefined Weak Reference
    __Vectors_End                            0x000000c0   Data           0  startup_skeaz1284.o(RESET)
    __Vectors_Size                           0x000000c0   Number         0  startup_skeaz1284.o ABSOLUTE
    __main                                   0x000000c1   Thumb Code     8  __main.o(!!!main)
    __scatterload                            0x000000c9   Thumb Code     0  __scatter.o(!!!scatter)
    __scatterload_rt2                        0x000000c9   Thumb Code    52  __scatter.o(!!!scatter)
    __scatterload_rt2_thumb_only             0x000000c9   Thumb Code     0  __scatter.o(!!!scatter)
    __scatterload_null                       0x000000d9   Thumb Code     0  __scatter.o(!!!scatter)
    __scatterload_zeroinit                   0x00000105   Thumb Code    28  __scatter_zi.o(!!handler_zi)
    __rt_lib_init                            0x00000121   Thumb Code     0  libinit.o(.ARM.Collect$$libinit$$00000000)
    __rt_lib_init_alloca_1                   0x00000123   Thumb Code     0  libinit2.o(.ARM.Collect$$libinit$$0000002E)
    __rt_lib_init_argv_1                     0x00000123   Thumb Code     0  libinit2.o(.ARM.Collect$$libinit$$0000002C)
    __rt_lib_init_atexit_1                   0x00000123   Thumb Code     0  libinit2.o(.ARM.Collect$$libinit$$0000001B)
    __rt_lib_init_clock_1                    0x00000123   Thumb Code     0  libinit2.o(.ARM.Collect$$libinit$$00000021)
    __rt_lib_init_cpp_1                      0x00000123   Thumb Code     0  libinit2.o(.ARM.Collect$$libinit$$00000032)
    __rt_lib_init_exceptions_1               0x00000123   Thumb Code     0  libinit2.o(.ARM.Collect$$libinit$$00000030)
    __rt_lib_init_fp_1                       0x00000123   Thumb Code     0  libinit2.o(.ARM.Collect$$libinit$$00000002)
    __rt_lib_init_fp_trap_1                  0x00000123   Thumb Code     0  libinit2.o(.ARM.Collect$$libinit$$0000001F)
    __rt_lib_init_getenv_1                   0x00000123   Thumb Code     0  libinit2.o(.ARM.Collect$$libinit$$00000023)
    __rt_lib_init_heap_1                     0x00000123   Thumb Code     0  libinit2.o(.ARM.Collect$$libinit$$0000000A)
    __rt_lib_init_lc_collate_1               0x00000123   Thumb Code     0  libinit2.o(.ARM.Collect$$libinit$$00000011)
    __rt_lib_init_lc_ctype_1                 0x00000123   Thumb Code     0  libinit2.o(.ARM.Collect$$libinit$$00000013)
    __rt_lib_init_lc_monetary_1              0x00000123   Thumb Code     0  libinit2.o(.ARM.Collect$$libinit$$00000015)
    __rt_lib_init_lc_numeric_1               0x00000123   Thumb Code     0  libinit2.o(.ARM.Collect$$libinit$$00000017)
    __rt_lib_init_lc_time_1                  0x00000123   Thumb Code     0  libinit2.o(.ARM.Collect$$libinit$$00000019)
    __rt_lib_init_preinit_1                  0x00000123   Thumb Code     0  libinit2.o(.ARM.Collect$$libinit$$00000004)
    __rt_lib_init_rand_1                     0x00000123   Thumb Code     0  libinit2.o(.ARM.Collect$$libinit$$0000000E)
    __rt_lib_init_return                     0x00000123   Thumb Code     0  libinit2.o(.ARM.Collect$$libinit$$00000033)
    __rt_lib_init_signal_1                   0x00000123   Thumb Code     0  libinit2.o(.ARM.Collect$$libinit$$0000001D)
    __rt_lib_init_stdio_1                    0x00000123   Thumb Code     0  libinit2.o(.ARM.Collect$$libinit$$00000025)
    __rt_lib_init_user_alloc_1               0x00000123   Thumb Code     0  libinit2.o(.ARM.Collect$$libinit$$0000000C)
    __rt_lib_shutdown                        0x00000125   Thumb Code     0  libshutdown.o(.ARM.Collect$$libshutdown$$00000000)
    __rt_lib_shutdown_cpp_1                  0x00000127   Thumb Code     0  libshutdown2.o(.ARM.Collect$$libshutdown$$00000002)
    __rt_lib_shutdown_fp_trap_1              0x00000127   Thumb Code     0  libshutdown2.o(.ARM.Collect$$libshutdown$$00000007)
    __rt_lib_shutdown_heap_1                 0x00000127   Thumb Code     0  libshutdown2.o(.ARM.Collect$$libshutdown$$0000000F)
    __rt_lib_shutdown_return                 0x00000127   Thumb Code     0  libshutdown2.o(.ARM.Collect$$libshutdown$$00000010)
    __rt_lib_shutdown_signal_1               0x00000127   Thumb Code     0  libshutdown2.o(.ARM.Collect$$libshutdown$$0000000A)
    __rt_lib_shutdown_stdio_1                0x00000127   Thumb Code     0  libshutdown2.o(.ARM.Collect$$libshutdown$$00000004)
    __rt_lib_shutdown_user_alloc_1           0x00000127   Thumb Code     0  libshutdown2.o(.ARM.Collect$$libshutdown$$0000000C)
    __rt_entry                               0x00000129   Thumb Code     0  __rtentry.o(.ARM.Collect$$rtentry$$00000000)
    __rt_entry_presh_1                       0x00000129   Thumb Code     0  __rtentry2.o(.ARM.Collect$$rtentry$$00000002)
    __rt_entry_sh                            0x00000129   Thumb Code     0  __rtentry4.o(.ARM.Collect$$rtentry$$00000004)
    __rt_entry_li                            0x0000012f   Thumb Code     0  __rtentry2.o(.ARM.Collect$$rtentry$$0000000A)
    __rt_entry_postsh_1                      0x0000012f   Thumb Code     0  __rtentry2.o(.ARM.Collect$$rtentry$$00000009)
    __rt_entry_main                          0x00000133   Thumb Code     0  __rtentry2.o(.ARM.Collect$$rtentry$$0000000D)
    __rt_entry_postli_1                      0x00000133   Thumb Code     0  __rtentry2.o(.ARM.Collect$$rtentry$$0000000C)
    __rt_exit                                0x0000013b   Thumb Code     0  rtexit.o(.ARM.Collect$$rtexit$$00000000)
    __rt_exit_ls                             0x0000013d   Thumb Code     0  rtexit2.o(.ARM.Collect$$rtexit$$00000003)
    __rt_exit_prels_1                        0x0000013d   Thumb Code     0  rtexit2.o(.ARM.Collect$$rtexit$$00000002)
    __rt_exit_exit                           0x00000141   Thumb Code     0  rtexit2.o(.ARM.Collect$$rtexit$$00000004)
    init_data_bss                            0x00000149   Thumb Code     2  startup_skeaz1284.o(.text)
    Reset_Handler                            0x0000014b   Thumb Code    12  startup_skeaz1284.o(.text)
    NMI_Handler                              0x00000157   Thumb Code     2  startup_skeaz1284.o(.text)
    HardFault_Handler                        0x00000159   Thumb Code     2  startup_skeaz1284.o(.text)
    SVC_Handler                              0x0000015b   Thumb Code     2  startup_skeaz1284.o(.text)
    PendSV_Handler                           0x0000015d   Thumb Code     2  startup_skeaz1284.o(.text)
    ACMP0_IRQHandler                         0x00000161   Thumb Code     0  startup_skeaz1284.o(.text)
    ACMP1_IRQHandler                         0x00000161   Thumb Code     0  startup_skeaz1284.o(.text)
    DefaultISR                               0x00000161   Thumb Code     0  startup_skeaz1284.o(.text)
    FTM0_IRQHandler                          0x00000161   Thumb Code     0  startup_skeaz1284.o(.text)
    FTM1_IRQHandler                          0x00000161   Thumb Code     0  startup_skeaz1284.o(.text)
    FTM2_IRQHandler                          0x00000161   Thumb Code     0  startup_skeaz1284.o(.text)
    FTMRE_IRQHandler                         0x00000161   Thumb Code     0  startup_skeaz1284.o(.text)
    I2C0_IRQHandler                          0x00000161   Thumb Code     0  startup_skeaz1284.o(.text)
    I2C1_IRQHandler                          0x00000161   Thumb Code     0  startup_skeaz1284.o(.text)
    ICS_IRQHandler                           0x00000161   Thumb Code     0  startup_skeaz1284.o(.text)
    IRQ_IRQHandler                           0x00000161   Thumb Code     0  startup_skeaz1284.o(.text)
    LVD_LVW_IRQHandler                       0x00000161   Thumb Code     0  startup_skeaz1284.o(.text)
    MSCAN_RX_IRQHandler                      0x00000161   Thumb Code     0  startup_skeaz1284.o(.text)
    MSCAN_TX_IRQHandler                      0x00000161   Thumb Code     0  startup_skeaz1284.o(.text)
    PWT_IRQHandler                           0x00000161   Thumb Code     0  startup_skeaz1284.o(.text)
    RTC_IRQHandler                           0x00000161   Thumb Code     0  startup_skeaz1284.o(.text)
    Reserved16_IRQHandler                    0x00000161   Thumb Code     0  startup_skeaz1284.o(.text)
    Reserved17_IRQHandler                    0x00000161   Thumb Code     0  startup_skeaz1284.o(.text)
    Reserved18_IRQHandler                    0x00000161   Thumb Code     0  startup_skeaz1284.o(.text)
    Reserved19_IRQHandler                    0x00000161   Thumb Code     0  startup_skeaz1284.o(.text)
    Reserved20_IRQHandler                    0x00000161   Thumb Code     0  startup_skeaz1284.o(.text)
    Reserved42_IRQHandler                    0x00000161   Thumb Code     0  startup_skeaz1284.o(.text)
    SPI0_IRQHandler                          0x00000161   Thumb Code     0  startup_skeaz1284.o(.text)
    SPI1_IRQHandler                          0x00000161   Thumb Code     0  startup_skeaz1284.o(.text)
    Watchdog_IRQHandler                      0x00000161   Thumb Code     0  startup_skeaz1284.o(.text)
    __user_initial_stackheap                 0x00000165   Thumb Code     0  startup_skeaz1284.o(.text)
    __use_no_semihosting                     0x00000189   Thumb Code     2  use_no_semi_2.o(.text)
    _memset_w                                0x0000018b   Thumb Code    26  rt_memclr.o(.text)
    _memset                                  0x000001a5   Thumb Code    30  rt_memclr.o(.text)
    __aeabi_memclr                           0x000001c3   Thumb Code     4  rt_memclr.o(.text)
    __rt_memclr                              0x000001c3   Thumb Code     0  rt_memclr.o(.text)
    __aeabi_memclr4                          0x000001c7   Thumb Code     0  rt_memclr.o(.text)
    __aeabi_memclr8                          0x000001c7   Thumb Code     0  rt_memclr.o(.text)
    __rt_memclr_w                            0x000001c7   Thumb Code     4  rt_memclr.o(.text)
    __aeabi_uidiv                            0x000001cb   Thumb Code     0  aeabi_sdiv.o(.text)
    __aeabi_uidivmod                         0x000001cb   Thumb Code    20  aeabi_sdiv.o(.text)
    __aeabi_idiv                             0x000001df   Thumb Code     0  aeabi_sdiv.o(.text)
    __aeabi_idivmod                          0x000001df   Thumb Code   326  aeabi_sdiv.o(.text)
    __use_two_region_memory                  0x00000325   Thumb Code     2  heapauxi.o(.text)
    __rt_heap_escrow$2region                 0x00000327   Thumb Code     2  heapauxi.o(.text)
    __rt_heap_expand$2region                 0x00000329   Thumb Code     2  heapauxi.o(.text)
    __aeabi_d2f                              0x0000032d   Thumb Code     0  d2f.o(.text)
    _d2f                                     0x0000032d   Thumb Code   120  d2f.o(.text)
    __aeabi_i2d_normalise                    0x000003a9   Thumb Code    66  dflti.o(.text)
    __aeabi_i2d                              0x000003eb   Thumb Code    16  dflti.o(.text)
    _dflt                                    0x000003eb   Thumb Code     0  dflti.o(.text)
    __aeabi_ui2d                             0x000003fb   Thumb Code     6  dflti.o(.text)
    _dfltu                                   0x000003fb   Thumb Code     0  dflti.o(.text)
    __aeabi_dadd                             0x00000709   Thumb Code     0  daddsub.o(.text)
    _dadd                                    0x00000709   Thumb Code    26  daddsub.o(.text)
    __aeabi_dsub                             0x00000723   Thumb Code     0  daddsub.o(.text)
    _dsub                                    0x00000723   Thumb Code    22  daddsub.o(.text)
    __aeabi_drsub                            0x00000739   Thumb Code     0  daddsub.o(.text)
    _drsb                                    0x00000739   Thumb Code    28  daddsub.o(.text)
    __aeabi_dmul                             0x00000769   Thumb Code     0  dmul.o(.text)
    _dmul                                    0x00000769   Thumb Code   558  dmul.o(.text)
    __aeabi_f2d                              0x000009b1   Thumb Code     0  f2d.o(.text)
    _f2d                                     0x000009b1   Thumb Code    80  f2d.o(.text)
    __aeabi_fdiv                             0x00000a05   Thumb Code     0  fdiv.o(.text)
    _fdiv                                    0x00000a05   Thumb Code   334  fdiv.o(.text)
    _frdiv                                   0x00000b53   Thumb Code     8  fdiv.o(.text)
    __aeabi_f2iz                             0x00000b65   Thumb Code     0  ffixi.o(.text)
    _ffix                                    0x00000b65   Thumb Code    76  ffixi.o(.text)
    __aeabi_i2f_normalise                    0x00000bb1   Thumb Code    72  fflti.o(.text)
    __aeabi_i2f                              0x00000bf9   Thumb Code    16  fflti.o(.text)
    _fflt                                    0x00000bf9   Thumb Code     0  fflti.o(.text)
    __aeabi_ui2f                             0x00000c09   Thumb Code     6  fflti.o(.text)
    _ffltu                                   0x00000c09   Thumb Code     0  fflti.o(.text)
    __I$use$semihosting                      0x00000c0f   Thumb Code     0  use_no_semi.o(.text)
    __use_no_semihosting_swi                 0x00000c0f   Thumb Code     2  use_no_semi.o(.text)
    __fpl_fcmp_InfNaN                        0x00000c11   Thumb Code    96  fcmpin.o(.text)
    __fpl_cmpreturn                          0x00000c75   Thumb Code    46  cmpret.o(.text)
    __fpl_fcheck_NaN2                        0x00000ca5   Thumb Code    10  fnan2.o(.text)
    __user_setup_stackheap                   0x00000cb5   Thumb Code    62  sys_stackheap_outer.o(.text)
    exit                                     0x00000cf3   Thumb Code    16  exit.o(.text)
    __fpl_return_NaN                         0x00000d03   Thumb Code    94  retnan.o(.text)
    __user_libspace                          0x00000d61   Thumb Code     8  libspace.o(.text)
    __user_perproc_libspace                  0x00000d61   Thumb Code     0  libspace.o(.text)
    __user_perthread_libspace                0x00000d61   Thumb Code     0  libspace.o(.text)
    __decompress                             0x00000d69   Thumb Code     0  __dczerorl2.o(.text)
    __decompress1                            0x00000d69   Thumb Code    86  __dczerorl2.o(.text)
    ADC0_IRQHandler                          0x00000dc1   Thumb Code    28  drv_adc.o(i.ADC0_IRQHandler)
    Car_Control                              0x00000de9   Thumb Code   234  freescalecar.o(i.Car_Control)
    Car_LeftVelocityPIDCalc                  0x00000ed9   Thumb Code   292  freescalecar.o(i.Car_LeftVelocityPIDCalc)
    Car_ParaInit                             0x00001021   Thumb Code   228  freescalecar.o(i.Car_ParaInit)
    Car_ParaStroe                            0x00001109   Thumb Code    22  freescalecar.o(i.Car_ParaStroe)
    Car_RightVelocityPIDCalc                 0x00001125   Thumb Code   292  freescalecar.o(i.Car_RightVelocityPIDCalc)
    Car_Running                              0x0000126d   Thumb Code    10  freescalecar.o(i.Car_Running)
    Car_TurnPIDCalc                          0x00001279   Thumb Code    82  freescalecar.o(i.Car_TurnPIDCalc)
    KBI0_IRQHandler                          0x000012f9   Thumb Code    86  drv_kbi.o(i.KBI0_IRQHandler)
    KBI1_IRQHandler                          0x0000135d   Thumb Code    86  drv_kbi.o(i.KBI1_IRQHandler)
    PIT_CH0_IRQHandler                       0x000014c5   Thumb Code    42  drv_pit.o(i.PIT_CH0_IRQHandler)
    PIT_CH1_IRQHandler                       0x000014f9   Thumb Code    42  drv_pit.o(i.PIT_CH1_IRQHandler)
    Partition                                0x0000152d   Thumb Code    86  app_sort.o(i.Partition)
    SysTick_Handler                          0x00001583   Thumb Code     8  bsp_timer.o(i.SysTick_Handler)
    SysTick_ISR                              0x0000158d   Thumb Code    84  bsp_timer.o(i.SysTick_ISR)
    SystemInit                               0x000015f5   Thumb Code    90  system_skeaz1284.o(i.SystemInit)
    UART0_IRQHandler                         0x00001671   Thumb Code   264  app_debug.o(i.UART0_IRQHandler)
    UART1_IRQHandler                         0x0000178d   Thumb Code     2  drv_uart.o(i.UART1_IRQHandler)
    UART2_IRQHandler                         0x0000178f   Thumb Code     2  drv_uart.o(i.UART2_IRQHandler)
    _sys_exit                                0x00001791   Thumb Code     8  bsp_uart.o(i._sys_exit)
    bsp_Config                               0x00001799   Thumb Code    46  bsp.o(i.bsp_Config)
    bsp_encoder_Config                       0x000017c9   Thumb Code   166  bsp_encoder.o(i.bsp_encoder_Config)
    bsp_encoder_SpeedCalc                    0x0000187d   Thumb Code   160  bsp_encoder.o(i.bsp_encoder_SpeedCalc)
    bsp_key_Config                           0x0000192d   Thumb Code    12  bsp_key.o(i.bsp_key_Config)
    bsp_led_Config                           0x000019d1   Thumb Code    40  bsp_led.o(i.bsp_led_Config)
    bsp_led_OFF                              0x000019f9   Thumb Code    62  bsp_led.o(i.bsp_led_OFF)
    bsp_led_Toggle                           0x00001a37   Thumb Code    54  bsp_led.o(i.bsp_led_Toggle)
    bsp_motor_Config                         0x00001a6d   Thumb Code    88  bsp_motor.o(i.bsp_motor_Config)
    bsp_motor_SetPwm                         0x00001acd   Thumb Code   112  bsp_motor.o(i.bsp_motor_SetPwm)
    bsp_oled_Clear                           0x00001b45   Thumb Code    64  bsp_oled.o(i.bsp_oled_Clear)
    bsp_oled_Config                          0x00001b85   Thumb Code   288  bsp_oled.o(i.bsp_oled_Config)
    bsp_oled_GPIOConfig                      0x00001ca5   Thumb Code    66  bsp_oled.o(i.bsp_oled_GPIOConfig)
    bsp_oled_SetPos                          0x00001ce7   Thumb Code    52  bsp_oled.o(i.bsp_oled_SetPos)
    bsp_oled_ShowChar                        0x00001d1d   Thumb Code   286  bsp_oled.o(i.bsp_oled_ShowChar)
    bsp_oled_ShowString                      0x00001e4d   Thumb Code    66  bsp_oled.o(i.bsp_oled_ShowString)
    bsp_oled_WRByte                          0x00001e95   Thumb Code   112  bsp_oled.o(i.bsp_oled_WRByte)
    bsp_sensor_Calibration                   0x00001f05   Thumb Code   324  bsp_sensor.o(i.bsp_sensor_Calibration)
    bsp_sensor_Config                        0x00002071   Thumb Code    42  bsp_sensor.o(i.bsp_sensor_Config)
    bsp_sensor_DataNormalized                0x0000209d   Thumb Code    78  bsp_sensor.o(i.bsp_sensor_DataNormalized)
    bsp_sensor_DataProcess                   0x000020f1   Thumb Code   198  bsp_sensor.o(i.bsp_sensor_DataProcess)
    bsp_switch_Config                        0x000021bd   Thumb Code   118  bsp_switch.o(i.bsp_switch_Config)
    bsp_switch_GetValue                      0x00002233   Thumb Code    52  bsp_switch.o(i.bsp_switch_GetValue)
    bsp_tim_CreateHardTimer                  0x00002269   Thumb Code    74  bsp_timer.o(i.bsp_tim_CreateHardTimer)
    bsp_tim_CreateSoftTimer                  0x000022b9   Thumb Code    94  bsp_timer.o(i.bsp_tim_CreateSoftTimer)
    bsp_tim_DelayMs                          0x0000231d   Thumb Code    42  bsp_timer.o(i.bsp_tim_DelayMs)
    bsp_tim_GetRunTime                       0x00002351   Thumb Code     6  bsp_timer.o(i.bsp_tim_GetRunTime)
    bsp_tim_SoftConfig                       0x0000235d   Thumb Code   118  bsp_timer.o(i.bsp_tim_SoftConfig)
    bsp_tim_SoftDec                          0x000023e5   Thumb Code    50  bsp_timer.o(i.bsp_tim_SoftDec)
    bsp_uart_Config                          0x00002419   Thumb Code    92  bsp_uart.o(i.bsp_uart_Config)
    bsp_uart_GetUartNo                       0x00002481   Thumb Code    14  bsp_uart.o(i.bsp_uart_GetUartNo)
    bsp_uart_IRQHandler                      0x00002495   Thumb Code    96  bsp_uart.o(i.bsp_uart_IRQHandler)
    bsp_uart_ParaInit                        0x000024f5   Thumb Code    42  bsp_uart.o(i.bsp_uart_ParaInit)
    bsp_uart_SendDataToBuff                  0x00002531   Thumb Code   110  bsp_uart.o(i.bsp_uart_SendDataToBuff)
    debug_CarDataReport                      0x000025a1   Thumb Code    40  app_debug.o(i.debug_CarDataReport)
    debug_DataProcess                        0x000025cd   Thumb Code   126  app_debug.o(i.debug_DataProcess)
    debug_DataUpload                         0x00002651   Thumb Code   130  app_debug.o(i.debug_DataUpload)
    debug_MotorDataReport                    0x000026d5   Thumb Code   264  app_debug.o(i.debug_MotorDataReport)
    debug_PIDDownload                        0x000027e1   Thumb Code   328  app_debug.o(i.debug_PIDDownload)
    debug_PIDParaReport                      0x0000293d   Thumb Code   276  app_debug.o(i.debug_PIDParaReport)
    debug_Response                           0x00002a59   Thumb Code    82  app_debug.o(i.debug_Response)
    debug_SensorDataReport                   0x00002ab1   Thumb Code   272  app_debug.o(i.debug_SensorDataReport)
    drv_adc_GetMultiADCResult                0x00002bcd   Thumb Code    30  drv_adc.o(i.drv_adc_GetMultiADCResult)
    drv_adc_Init                             0x00002bf5   Thumb Code   316  drv_adc.o(i.drv_adc_Init)
    drv_flash_EraseSector                    0x00002d41   Thumb Code    42  drv_flash.o(i.drv_flash_EraseSector)
    drv_flash_Init                           0x00002d71   Thumb Code    56  drv_flash.o(i.drv_flash_Init)
    drv_flash_StartCmd                       0x00002db5   Thumb Code    46  drv_flash.o(i.drv_flash_StartCmd)
    drv_flash_WriteSector                    0x00002df1   Thumb Code   102  drv_flash.o(i.drv_flash_WriteSector)
    drv_ftm_PWMInit                          0x00002e5d   Thumb Code   396  drv_ftm.o(i.drv_ftm_PWMInit)
    drv_ftm_PWMSetDuty                       0x00002ff9   Thumb Code    74  drv_ftm.o(i.drv_ftm_PWMSetDuty)
    drv_gpio_Init                            0x0000304d   Thumb Code   458  drv_gpio.o(i.drv_gpio_Init)
    drv_gpio_PullCmd                         0x00003225   Thumb Code   196  drv_gpio.o(i.drv_gpio_PullCmd)
    drv_gpio_ReadPin                         0x000032f5   Thumb Code    34  drv_gpio.o(i.drv_gpio_ReadPin)
    drv_gpio_TogglePin                       0x0000331d   Thumb Code    38  drv_gpio.o(i.drv_gpio_TogglePin)
    drv_gpio_WritePin                        0x00003349   Thumb Code    68  drv_gpio.o(i.drv_gpio_WritePin)
    drv_pit_Init                             0x00003391   Thumb Code   234  drv_pit.o(i.drv_pit_Init)
    drv_rcc_ClockCmd                         0x0000348d   Thumb Code    28  drv_rcc.o(i.drv_rcc_ClockCmd)
    drv_uart_Cmd                             0x000034ad   Thumb Code    60  drv_uart.o(i.drv_uart_Cmd)
    drv_uart_Init                            0x000034f5   Thumb Code   164  drv_uart.o(i.drv_uart_Init)
    drv_uart_SelectChannle                   0x000035ad   Thumb Code    84  drv_uart.o(i.drv_uart_SelectChannle)
    filter_SildingAverage                    0x00003615   Thumb Code    46  app_filter.o(i.filter_SildingAverage)
    main                                     0x00003645   Thumb Code    86  main.o(i.main)
    pid_StorePara                            0x000036ad   Thumb Code    22  app_pid.o(i.pid_StorePara)
    sort_QuickSort                           0x000036c9   Thumb Code    48  app_sort.o(i.sort_QuickSort)
    __aeabi_fadd                             0x000036f9   Thumb Code     0  faddsub.o(x$fpl$fadd)
    _fadd                                    0x000036f9   Thumb Code   134  faddsub.o(x$fpl$fadd)
    __aeabi_cfcmple                          0x00003785   Thumb Code     0  flef.o(x$fpl$fleqf)
    _fcmple                                  0x00003785   Thumb Code    78  flef.o(x$fpl$fleqf)
    __aeabi_fmul                             0x000037d9   Thumb Code     0  fmul.o(x$fpl$fmul)
    _fmul                                    0x000037d9   Thumb Code   172  fmul.o(x$fpl$fmul)
    __aeabi_cfrcmple                         0x00003889   Thumb Code     0  frlef.o(x$fpl$frleqf)
    _frcmple                                 0x00003889   Thumb Code    84  frlef.o(x$fpl$frleqf)
    __aeabi_fsub                             0x000038e1   Thumb Code     0  faddsub.o(x$fpl$fsub)
    _fsub                                    0x000038e1   Thumb Code   204  faddsub.o(x$fpl$fsub)
    __I$use$fp                               0x000039b0   Number         0  usenofp.o(x$fpl$usenofp)
    F6x8                                     0x000039c8   Data         552  bsp_oled.o(.constdata)
    F8X16                                    0x00003bf0   Data        1520  bsp_oled.o(.constdata)
    OLED_Font12                              0x000041e0   Data          96  bsp_oled.o(.constdata)
    Region$$Table$$Base                      0x00004280   Number         0  anon$$obj.o(Region$$Table)
    Region$$Table$$Limit                     0x000042a0   Number         0  anon$$obj.o(Region$$Table)
    SystemCoreClock                          0x1ffff020   Data           4  system_skeaz1284.o(.data)
    SystemBusClock                           0x1ffff024   Data           4  system_skeaz1284.o(.data)
    SystemTimerClock                         0x1ffff028   Data           4  system_skeaz1284.o(.data)
    period                                   0x1ffff036   Data           6  drv_ftm.o(.data)
    s_flash_command_run                      0x1ffff03c   Data          14  drv_flash.o(.data)
    s_flash_run_entry                        0x1ffff04c   Data           4  drv_flash.o(.data)
    TimerTaskRunMutexSignal                  0x1ffff056   Data           1  bsp.o(.data)
    g_iRunTime                               0x1ffff060   Data           4  bsp_timer.o(.data)
    OLED_Font12X24                           0x1ffff065   Data        3420  bsp_oled.o(.data)
    RecCommand                               0x1ffffdd5   Data           1  app_debug.o(.data)
    Car                                      0x1ffffdd8   Data         212  freescalecar.o(.bss)
    KBI_INFO                                 0x1fffff3c   Data         696  drv_kbi.o(.bss)
    uart_info                                0x200001f4   Data          40  bsp_uart.o(.bss)
    SoftTimer                                0x2000041c   Data         120  bsp_timer.o(.bss)
    HardTimer                                0x20000494   Data          16  bsp_timer.o(.bss)
    RecBuff                                  0x200004d8   Data         512  app_debug.o(.bss)
    __libspace_start                         0x200006d8   Data          96  libspace.o(.bss)
    __temporary_stack_top$libspace           0x20000738   Data           0  libspace.o(.bss)



==============================================================================

Memory Map of the image

  Image Entry point : 0x000000c1

  Load Region LR_IROM1 (Base: 0x00000000, Size: 0x00005078, Max: 0x00020000, ABSOLUTE, COMPRESSED[0x000048dc])

    Execution Region ER_IROM1 (Base: 0x00000000, Size: 0x000042a0, Max: 0x00020000, ABSOLUTE)

    Base Addr    Size         Type   Attr      Idx    E Section Name        Object

    0x00000000   0x000000c0   Data   RO          194    RESET               startup_skeaz1284.o
    0x000000c0   0x00000008   Code   RO         1669  * !!!main             c_p.l(__main.o)
    0x000000c8   0x0000003c   Code   RO         2014    !!!scatter          c_p.l(__scatter.o)
    0x00000104   0x0000001c   Code   RO         2016    !!handler_zi        c_p.l(__scatter_zi.o)
    0x00000120   0x00000002   Code   RO         1874    .ARM.Collect$$libinit$$00000000  c_p.l(libinit.o)
    0x00000122   0x00000000   Code   RO         1899    .ARM.Collect$$libinit$$00000002  c_p.l(libinit2.o)
    0x00000122   0x00000000   Code   RO         1901    .ARM.Collect$$libinit$$00000004  c_p.l(libinit2.o)
    0x00000122   0x00000000   Code   RO         1904    .ARM.Collect$$libinit$$0000000A  c_p.l(libinit2.o)
    0x00000122   0x00000000   Code   RO         1906    .ARM.Collect$$libinit$$0000000C  c_p.l(libinit2.o)
    0x00000122   0x00000000   Code   RO         1908    .ARM.Collect$$libinit$$0000000E  c_p.l(libinit2.o)
    0x00000122   0x00000000   Code   RO         1911    .ARM.Collect$$libinit$$00000011  c_p.l(libinit2.o)
    0x00000122   0x00000000   Code   RO         1913    .ARM.Collect$$libinit$$00000013  c_p.l(libinit2.o)
    0x00000122   0x00000000   Code   RO         1915    .ARM.Collect$$libinit$$00000015  c_p.l(libinit2.o)
    0x00000122   0x00000000   Code   RO         1917    .ARM.Collect$$libinit$$00000017  c_p.l(libinit2.o)
    0x00000122   0x00000000   Code   RO         1919    .ARM.Collect$$libinit$$00000019  c_p.l(libinit2.o)
    0x00000122   0x00000000   Code   RO         1921    .ARM.Collect$$libinit$$0000001B  c_p.l(libinit2.o)
    0x00000122   0x00000000   Code   RO         1923    .ARM.Collect$$libinit$$0000001D  c_p.l(libinit2.o)
    0x00000122   0x00000000   Code   RO         1925    .ARM.Collect$$libinit$$0000001F  c_p.l(libinit2.o)
    0x00000122   0x00000000   Code   RO         1927    .ARM.Collect$$libinit$$00000021  c_p.l(libinit2.o)
    0x00000122   0x00000000   Code   RO         1929    .ARM.Collect$$libinit$$00000023  c_p.l(libinit2.o)
    0x00000122   0x00000000   Code   RO         1931    .ARM.Collect$$libinit$$00000025  c_p.l(libinit2.o)
    0x00000122   0x00000000   Code   RO         1935    .ARM.Collect$$libinit$$0000002C  c_p.l(libinit2.o)
    0x00000122   0x00000000   Code   RO         1937    .ARM.Collect$$libinit$$0000002E  c_p.l(libinit2.o)
    0x00000122   0x00000000   Code   RO         1939    .ARM.Collect$$libinit$$00000030  c_p.l(libinit2.o)
    0x00000122   0x00000000   Code   RO         1941    .ARM.Collect$$libinit$$00000032  c_p.l(libinit2.o)
    0x00000122   0x00000002   Code   RO         1942    .ARM.Collect$$libinit$$00000033  c_p.l(libinit2.o)
    0x00000124   0x00000002   Code   RO         1968    .ARM.Collect$$libshutdown$$00000000  c_p.l(libshutdown.o)
    0x00000126   0x00000000   Code   RO         1995    .ARM.Collect$$libshutdown$$00000002  c_p.l(libshutdown2.o)
    0x00000126   0x00000000   Code   RO         1997    .ARM.Collect$$libshutdown$$00000004  c_p.l(libshutdown2.o)
    0x00000126   0x00000000   Code   RO         2000    .ARM.Collect$$libshutdown$$00000007  c_p.l(libshutdown2.o)
    0x00000126   0x00000000   Code   RO         2003    .ARM.Collect$$libshutdown$$0000000A  c_p.l(libshutdown2.o)
    0x00000126   0x00000000   Code   RO         2005    .ARM.Collect$$libshutdown$$0000000C  c_p.l(libshutdown2.o)
    0x00000126   0x00000000   Code   RO         2008    .ARM.Collect$$libshutdown$$0000000F  c_p.l(libshutdown2.o)
    0x00000126   0x00000002   Code   RO         2009    .ARM.Collect$$libshutdown$$00000010  c_p.l(libshutdown2.o)
    0x00000128   0x00000000   Code   RO         1702    .ARM.Collect$$rtentry$$00000000  c_p.l(__rtentry.o)
    0x00000128   0x00000000   Code   RO         1804    .ARM.Collect$$rtentry$$00000002  c_p.l(__rtentry2.o)
    0x00000128   0x00000006   Code   RO         1816    .ARM.Collect$$rtentry$$00000004  c_p.l(__rtentry4.o)
    0x0000012e   0x00000000   Code   RO         1806    .ARM.Collect$$rtentry$$00000009  c_p.l(__rtentry2.o)
    0x0000012e   0x00000004   Code   RO         1807    .ARM.Collect$$rtentry$$0000000A  c_p.l(__rtentry2.o)
    0x00000132   0x00000000   Code   RO         1809    .ARM.Collect$$rtentry$$0000000C  c_p.l(__rtentry2.o)
    0x00000132   0x00000008   Code   RO         1810    .ARM.Collect$$rtentry$$0000000D  c_p.l(__rtentry2.o)
    0x0000013a   0x00000002   Code   RO         1885    .ARM.Collect$$rtexit$$00000000  c_p.l(rtexit.o)
    0x0000013c   0x00000000   Code   RO         1944    .ARM.Collect$$rtexit$$00000002  c_p.l(rtexit2.o)
    0x0000013c   0x00000004   Code   RO         1945    .ARM.Collect$$rtexit$$00000003  c_p.l(rtexit2.o)
    0x00000140   0x00000006   Code   RO         1946    .ARM.Collect$$rtexit$$00000004  c_p.l(rtexit2.o)
    0x00000146   0x00000002   PAD
    0x00000148   0x00000040   Code   RO          196    .text               startup_skeaz1284.o
    0x00000188   0x00000002   Code   RO         1657    .text               c_p.l(use_no_semi_2.o)
    0x0000018a   0x00000040   Code   RO         1661    .text               c_p.l(rt_memclr.o)
    0x000001ca   0x0000015a   Code   RO         1663    .text               c_p.l(aeabi_sdiv.o)
    0x00000324   0x00000006   Code   RO         1667    .text               c_p.l(heapauxi.o)
    0x0000032a   0x00000002   PAD
    0x0000032c   0x0000007c   Code   RO         1671    .text               fz_ps.l(d2f.o)
    0x000003a8   0x00000058   Code   RO         1675    .text               fz_ps.l(dflti.o)
    0x00000400   0x00000010   Code   RO          195    .ARM.__at_0x400     startup_skeaz1284.o
    0x00000410   0x00000358   Code   RO         1673    .text               fz_ps.l(daddsub.o)
    0x00000768   0x00000248   Code   RO         1677    .text               fz_ps.l(dmul.o)
    0x000009b0   0x00000054   Code   RO         1679    .text               fz_ps.l(f2d.o)
    0x00000a04   0x00000160   Code   RO         1687    .text               fz_ps.l(fdiv.o)
    0x00000b64   0x0000004c   Code   RO         1690    .text               fz_ps.l(ffixi.o)
    0x00000bb0   0x0000005e   Code   RO         1692    .text               fz_ps.l(fflti.o)
    0x00000c0e   0x00000002   Code   RO         1700    .text               c_p.l(use_no_semi.o)
    0x00000c10   0x00000064   Code   RO         1798    .text               fz_ps.l(fcmpin.o)
    0x00000c74   0x0000002e   Code   RO         1837    .text               fz_ps.l(cmpret.o)
    0x00000ca2   0x00000002   PAD
    0x00000ca4   0x00000010   Code   RO         1839    .text               fz_ps.l(fnan2.o)
    0x00000cb4   0x0000003e   Code   RO         1841    .text               c_p.l(sys_stackheap_outer.o)
    0x00000cf2   0x00000010   Code   RO         1863    .text               c_p.l(exit.o)
    0x00000d02   0x0000005e   Code   RO         1877    .text               fz_ps.l(retnan.o)
    0x00000d60   0x00000008   Code   RO         1881    .text               c_p.l(libspace.o)
    0x00000d68   0x00000056   Code   RO         2012    .text               c_p.l(__dczerorl2.o)
    0x00000dbe   0x00000002   PAD
    0x00000dc0   0x00000028   Code   RO          458    i.ADC0_IRQHandler   drv_adc.o
    0x00000de8   0x000000f0   Code   RO          131    i.Car_Control       freescalecar.o
    0x00000ed8   0x00000148   Code   RO          132    i.Car_LeftVelocityPIDCalc  freescalecar.o
    0x00001020   0x000000e8   Code   RO          133    i.Car_ParaInit      freescalecar.o
    0x00001108   0x0000001c   Code   RO          134    i.Car_ParaStroe     freescalecar.o
    0x00001124   0x00000148   Code   RO          135    i.Car_RightVelocityPIDCalc  freescalecar.o
    0x0000126c   0x0000000a   Code   RO          136    i.Car_Running       freescalecar.o
    0x00001276   0x00000002   PAD
    0x00001278   0x00000060   Code   RO          137    i.Car_TurnPIDCalc   freescalecar.o
    0x000012d8   0x0000000a   Code   RO         1039    i.IsKeyDownPress    bsp_key.o
    0x000012e2   0x0000000a   Code   RO         1040    i.IsKeyOkPress      bsp_key.o
    0x000012ec   0x0000000a   Code   RO         1041    i.IsKeyUpPress      bsp_key.o
    0x000012f6   0x00000002   PAD
    0x000012f8   0x00000064   Code   RO          685    i.KBI0_IRQHandler   drv_kbi.o
    0x0000135c   0x00000064   Code   RO          686    i.KBI1_IRQHandler   drv_kbi.o
    0x000013c0   0x00000014   Code   RO          293    i.NVIC_EnableIRQ    drv_pit.o
    0x000013d4   0x00000078   Code   RO          294    i.NVIC_SetPriority  drv_pit.o
    0x0000144c   0x00000078   Code   RO          929    i.NVIC_SetPriority  bsp_timer.o
    0x000014c4   0x00000034   Code   RO          295    i.PIT_CH0_IRQHandler  drv_pit.o
    0x000014f8   0x00000034   Code   RO          296    i.PIT_CH1_IRQHandler  drv_pit.o
    0x0000152c   0x00000056   Code   RO         1567    i.Partition         app_sort.o
    0x00001582   0x00000008   Code   RO          930    i.SysTick_Handler   bsp_timer.o
    0x0000158a   0x00000002   PAD
    0x0000158c   0x00000068   Code   RO          931    i.SysTick_ISR       bsp_timer.o
    0x000015f4   0x0000007c   Code   RO          205    i.SystemInit        system_skeaz1284.o
    0x00001670   0x0000011c   Code   RO         1488    i.UART0_IRQHandler  app_debug.o
    0x0000178c   0x00000002   Code   RO          358    i.UART1_IRQHandler  drv_uart.o
    0x0000178e   0x00000002   Code   RO          359    i.UART2_IRQHandler  drv_uart.o
    0x00001790   0x00000008   Code   RO          829    i._sys_exit         bsp_uart.o
    0x00001798   0x0000002e   Code   RO          768    i.bsp_Config        bsp.o
    0x000017c6   0x00000002   PAD
    0x000017c8   0x000000b4   Code   RO         1381    i.bsp_encoder_Config  bsp_encoder.o
    0x0000187c   0x000000b0   Code   RO         1382    i.bsp_encoder_SpeedCalc  bsp_encoder.o
    0x0000192c   0x0000000c   Code   RO         1043    i.bsp_key_Config    bsp_key.o
    0x00001938   0x0000006c   Code   RO         1045    i.bsp_key_FIFOInit  bsp_key.o
    0x000019a4   0x0000002c   Code   RO         1046    i.bsp_key_GPIOInit  bsp_key.o
    0x000019d0   0x00000028   Code   RO          791    i.bsp_led_Config    bsp_led.o
    0x000019f8   0x0000003e   Code   RO          792    i.bsp_led_OFF       bsp_led.o
    0x00001a36   0x00000036   Code   RO          794    i.bsp_led_Toggle    bsp_led.o
    0x00001a6c   0x00000060   Code   RO         1343    i.bsp_motor_Config  bsp_motor.o
    0x00001acc   0x00000078   Code   RO         1344    i.bsp_motor_SetPwm  bsp_motor.o
    0x00001b44   0x00000040   Code   RO         1123    i.bsp_oled_Clear    bsp_oled.o
    0x00001b84   0x00000120   Code   RO         1124    i.bsp_oled_Config   bsp_oled.o
    0x00001ca4   0x00000042   Code   RO         1128    i.bsp_oled_GPIOConfig  bsp_oled.o
    0x00001ce6   0x00000034   Code   RO         1130    i.bsp_oled_SetPos   bsp_oled.o
    0x00001d1a   0x00000002   PAD
    0x00001d1c   0x00000130   Code   RO         1131    i.bsp_oled_ShowChar  bsp_oled.o
    0x00001e4c   0x00000048   Code   RO         1136    i.bsp_oled_ShowString  bsp_oled.o
    0x00001e94   0x00000070   Code   RO         1137    i.bsp_oled_WRByte   bsp_oled.o
    0x00001f04   0x0000016c   Code   RO         1409    i.bsp_sensor_Calibration  bsp_sensor.o
    0x00002070   0x0000002a   Code   RO         1410    i.bsp_sensor_Config  bsp_sensor.o
    0x0000209a   0x00000002   PAD
    0x0000209c   0x00000054   Code   RO         1412    i.bsp_sensor_DataNormalized  bsp_sensor.o
    0x000020f0   0x000000cc   Code   RO         1413    i.bsp_sensor_DataProcess  bsp_sensor.o
    0x000021bc   0x00000076   Code   RO         1462    i.bsp_switch_Config  bsp_switch.o
    0x00002232   0x00000034   Code   RO         1463    i.bsp_switch_GetValue  bsp_switch.o
    0x00002266   0x00000002   PAD
    0x00002268   0x00000050   Code   RO          933    i.bsp_tim_CreateHardTimer  bsp_timer.o
    0x000022b8   0x00000064   Code   RO          934    i.bsp_tim_CreateSoftTimer  bsp_timer.o
    0x0000231c   0x00000034   Code   RO          935    i.bsp_tim_DelayMs   bsp_timer.o
    0x00002350   0x0000000c   Code   RO          939    i.bsp_tim_GetRunTime  bsp_timer.o
    0x0000235c   0x00000088   Code   RO          941    i.bsp_tim_SoftConfig  bsp_timer.o
    0x000023e4   0x00000032   Code   RO          942    i.bsp_tim_SoftDec   bsp_timer.o
    0x00002416   0x00000002   PAD
    0x00002418   0x00000068   Code   RO          832    i.bsp_uart_Config   bsp_uart.o
    0x00002480   0x00000014   Code   RO          834    i.bsp_uart_GetUartNo  bsp_uart.o
    0x00002494   0x00000060   Code   RO          835    i.bsp_uart_IRQHandler  bsp_uart.o
    0x000024f4   0x0000003c   Code   RO          836    i.bsp_uart_ParaInit  bsp_uart.o
    0x00002530   0x0000006e   Code   RO          839    i.bsp_uart_SendDataToBuff  bsp_uart.o
    0x0000259e   0x00000002   PAD
    0x000025a0   0x0000002c   Code   RO         1489    i.debug_CarDataReport  app_debug.o
    0x000025cc   0x00000084   Code   RO         1490    i.debug_DataProcess  app_debug.o
    0x00002650   0x00000082   Code   RO         1491    i.debug_DataUpload  app_debug.o
    0x000026d2   0x00000002   PAD
    0x000026d4   0x0000010c   Code   RO         1492    i.debug_MotorDataReport  app_debug.o
    0x000027e0   0x0000015c   Code   RO         1493    i.debug_PIDDownload  app_debug.o
    0x0000293c   0x0000011c   Code   RO         1494    i.debug_PIDParaReport  app_debug.o
    0x00002a58   0x00000058   Code   RO         1495    i.debug_Response    app_debug.o
    0x00002ab0   0x0000011c   Code   RO         1496    i.debug_SensorDataReport  app_debug.o
    0x00002bcc   0x00000028   Code   RO          460    i.drv_adc_GetMultiADCResult  drv_adc.o
    0x00002bf4   0x0000014c   Code   RO          462    i.drv_adc_Init      drv_adc.o
    0x00002d40   0x00000030   Code   RO          632    i.drv_flash_EraseSector  drv_flash.o
    0x00002d70   0x00000044   Code   RO          634    i.drv_flash_Init    drv_flash.o
    0x00002db4   0x0000003c   Code   RO          635    i.drv_flash_StartCmd  drv_flash.o
    0x00002df0   0x0000006c   Code   RO          636    i.drv_flash_WriteSector  drv_flash.o
    0x00002e5c   0x0000019c   Code   RO          515    i.drv_ftm_PWMInit   drv_ftm.o
    0x00002ff8   0x00000054   Code   RO          516    i.drv_ftm_PWMSetDuty  drv_ftm.o
    0x0000304c   0x000001d8   Code   RO          236    i.drv_gpio_Init     drv_gpio.o
    0x00003224   0x000000d0   Code   RO          238    i.drv_gpio_PullCmd  drv_gpio.o
    0x000032f4   0x00000028   Code   RO          239    i.drv_gpio_ReadPin  drv_gpio.o
    0x0000331c   0x0000002c   Code   RO          240    i.drv_gpio_TogglePin  drv_gpio.o
    0x00003348   0x00000048   Code   RO          241    i.drv_gpio_WritePin  drv_gpio.o
    0x00003390   0x000000fc   Code   RO          298    i.drv_pit_Init      drv_pit.o
    0x0000348c   0x00000020   Code   RO          438    i.drv_rcc_ClockCmd  drv_rcc.o
    0x000034ac   0x00000048   Code   RO          360    i.drv_uart_Cmd      drv_uart.o
    0x000034f4   0x000000b8   Code   RO          364    i.drv_uart_Init     drv_uart.o
    0x000035ac   0x00000068   Code   RO          366    i.drv_uart_SelectChannle  drv_uart.o
    0x00003614   0x0000002e   Code   RO         1607    i.filter_SildingAverage  app_filter.o
    0x00003642   0x00000002   PAD
    0x00003644   0x00000068   Code   RO            3    i.main              main.o
    0x000036ac   0x0000001c   Code   RO         1630    i.pid_StorePara     app_pid.o
    0x000036c8   0x00000030   Code   RO         1569    i.sort_QuickSort    app_sort.o
    0x000036f8   0x0000008c   Code   RO         1681    x$fpl$fadd          fz_ps.l(faddsub.o)
    0x00003784   0x00000054   Code   RO         1694    x$fpl$fleqf         fz_ps.l(flef.o)
    0x000037d8   0x000000b0   Code   RO         1696    x$fpl$fmul          fz_ps.l(fmul.o)
    0x00003888   0x00000058   Code   RO         1698    x$fpl$frleqf        fz_ps.l(frlef.o)
    0x000038e0   0x000000d0   Code   RO         1683    x$fpl$fsub          fz_ps.l(faddsub.o)
    0x000039b0   0x00000000   Code   RO         1802    x$fpl$usenofp       fz_ps.l(usenofp.o)
    0x000039b0   0x0000000c   Data   RO          242    .constdata          drv_gpio.o
    0x000039bc   0x0000000c   Data   RO          517    .constdata          drv_ftm.o
    0x000039c8   0x00000878   Data   RO         1139    .constdata          bsp_oled.o
    0x00004240   0x00000040   Data   RO         1688    .constdata          fz_ps.l(fdiv.o)
    0x00004280   0x00000020   Data   RO         2010    Region$$Table       anon$$obj.o


    Execution Region RW_IRAM1 (Base: 0x1ffff000, Size: 0x00001838, Max: 0x00004000, ABSOLUTE, COMPRESSED[0x0000063c])

    Base Addr    Size         Type   Attr      Idx    E Section Name        Object

    0x1ffff000   0x0000001e   Data   RW          139    .data               freescalecar.o
    0x1ffff01e   0x00000002   PAD
    0x1ffff020   0x0000000c   Data   RW          206    .data               system_skeaz1284.o
    0x1ffff02c   0x00000008   Data   RW          301    .data               drv_pit.o
    0x1ffff034   0x00000001   Data   RW          465    .data               drv_adc.o
    0x1ffff035   0x00000001   PAD
    0x1ffff036   0x00000006   Data   RW          518    .data               drv_ftm.o
    0x1ffff03c   0x00000014   Data   RW          637    .data               drv_flash.o
    0x1ffff050   0x00000005   Data   RW          693    .data               drv_kbi.o
    0x1ffff055   0x00000002   Data   RW          769    .data               bsp.o
    0x1ffff057   0x00000001   PAD
    0x1ffff058   0x0000000c   Data   RW          945    .data               bsp_timer.o
    0x1ffff064   0x00000d5d   Data   RW         1140    .data               bsp_oled.o
    0x1ffffdc1   0x00000003   PAD
    0x1ffffdc4   0x00000010   Data   RW         1383    .data               bsp_encoder.o
    0x1ffffdd4   0x00000003   Data   RW         1499    .data               app_debug.o
    0x1ffffdd7   0x00000001   PAD
    0x1ffffdd8   0x000000d4   Zero   RW          138    .bss                freescalecar.o
    0x1ffffeac   0x00000090   Zero   RW          464    .bss                drv_adc.o
    0x1fffff3c   0x000002b8   Zero   RW          691    .bss                drv_kbi.o
    0x200001f4   0x00000228   Zero   RW          841    .bss                bsp_uart.o
    0x2000041c   0x00000088   Zero   RW          944    .bss                bsp_timer.o
    0x200004a4   0x00000034   Zero   RW         1051    .bss                bsp_key.o
    0x200004d8   0x00000200   Zero   RW         1498    .bss                app_debug.o
    0x200006d8   0x00000060   Zero   RW         1882    .bss                c_p.l(libspace.o)
    0x20000738   0x00000000   Zero   RW          193    HEAP                startup_skeaz1284.o
    0x20000738   0x00000100   Zero   RW          192    STACK               startup_skeaz1284.o


==============================================================================

Image component sizes


      Code (inc. data)   RO Data    RW Data    ZI Data      Debug   Object Name

      1862         80          0          3        512       6045   app_debug.o
        46          0          0          0          0        928   app_filter.o
        28          6          0          0          0        424   app_pid.o
       134          0          0          0          0       1653   app_sort.o
        46          0          0          2          0        699   bsp.o
       356         30          0         16          0       1349   bsp_encoder.o
       194         20          0          0         52       3119   bsp_key.o
       156          0          0          0          0       1492   bsp_led.o
       216         16          0          0          0       1118   bsp_motor.o
       958         24       2168       3421          0       5363   bsp_oled.o
       694         52          0          0          0       2286   bsp_sensor.o
       170          0          0          0          0       1022   bsp_switch.o
       662         76          0         12        136      11363   bsp_timer.o
       398         36          0          0        552       5875   bsp_uart.o
       412         38          0          1        144       8165   drv_adc.o
       284         38          0         20          0       2962   drv_flash.o
       496         26         12          6          0       2264   drv_ftm.o
       836         42         12          0          0       3879   drv_gpio.o
       200         28          0          5        696       1719   drv_kbi.o
       496         54          0          8          0       8533   drv_pit.o
        32          4          0          0          0        495   drv_rcc.o
       364         52          0          0          0       2870   drv_uart.o
      1262        102          0         30        212       4928   freescalecar.o
       104         18          0          0          0     124593   main.o
        80         44        192          0        256        852   startup_skeaz1284.o
       124         34          0         12          0        795   system_skeaz1284.o

    ----------------------------------------------------------------------
     10632        820       2416       3544       2560     204791   Object Totals
         0          0         32          0          0          0   (incl. Generated)
        22          0          0          8          0          0   (incl. Padding)

    ----------------------------------------------------------------------

      Code (inc. data)   RO Data    RW Data    ZI Data      Debug   Library Member Name

        86          0          0          0          0          0   __dczerorl2.o
         8          0          0          0          0         68   __main.o
         0          0          0          0          0          0   __rtentry.o
        12          0          0          0          0          0   __rtentry2.o
         6          0          0          0          0          0   __rtentry4.o
        60          8          0          0          0          0   __scatter.o
        28          0          0          0          0          0   __scatter_zi.o
       346          0          0          0          0         92   aeabi_sdiv.o
        16          0          0          0          0         68   exit.o
         6          0          0          0          0        136   heapauxi.o
         2          0          0          0          0          0   libinit.o
         2          0          0          0          0          0   libinit2.o
         2          0          0          0          0          0   libshutdown.o
         2          0          0          0          0          0   libshutdown2.o
         8          4          0          0         96         68   libspace.o
        64          0          0          0          0        108   rt_memclr.o
         2          0          0          0          0          0   rtexit.o
        10          0          0          0          0          0   rtexit2.o
        62          0          0          0          0         80   sys_stackheap_outer.o
         2          0          0          0          0         68   use_no_semi.o
         2          0          0          0          0         68   use_no_semi_2.o
        46          0          0          0          0         60   cmpret.o
       124          4          0          0          0         72   d2f.o
       856         20          0          0          0        208   daddsub.o
        88          0          0          0          0         92   dflti.o
       584         26          0          0          0         84   dmul.o
        84          4          0          0          0         60   f2d.o
       348          8          0          0          0        160   faddsub.o
       100          4          0          0          0         68   fcmpin.o
       352         10         64          0          0         92   fdiv.o
        76          0          0          0          0         68   ffixi.o
        94          0          0          0          0         92   fflti.o
        84          4          0          0          0         76   flef.o
       176          4          0          0          0         80   fmul.o
        16          6          0          0          0         68   fnan2.o
        88          4          0          0          0         76   frlef.o
        94          0          0          0          0         68   retnan.o
         0          0          0          0          0          0   usenofp.o

    ----------------------------------------------------------------------
      3944        106         64          0         96       2180   Library Totals
         8          0          0          0          0          0   (incl. Padding)

    ----------------------------------------------------------------------

      Code (inc. data)   RO Data    RW Data    ZI Data      Debug   Library Name

       726         12          0          0         96        756   c_p.l
      3210         94         64          0          0       1424   fz_ps.l

    ----------------------------------------------------------------------
      3944        106         64          0         96       2180   Library Totals

    ----------------------------------------------------------------------

==============================================================================


      Code (inc. data)   RO Data    RW Data    ZI Data      Debug   

     14576        926       2480       3544       2656     202163   Grand Totals
     14576        926       2480       1596       2656     202163   ELF Image Totals (compressed)
     14576        926       2480       1596          0          0   ROM Totals

==============================================================================

    Total RO  Size (Code + RO Data)                17056 (  16.66kB)
    Total RW  Size (RW Data + ZI Data)              6200 (   6.05kB)
    Total ROM Size (Code + RO Data + RW Data)      18652 (  18.21kB)

==============================================================================

