Component: ARM Compiler 5.06 update 3 (build 300) Tool: armlink [4d35c9]

==============================================================================

Section Cross References

    main.o(i.main) refers to bsp.o(i.bsp_Config) for bsp_Config
    main.o(i.main) refers to freescalecar.o(i.Car_ParaInit) for Car_ParaInit
    main.o(i.main) refers to display.o(i.displayInit) for displayInit
    main.o(i.main) refers to drv_gpio.o(i.drv_gpio_ReadPin) for drv_gpio_ReadPin
    main.o(i.main) refers to bsp_sensor.o(i.bsp_sensor_Calibration) for bsp_sensor_Calibration
    main.o(i.main) refers to bsp_timer.o(i.bsp_tim_CreateSoftTimer) for bsp_tim_CreateSoftTimer
    main.o(i.main) refers to bsp_timer.o(i.bsp_tim_CreateHardTimer) for bsp_tim_CreateHardTimer
    main.o(i.main) refers to drv_gpio.o(i.drv_gpio_WritePin) for drv_gpio_WritePin
    main.o(i.main) refers to display.o(i.setShow_ui) for setShow_ui
    main.o(i.main) refers to display.o(i.displayTask) for displayTask
    main.o(i.main) refers to bsp_timer.o(i.bsp_tim_DelayMs) for bsp_tim_DelayMs
    main.o(i.main) refers to app_debug.o(i.debug_CarDataReport) for debug_CarDataReport
    main.o(i.main) refers to bsp_key.o(i.bsp_key_Scan) for bsp_key_Scan
    main.o(i.main) refers to freescalecar.o(i.Car_Running) for Car_Running
    main.o(i.main) refers to freescalecar.o(i.Car_Control) for Car_Control
    main.o(i.main) refers to bsp_mpu.o(i.ReadGryo) for ReadGryo
    freescalecar.o(i.Car_Control) refers to freescalecar.o(i.Car_SpeedControlOutput) for Car_SpeedControlOutput
    freescalecar.o(i.Car_Control) refers to freescalecar.o(i.Car_DirectionControlOutput) for Car_DirectionControlOutput
    freescalecar.o(i.Car_Control) refers to freescalecar.o(i.__ARM_common_switch8) for __ARM_common_switch8
    freescalecar.o(i.Car_Control) refers to bsp_encoder.o(i.bsp_encoder_ReadCounter) for bsp_encoder_ReadCounter
    freescalecar.o(i.Car_Control) refers to freescalecar.o(i.Car_SpeedControl) for Car_SpeedControl
    freescalecar.o(i.Car_Control) refers to bsp_sensor.o(i.bsp_sensor_DataProcess) for bsp_sensor_DataProcess
    freescalecar.o(i.Car_Control) refers to freescalecar.o(i.Car_DirectionControl) for Car_DirectionControl
    freescalecar.o(i.Car_Control) refers to freescalecar.o(i.Car_MotorOutput) for Car_MotorOutput
    freescalecar.o(i.Car_Control) refers to freescalecar.o(.data) for .data
    freescalecar.o(i.Car_ControlStart) refers to bsp_timer.o(i.bsp_tim_CreateHardTimer) for bsp_tim_CreateHardTimer
    freescalecar.o(i.Car_ControlStart) refers to freescalecar.o(i.Car_Control) for Car_Control
    freescalecar.o(i.Car_ControlStop) refers to drv_gpio.o(i.drv_gpio_WritePin) for drv_gpio_WritePin
    freescalecar.o(i.Car_ControlStop) refers to bsp_timer.o(i.bsp_tim_DeleteHardTimer) for bsp_tim_DeleteHardTimer
    freescalecar.o(i.Car_DirectionControl) refers to faddsub.o(x$fpl$fsub) for __aeabi_fsub
    freescalecar.o(i.Car_DirectionControl) refers to app_pid.o(i.fuzzy_PIDClac) for fuzzy_PIDClac
    freescalecar.o(i.Car_DirectionControl) refers to fmul.o(x$fpl$fmul) for __aeabi_fmul
    freescalecar.o(i.Car_DirectionControl) refers to ffixi.o(.text) for __aeabi_f2iz
    freescalecar.o(i.Car_DirectionControl) refers to fflti.o(.text) for __aeabi_i2f
    freescalecar.o(i.Car_DirectionControl) refers to faddsub.o(x$fpl$fadd) for __aeabi_fadd
    freescalecar.o(i.Car_DirectionControl) refers to freescalecar.o(.bss) for .bss
    freescalecar.o(i.Car_DirectionControl) refers to freescalecar.o(.data) for .data
    freescalecar.o(i.Car_DirectionControlOutput) refers to aeabi_sdiv.o(.text) for __aeabi_idivmod
    freescalecar.o(i.Car_DirectionControlOutput) refers to freescalecar.o(.data) for .data
    freescalecar.o(i.Car_MotorOutput) refers to bsp_motor.o(i.bsp_motor_SetPwm) for bsp_motor_SetPwm
    freescalecar.o(i.Car_MotorOutput) refers to freescalecar.o(.data) for .data
    freescalecar.o(i.Car_MotorOutput) refers to freescalecar.o(.bss) for .bss
    freescalecar.o(i.Car_ParaInit) refers to app_pid.o(i.fuzzy_PIDInit) for fuzzy_PIDInit
    freescalecar.o(i.Car_ParaInit) refers to freescalecar.o(.bss) for .bss
    freescalecar.o(i.Car_ParaStore) refers to rt_memclr.o(.text) for __aeabi_memclr4
    freescalecar.o(i.Car_ParaStore) refers to ffixui.o(.text) for __aeabi_f2uiz
    freescalecar.o(i.Car_ParaStore) refers to drv_flash.o(i.drv_flash_EraseSector) for drv_flash_EraseSector
    freescalecar.o(i.Car_ParaStore) refers to drv_flash.o(i.drv_flash_WriteSector) for drv_flash_WriteSector
    freescalecar.o(i.Car_ParaStore) refers to freescalecar.o(.bss) for .bss
    freescalecar.o(i.Car_Reset) refers to freescalecar.o(.bss) for .bss
    freescalecar.o(i.Car_Running) refers to bsp_led.o(i.bsp_led_Toggle) for bsp_led_Toggle
    freescalecar.o(i.Car_SpeedControl) refers to drv_gpio.o(i.drv_gpio_ReadPin) for drv_gpio_ReadPin
    freescalecar.o(i.Car_SpeedControl) refers to dflti.o(.text) for __aeabi_i2d
[...]
    x$fpl$fleqf                              0x00005f00   Section       84  flef.o(x$fpl$fleqf)
    x$fpl$fmul                               0x00005f54   Section      176  fmul.o(x$fpl$fmul)
    x$fpl$frleqf                             0x00006004   Section       88  frlef.o(x$fpl$frleqf)
    x$fpl$frsb                               0x0000605c   Section       24  faddsub.o(x$fpl$frsb)
    x$fpl$fsub                               0x00006074   Section      208  faddsub.o(x$fpl$fsub)
    _fsub1                                   0x00006081   Thumb Code     0  faddsub.o(x$fpl$fsub)
    .constdata                               0x00006144   Section       12  drv_gpio.o(.constdata)
    x$fpl$usenofp                            0x00006144   Section        0  usenofp.o(x$fpl$usenofp)
    GPIOX                                    0x00006144   Data          12  drv_gpio.o(.constdata)
    .constdata                               0x00006150   Section       12  drv_ftm.o(.constdata)
    FTMX                                     0x00006150   Data          12  drv_ftm.o(.constdata)
    .constdata                               0x0000615c   Section      570  font.o(.constdata)
    .constdata                               0x00006396   Section     1140  font.o(.constdata)
    .constdata                               0x0000680a   Section     3420  font.o(.constdata)
    .constdata                               0x00007566   Section     3744  font.o(.constdata)
    .constdata                               0x00008406   Section      432  font.o(.constdata)
    .constdata                               0x000085b6   Section      432  font.o(.constdata)
    .constdata                               0x00008766   Section      260  font.o(.constdata)
    .constdata                               0x0000886a   Section       16  scrollbar.o(.constdata)
    .constdata                               0x0000887a   Section       32  menu.o(.constdata)
    .constdata                               0x0000889a   Section      128  ddiv.o(.constdata)
    ddiv_reciptbl                            0x0000889a   Data         128  ddiv.o(.constdata)
    .constdata                               0x0000891a   Section       64  fdiv.o(.constdata)
    fdiv_tab                                 0x0000891a   Data          64  fdiv.o(.constdata)
    .conststring                             0x0000895c   Section       11  messagebox.o(.conststring)
    .conststring                             0x00008968   Section      329  text.o(.conststring)
    .conststring                             0x00008ab4   Section      204  menu.o(.conststring)
    .conststring                             0x00008b80   Section        6  pid_set.o(.conststring)
    .conststring                             0x00008b88   Section       18  para_show.o(.conststring)
    .data                                    0x1ffff000   Section       36  freescalecar.o(.data)
    g_SpeedControlCounter                    0x1ffff000   Data           2  freescalecar.o(.data)
    g_SpeedControlPeriod                     0x1ffff002   Data           2  freescalecar.o(.data)
    g_SpeedControlOutInc                     0x1ffff004   Data           2  freescalecar.o(.data)
    g_SpeedControlOut                        0x1ffff006   Data           2  freescalecar.o(.data)
    g_DirectionControlOut                    0x1ffff008   Data           2  freescalecar.o(.data)
    g_DirectionControlCounter                0x1ffff00a   Data           2  freescalecar.o(.data)
    g_DirectionControlPeriod                 0x1ffff00c   Data           2  freescalecar.o(.data)
    g_DirectionControlOutNew                 0x1ffff00e   Data           2  freescalecar.o(.data)
    g_DirciotnControlOutOld                  0x1ffff010   Data           2  freescalecar.o(.data)
    g_OutCounter                             0x1ffff012   Data           2  freescalecar.o(.data)
    CarControlCunter                         0x1ffff016   Data           2  freescalecar.o(.data)
    LastError                                0x1ffff018   Data           4  freescalecar.o(.data)
    KdOutLast                                0x1ffff01c   Data           4  freescalecar.o(.data)
    k                                        0x1ffff020   Data           4  freescalecar.o(.data)
    .data                                    0x1ffff024   Section       12  system_skeaz1284.o(.data)
    .data                                    0x1ffff030   Section        8  drv_pit.o(.data)
    PIT_Handler                              0x1ffff030   Data           8  drv_pit.o(.data)
    .data                                    0x1ffff038   Section        1  drv_adc.o(.data)
    ADC_Count                                0x1ffff038   Data           1  drv_adc.o(.data)
    .data                                    0x1ffff03a   Section        6  drv_ftm.o(.data)
    .data                                    0x1ffff040   Section       18  drv_flash.o(.data)
    .data                                    0x1ffff052   Section        5  drv_kbi.o(.data)
    KBI_UsedCount                            0x1ffff052   Data           1  drv_kbi.o(.data)
    KBI0_IRQ_Init                            0x1ffff053   Data           1  drv_kbi.o(.data)
    KBI1_IRQ_Init                            0x1ffff054   Data           1  drv_kbi.o(.data)
    KBI0_Clock_Init                          0x1ffff055   Data           1  drv_kbi.o(.data)
    KBI1_Clock_Init                          0x1ffff056   Data           1  drv_kbi.o(.data)
    .data                                    0x1ffff057   Section        1  bsp.o(.data)
    .data                                    0x1ffff058   Section       12  bsp_timer.o(.data)
    s_ucTimeOutFlag                          0x1ffff058   Data           1  bsp_timer.o(.data)
    s_uiDelayCount                           0x1ffff05c   Data           4  bsp_timer.o(.data)
    .data                                    0x1ffff064   Section        1  bsp_battery.o(.data)
    .data                                    0x1ffff065   Section        2  app_debug.o(.data)
    uCnt                                     0x1ffff065   Data           1  app_debug.o(.data)
    .data                                    0x1ffff068   Section      672  app_pid.o(.data)
    KP_Rule                                  0x1ffff068   Data         196  app_pid.o(.data)
    KI_Rule                                  0x1ffff12c   Data         196  app_pid.o(.data)
    KD_Rule                                  0x1ffff1f0   Data         196  app_pid.o(.data)
    TriMF_Table                              0x1ffff2b4   Data          84  app_pid.o(.data)
    .data                                    0x1ffff308   Section        1  lcmdrv.o(.data)
    .data                                    0x1ffff30c   Section       48  messagebox.o(.data)
    .data                                    0x1ffff33c   Section        8  text.o(.data)
    .data                                    0x1ffff344   Section      180  menu.o(.data)
    flag                                     0x1ffff345   Data           1  menu.o(.data)
    timeout                                  0x1ffff350   Data           4  menu.o(.data)
    .data                                    0x1ffff3f8   Section        2  display.o(.data)
    show_ui                                  0x1ffff3f8   Data           1  display.o(.data)
    .data                                    0x1ffff3fa   Section        2  main_ui.o(.data)
    batPercent                               0x1ffff3fb   Data           1  main_ui.o(.data)
    .data                                    0x1ffff3fc   Section      116  pid_set.o(.data)
    cnt                                      0x1ffff3fc   Data           2  pid_set.o(.data)
    cnt                                      0x1ffff3fe   Data           2  pid_set.o(.data)
    cnt                                      0x1ffff400   Data           2  pid_set.o(.data)
    cnt                                      0x1ffff402   Data           2  pid_set.o(.data)
    cnt                                      0x1ffff404   Data           2  pid_set.o(.data)
    cnt                                      0x1ffff406   Data           2  pid_set.o(.data)
    cnt                                      0x1ffff408   Data           2  pid_set.o(.data)
    kp_temp                                  0x1ffff40c   Data           4  pid_set.o(.data)
    ki_temp                                  0x1ffff410   Data           4  pid_set.o(.data)
    kd_temp                                  0x1ffff414   Data           4  pid_set.o(.data)
    kp_temp                                  0x1ffff418   Data           4  pid_set.o(.data)
    ki_temp                                  0x1ffff41c   Data           4  pid_set.o(.data)
    kd_temp                                  0x1ffff420   Data           4  pid_set.o(.data)
    speed                                    0x1ffff424   Data           4  pid_set.o(.data)
    .data                                    0x1ffff470   Section       64  para_show.o(.data)
    showPage                                 0x1ffff470   Data           1  para_show.o(.data)
    isWindowChange                           0x1ffff471   Data           1  para_show.o(.data)
    .bss                                     0x1ffff4b0   Section      392  freescalecar.o(.bss)
    .bss                                     0x1ffff638   Section      144  drv_adc.o(.bss)
    ADC_Result                               0x1ffff638   Data          48  drv_adc.o(.bss)
    ADC_Order                                0x1ffff668   Data          96  drv_adc.o(.bss)
    .bss                                     0x1ffff6c8   Section      696  drv_kbi.o(.bss)
    .bss                                     0x1ffff980   Section      552  bsp_uart.o(.bss)
    UartTxBuff                               0x1ffff9a8   Data         256  bsp_uart.o(.bss)
    UartRxBuff                               0x1ffffaa8   Data         256  bsp_uart.o(.bss)
    .bss                                     0x1ffffba8   Section      146  bsp_timer.o(.bss)
    .bss                                     0x1ffffc3c   Section       60  bsp_key.o(.bss)
    bsp_key_fifo                             0x1ffffc3c   Data          12  bsp_key.o(.bss)
    bsp_key                                  0x1ffffc48   Data          48  bsp_key.o(.bss)
    .bss                                     0x1ffffc78   Section     1024  bsp_oled.o(.bss)
    oledGram                                 0x1ffffc78   Data        1024  bsp_oled.o(.bss)
    .bss                                     0x20000078   Section       28  bsp_mpu.o(.bss)
    .bss                                     0x20000094   Section      512  app_debug.o(.bss)
    .bss                                     0x20000294   Section      112  app_pid.o(.bss)
    u_e                                      0x20000294   Data          28  app_pid.o(.bss)
    u_de                                     0x200002b0   Data          28  app_pid.o(.bss)
    u_e_index                                0x200002cc   Data          28  app_pid.o(.bss)
    u_de_index                               0x200002e8   Data          28  app_pid.o(.bss)
    .bss                                     0x20000304   Section      532  menu.o(.bss)
    .bss                                     0x20000518   Section       96  libspace.o(.bss)
    HEAP                                     0x20000578   Section        0  startup_skeaz1284.o(HEAP)
    STACK                                    0x20000578   Section      256  startup_skeaz1284.o(STACK)
    Heap_Mem                                 0x20000578   Data           0  startup_skeaz1284.o(HEAP)
    Stack_Mem                                0x20000578   Data         256  startup_skeaz1284.o(STACK)
    __initial_sp                             0x20000678   Data           0  startup_skeaz1284.o(STACK)

    Global Symbols

    Symbol Name                              Value     Ov Type        Size  Object(Section)

    BuildAttributes$$THM_ISAv3M$S$PE$A:L22$X:L11$S22$IEEE1$IW$USESV6$~STKCKD$USESV7$~SHL$OTIME$ROPI$IEEEX$EBA8$UX$STANDARDLIB$REQ8$PRES8$EABIv2 0x00000000   Number         0  anon$$obj.o ABSOLUTE
    __ARM_use_no_argv                        0x00000000   Number         0  main.o ABSOLUTE
    __Vectors                                0x00000000   Data           4  startup_skeaz1284.o(RESET)
    _printf_flags                            0x00000000   Number         0  printf_stubs.o ABSOLUTE
    _printf_return_value                     0x00000000   Number         0  printf_stubs.o ABSOLUTE
    _printf_sizespec                         0x00000000   Number         0  printf_stubs.o ABSOLUTE
    _printf_widthprec                        0x00000000   Number         0  printf_stubs.o ABSOLUTE
    __ARM_exceptions_init                     - Undefined Weak Reference
    __alloca_initialize                       - Undefined Weak Reference
    __arm_preinit_                            - Undefined Weak Reference
    __cpp_initialize__aeabi_                  - Undefined Weak Reference
    __cxa_finalize                            - Undefined Weak Reference
    __sigvec_lookup                           - Undefined Weak Reference
    _atexit_init                              - Undefined Weak Reference
    _call_atexit_fns                          - Undefined Weak Reference
    _clock_init                               - Undefined Weak Reference
    _fp_trap_init                             - Undefined Weak Reference
    _fp_trap_shutdown                         - Undefined Weak Reference
    _get_lc_collate                           - Undefined Weak Reference
    _get_lc_monetary                          - Undefined Weak Reference
    _get_lc_time                              - Undefined Weak Reference
    _getenv_init                              - Undefined Weak Reference
    _handle_redirection                       - Undefined Weak Reference
    _init_alloc                               - Undefined Weak Reference
    _init_user_alloc                          - Undefined Weak Reference
    _initio                                   - Undefined Weak Reference
    _mutex_acquire                            - Undefined Weak Reference
    _mutex_release                            - Undefined Weak Reference
    _printf_mbtowc                            - Undefined Weak Reference
    _printf_wc                                - Undefined Weak Reference
    _rand_init                                - Undefined Weak Reference
    _signal_finish                            - Undefined Weak Reference
    _signal_init                              - Undefined Weak Reference
    _terminate_alloc                          - Undefined Weak Reference
    _terminate_user_alloc                     - Undefined Weak Reference
    _terminateio                              - Undefined Weak Reference
    __Vectors_End                            0x000000c0   Data           0  startup_skeaz1284.o(RESET)
    __Vectors_Size                           0x000000c0   Number         0  startup_skeaz1284.o ABSOLUTE
    __main                                   0x000000c1   Thumb Code     8  __main.o(!!!main)
    __scatterload                            0x000000c9   Thumb Code     0  __scatter.o(!!!scatter)
    __scatterload_rt2                        0x000000c9   Thumb Code    52  __scatter.o(!!!scatter)
    __scatterload_rt2_thumb_only             0x000000c9   Thumb Code     0  __scatter.o(!!!scatter)
    __scatterload_null                       0x000000d9   Thumb Code     0  __scatter.o(!!!scatter)
    __scatterload_zeroinit                   0x00000105   Thumb Code    28  __scatter_zi.o(!!handler_zi)
    __rt_lib_init                            0x00000121   Thumb Code     0  libinit.o(.ARM.Collect$$libinit$$00000000)
    __rt_lib_init_alloca_1                   0x00000123   Thumb Code     0  libinit2.o(.ARM.Collect$$libinit$$0000002E)
    __rt_lib_init_argv_1                     0x00000123   Thumb Code     0  libinit2.o(.ARM.Collect$$libinit$$0000002C)
    __rt_lib_init_atexit_1                   0x00000123   Thumb Code     0  libinit2.o(.ARM.Collect$$libinit$$0000001B)
    __rt_lib_init_clock_1                    0x00000123   Thumb Code     0  libinit2.o(.ARM.Collect$$libinit$$00000021)
    __rt_lib_init_cpp_1                      0x00000123   Thumb Code     0  libinit2.o(.ARM.Collect$$libinit$$00000032)
    __rt_lib_init_exceptions_1               0x00000123   Thumb Code     0  libinit2.o(.ARM.Collect$$libinit$$00000030)
    __rt_lib_init_fp_1                       0x00000123   Thumb Code     0  libinit2.o(.ARM.Collect$$libinit$$00000002)
    __rt_lib_init_fp_trap_1                  0x00000123   Thumb Code     0  libinit2.o(.ARM.Collect$$libinit$$0000001F)
    __rt_lib_init_getenv_1                   0x00000123   Thumb Code     0  libinit2.o(.ARM.Collect$$libinit$$00000023)
    __rt_lib_init_heap_1                     0x00000123   Thumb Code     0  libinit2.o(.ARM.Collect$$libinit$$0000000A)
    __rt_lib_init_lc_collate_1               0x00000123   Thumb Code     0  libinit2.o(.ARM.Collect$$libinit$$00000011)
    __rt_lib_init_lc_ctype_1                 0x00000123   Thumb Code     0  libinit2.o(.ARM.Collect$$libinit$$00000013)
    __rt_lib_init_lc_monetary_1              0x00000123   Thumb Code     0  libinit2.o(.ARM.Collect$$libinit$$00000015)
    __rt_lib_init_lc_numeric_1               0x00000123   Thumb Code     0  libinit2.o(.ARM.Collect$$libinit$$00000017)
    __rt_lib_init_lc_time_1                  0x00000123   Thumb Code     0  libinit2.o(.ARM.Collect$$libinit$$00000019)
    __rt_lib_init_preinit_1                  0x00000123   Thumb Code     0  libinit2.o(.ARM.Collect$$libinit$$00000004)
    __rt_lib_init_rand_1                     0x00000123   Thumb Code     0  libinit2.o(.ARM.Collect$$libinit$$0000000E)
    __rt_lib_init_return                     0x00000123   Thumb Code     0  libinit2.o(.ARM.Collect$$libinit$$00000033)
    __rt_lib_init_signal_1                   0x00000123   Thumb Code     0  libinit2.o(.ARM.Collect$$libinit$$0000001D)
    __rt_lib_init_stdio_1                    0x00000123   Thumb Code     0  libinit2.o(.ARM.Collect$$libinit$$00000025)
    __rt_lib_init_user_alloc_1               0x00000123   Thumb Code     0  libinit2.o(.ARM.Collect$$libinit$$0000000C)
    __rt_lib_shutdown                        0x00000125   Thumb Code     0  libshutdown.o(.ARM.Collect$$libshutdown$$00000000)
    __rt_lib_shutdown_cpp_1                  0x00000127   Thumb Code     0  libshutdown2.o(.ARM.Collect$$libshutdown$$00000002)
    __rt_lib_shutdown_fp_trap_1              0x00000127   Thumb Code     0  libshutdown2.o(.ARM.Collect$$libshutdown$$00000007)
    __rt_lib_shutdown_heap_1                 0x00000127   Thumb Code     0  libshutdown2.o(.ARM.Collect$$libshutdown$$0000000F)
    __rt_lib_shutdown_return                 0x00000127   Thumb Code     0  libshutdown2.o(.ARM.Collect$$libshutdown$$00000010)
    __rt_lib_shutdown_signal_1               0x00000127   Thumb Code     0  libshutdown2.o(.ARM.Collect$$libshutdown$$0000000A)
    __rt_lib_shutdown_stdio_1                0x00000127   Thumb Code     0  libshutdown2.o(.ARM.Collect$$libshutdown$$00000004)
    __rt_lib_shutdown_user_alloc_1           0x00000127   Thumb Code     0  libshutdown2.o(.ARM.Collect$$libshutdown$$0000000C)
    __rt_entry                               0x00000129   Thumb Code     0  __rtentry.o(.ARM.Collect$$rtentry$$00000000)
    __rt_entry_presh_1                       0x00000129   Thumb Code     0  __rtentry2.o(.ARM.Collect$$rtentry$$00000002)
    __rt_entry_sh                            0x00000129   Thumb Code     0  __rtentry4.o(.ARM.Collect$$rtentry$$00000004)
    __rt_entry_li                            0x0000012f   Thumb Code     0  __rtentry2.o(.ARM.Collect$$rtentry$$0000000A)
    __rt_entry_postsh_1                      0x0000012f   Thumb Code     0  __rtentry2.o(.ARM.Collect$$rtentry$$00000009)
    __rt_entry_main                          0x00000133   Thumb Code     0  __rtentry2.o(.ARM.Collect$$rtentry$$0000000D)
    __rt_entry_postli_1                      0x00000133   Thumb Code     0  __rtentry2.o(.ARM.Collect$$rtentry$$0000000C)
    __rt_exit                                0x0000013b   Thumb Code     0  rtexit.o(.ARM.Collect$$rtexit$$00000000)
    __rt_exit_ls                             0x0000013d   Thumb Code     0  rtexit2.o(.ARM.Collect$$rtexit$$00000003)
    __rt_exit_prels_1                        0x0000013d   Thumb Code     0  rtexit2.o(.ARM.Collect$$rtexit$$00000002)
    __rt_exit_exit                           0x00000141   Thumb Code     0  rtexit2.o(.ARM.Collect$$rtexit$$00000004)
    init_data_bss                            0x00000149   Thumb Code     2  startup_skeaz1284.o(.text)
    Reset_Handler                            0x0000014b   Thumb Code    12  startup_skeaz1284.o(.text)
    NMI_Handler                              0x00000157   Thumb Code     2  startup_skeaz1284.o(.text)
    HardFault_Handler                        0x00000159   Thumb Code     2  startup_skeaz1284.o(.text)
    SVC_Handler                              0x0000015b   Thumb Code     2  startup_skeaz1284.o(.text)
    PendSV_Handler                           0x0000015d   Thumb Code     2  startup_skeaz1284.o(.text)
    ACMP0_IRQHandler                         0x00000161   Thumb Code     0  startup_skeaz1284.o(.text)
    ACMP1_IRQHandler                         0x00000161   Thumb Code     0  startup_skeaz1284.o(.text)
    DefaultISR                               0x00000161   Thumb Code     0  startup_skeaz1284.o(.text)
    FTM0_IRQHandler                          0x00000161   Thumb Code     0  startup_skeaz1284.o(.text)
    FTM1_IRQHandler                          0x00000161   Thumb Code     0  startup_skeaz1284.o(.text)
    FTM2_IRQHandler                          0x00000161   Thumb Code     0  startup_skeaz1284.o(.text)
    FTMRE_IRQHandler                         0x00000161   Thumb Code     0  startup_skeaz1284.o(.text)
    I2C0_IRQHandler                          0x00000161   Thumb Code     0  startup_skeaz1284.o(.text)
    I2C1_IRQHandler                          0x00000161   Thumb Code     0  startup_skeaz1284.o(.text)
    ICS_IRQHandler                           0x00000161   Thumb Code     0  startup_skeaz1284.o(.text)
    IRQ_IRQHandler                           0x00000161   Thumb Code     0  startup_skeaz1284.o(.text)
    LVD_LVW_IRQHandler                       0x00000161   Thumb Code     0  startup_skeaz1284.o(.text)
    MSCAN_RX_IRQHandler                      0x00000161   Thumb Code     0  startup_skeaz1284.o(.text)
    MSCAN_TX_IRQHandler                      0x00000161   Thumb Code     0  startup_skeaz1284.o(.text)
    PWT_IRQHandler                           0x00000161   Thumb Code     0  startup_skeaz1284.o(.text)
    RTC_IRQHandler                           0x00000161   Thumb Code     0  startup_skeaz1284.o(.text)
    Reserved16_IRQHandler                    0x00000161   Thumb Code     0  startup_skeaz1284.o(.text)
    Reserved17_IRQHandler                    0x00000161   Thumb Code     0  startup_skeaz1284.o(.text)
    Reserved18_IRQHandler                    0x00000161   Thumb Code     0  startup_skeaz1284.o(.text)
    Reserved19_IRQHandler                    0x00000161   Thumb Code     0  startup_skeaz1284.o(.text)
    Reserved20_IRQHandler                    0x00000161   Thumb Code     0  startup_skeaz1284.o(.text)
    Reserved42_IRQHandler                    0x00000161   Thumb Code     0  startup_skeaz1284.o(.text)
    SPI0_IRQHandler                          0x00000161   Thumb Code     0  startup_skeaz1284.o(.text)
    SPI1_IRQHandler                          0x00000161   Thumb Code     0  startup_skeaz1284.o(.text)
    Watchdog_IRQHandler                      0x00000161   Thumb Code     0  startup_skeaz1284.o(.text)
    __user_initial_stackheap                 0x00000165   Thumb Code     0  startup_skeaz1284.o(.text)
    __use_no_semihosting                     0x00000189   Thumb Code     2  use_no_semi_2.o(.text)
    strlen                                   0x0000018d   Thumb Code    62  strlen.o(.text)
    _memset_w                                0x000001d1   Thumb Code    26  rt_memclr.o(.text)
    _memset                                  0x000001eb   Thumb Code    30  rt_memclr.o(.text)
    __aeabi_memclr                           0x00000209   Thumb Code     4  rt_memclr.o(.text)
    __rt_memclr                              0x00000209   Thumb Code     0  rt_memclr.o(.text)
    __aeabi_memclr4                          0x0000020d   Thumb Code     0  rt_memclr.o(.text)
    __aeabi_memclr8                          0x0000020d   Thumb Code     0  rt_memclr.o(.text)
    __rt_memclr_w                            0x0000020d   Thumb Code     4  rt_memclr.o(.text)
    __aeabi_uidiv                            0x00000211   Thumb Code     0  aeabi_sdiv.o(.text)
    __aeabi_uidivmod                         0x00000211   Thumb Code    20  aeabi_sdiv.o(.text)
    __aeabi_idiv                             0x00000225   Thumb Code     0  aeabi_sdiv.o(.text)
    __aeabi_idivmod                          0x00000225   Thumb Code   326  aeabi_sdiv.o(.text)
    __use_two_region_memory                  0x0000036b   Thumb Code     2  heapauxi.o(.text)
    __rt_heap_escrow$2region                 0x0000036d   Thumb Code     2  heapauxi.o(.text)
    __rt_heap_expand$2region                 0x0000036f   Thumb Code     2  heapauxi.o(.text)
    __aeabi_d2f                              0x00000371   Thumb Code     0  d2f.o(.text)
    _d2f                                     0x00000371   Thumb Code   120  d2f.o(.text)
    __I$use$semihosting                      0x000003ed   Thumb Code     0  use_no_semi.o(.text)
    __use_no_semihosting_swi                 0x000003ed   Thumb Code     2  use_no_semi.o(.text)
    __fpl_fcheck_NaN2                        0x000003f1   Thumb Code    10  fnan2.o(.text)
    __aeabi_ddiv                             0x00000411   Thumb Code     0  ddiv.o(.text)
    _ddiv                                    0x00000411   Thumb Code  1072  ddiv.o(.text)
    _drdiv                                   0x00000841   Thumb Code    20  ddiv.o(.text)
    __aeabi_i2d_normalise                    0x00000859   Thumb Code    66  dflti.o(.text)
    __aeabi_i2d                              0x0000089b   Thumb Code    16  dflti.o(.text)
    _dflt                                    0x0000089b   Thumb Code     0  dflti.o(.text)
    __aeabi_ui2d                             0x000008ab   Thumb Code     6  dflti.o(.text)
    _dfltu                                   0x000008ab   Thumb Code     0  dflti.o(.text)
    __aeabi_dmul                             0x000008b1   Thumb Code     0  dmul.o(.text)
    _dmul                                    0x000008b1   Thumb Code   558  dmul.o(.text)
    __aeabi_fdiv                             0x00000af9   Thumb Code     0  fdiv.o(.text)
    _fdiv                                    0x00000af9   Thumb Code   334  fdiv.o(.text)
    _frdiv                                   0x00000c47   Thumb Code     8  fdiv.o(.text)
    __aeabi_f2iz                             0x00000c59   Thumb Code     0  ffixi.o(.text)
    _ffix                                    0x00000c59   Thumb Code    76  ffixi.o(.text)
    __aeabi_f2uiz                            0x00000ca5   Thumb Code     0  ffixui.o(.text)
    _ffixu                                   0x00000ca5   Thumb Code    48  ffixui.o(.text)
    __aeabi_i2f_normalise                    0x00000cd5   Thumb Code    72  fflti.o(.text)
    __aeabi_i2f                              0x00000d1d   Thumb Code    16  fflti.o(.text)
    _fflt                                    0x00000d1d   Thumb Code     0  fflti.o(.text)
    __aeabi_ui2f                             0x00000d2d   Thumb Code     6  fflti.o(.text)
    _ffltu                                   0x00000d2d   Thumb Code     0  fflti.o(.text)
    __ARM_scalbnf                            0x00000d35   Thumb Code    64  fscalbn.o(.text)
    __fpl_fcmp_InfNaN                        0x00000d79   Thumb Code    96  fcmpin.o(.text)
    __fpl_cmpreturn                          0x00000ddd   Thumb Code    46  cmpret.o(.text)
    __user_libspace                          0x00000e0d   Thumb Code     8  libspace.o(.text)
    __user_perproc_libspace                  0x00000e0d   Thumb Code     0  libspace.o(.text)
    __user_perthread_libspace                0x00000e0d   Thumb Code     0  libspace.o(.text)
    __user_setup_stackheap                   0x00000e15   Thumb Code    62  sys_stackheap_outer.o(.text)
    exit                                     0x00000e53   Thumb Code    16  exit.o(.text)
    __fpl_return_NaN                         0x00000e63   Thumb Code    94  retnan.o(.text)
    __decompress                             0x00000ec1   Thumb Code     0  __dczerorl2.o(.text)
    __decompress1                            0x00000ec1   Thumb Code    86  __dczerorl2.o(.text)
    ADC0_IRQHandler                          0x00000f19   Thumb Code    30  drv_adc.o(i.ADC0_IRQHandler)
    Car_Control                              0x00000f45   Thumb Code   124  freescalecar.o(i.Car_Control)
    Car_ControlStart                         0x00000fc5   Thumb Code    14  freescalecar.o(i.Car_ControlStart)
    Car_ControlStop                          0x00000fd9   Thumb Code    18  freescalecar.o(i.Car_ControlStop)
    Car_DirectionControl                     0x00000fed   Thumb Code   220  freescalecar.o(i.Car_DirectionControl)
    Car_DirectionControlOutput               0x000010d5   Thumb Code    32  freescalecar.o(i.Car_DirectionControlOutput)
    Car_MotorOutput                          0x000010f9   Thumb Code    76  freescalecar.o(i.Car_MotorOutput)
    Car_ParaInit                             0x0000114d   Thumb Code   270  freescalecar.o(i.Car_ParaInit)
    Car_ParaStore                            0x0000129d   Thumb Code   106  freescalecar.o(i.Car_ParaStore)
    Car_Reset                                0x0000130d   Thumb Code    30  freescalecar.o(i.Car_Reset)
    Car_Running                              0x00001341   Thumb Code    10  freescalecar.o(i.Car_Running)
    Car_SetTarSpeed                          0x0000134d   Thumb Code   208  pid_set.o(i.Car_SetTarSpeed)
    Car_SpeedControl                         0x00001445   Thumb Code   236  freescalecar.o(i.Car_SpeedControl)
    Car_SpeedControlOutput                   0x00001551   Thumb Code    12  freescalecar.o(i.Car_SpeedControlOutput)
    DirectionKd_Set                          0x00001561   Thumb Code   206  pid_set.o(i.DirectionKd_Set)
    DirectionKp_Set                          0x00001659   Thumb Code   214  pid_set.o(i.DirectionKp_Set)
    DisplayMenuInit                          0x00001759   Thumb Code   146  menu.o(i.DisplayMenuInit)
    GUI_Arc4                                 0x000017f1   Thumb Code   514  gui_basic.o(i.GUI_Arc4)
    GUI_Button_Selected                      0x000019f3   Thumb Code   318  button.o(i.GUI_Button_Selected)
    GUI_ClearSCR                             0x00001b31   Thumb Code     8  lcmdrv.o(i.GUI_ClearSCR)
    GUI_CmpPointColor                        0x00001b39   Thumb Code    26  gui_basic.o(i.GUI_CmpPointColor)
    GUI_DrawButton                           0x00001b53   Thumb Code   304  button.o(i.GUI_DrawButton)
    GUI_FloodFill                            0x00001c83   Thumb Code   752  gui_basic.o(i.GUI_FloodFill)
    GUI_HLine                                0x00001f73   Thumb Code    40  lcmdrv.o(i.GUI_HLine)
    GUI_Line                                 0x00001f9b   Thumb Code   206  gui_basic.o(i.GUI_Line)
    GUI_MenuItemDraw                         0x00002069   Thumb Code   110  gui_menu.o(i.GUI_MenuItemDraw)
    GUI_MessageBoxButtonStatus               0x000020d9   Thumb Code    34  messagebox.o(i.GUI_MessageBoxButtonStatus)
    GUI_MessageBoxDraw                       0x00002101   Thumb Code   266  messagebox.o(i.GUI_MessageBoxDraw)
    GUI_MessageBoxResult                     0x00002215   Thumb Code     6  messagebox.o(i.GUI_MessageBoxResult)
    GUI_Point                                0x00002221   Thumb Code    10  lcmdrv.o(i.GUI_Point)
    GUI_RLine                                0x0000222b   Thumb Code    38  lcmdrv.o(i.GUI_RLine)
    GUI_ReadLeftPoint                        0x00002251   Thumb Code    74  gui_basic.o(i.GUI_ReadLeftPoint)
    GUI_ReadPoint                            0x0000229b   Thumb Code    16  lcmdrv.o(i.GUI_ReadPoint)
    GUI_ReadRightPoint                       0x000022ab   Thumb Code    48  gui_basic.o(i.GUI_ReadRightPoint)
    GUI_Rectangle                            0x000022db   Thumb Code    60  gui_basic.o(i.GUI_Rectangle)
    GUI_RectangleFill                        0x00002317   Thumb Code    82  gui_basic.o(i.GUI_RectangleFill)
    GUI_Refresh                              0x00002369   Thumb Code     8  lcmdrv.o(i.GUI_Refresh)
    GUI_ScrollbarDraw                        0x00002371   Thumb Code   174  scrollbar.o(i.GUI_ScrollbarDraw)
    GUI_Scrollbar_SetPos                     0x00002425   Thumb Code   104  scrollbar.o(i.GUI_Scrollbar_SetPos)
    GUI_WindowsDraw                          0x0000248d   Thumb Code   166  windows.o(i.GUI_WindowsDraw)
    KBI0_IRQHandler                          0x00002575   Thumb Code    62  drv_kbi.o(i.KBI0_IRQHandler)
    KBI1_IRQHandler                          0x000025c1   Thumb Code    62  drv_kbi.o(i.KBI1_IRQHandler)
    MainMenu_Init                            0x0000267d   Thumb Code    72  menu.o(i.MainMenu_Init)
    Menu_Run                                 0x000026dd   Thumb Code   414  menu.o(i.Menu_Run)
    PIDAdjMenu_Init                          0x000028c9   Thumb Code    84  menu.o(i.PIDAdjMenu_Init)
    PIT_CH0_IRQHandler                       0x0000293d   Thumb Code    30  drv_pit.o(i.PIT_CH0_IRQHandler)
    PIT_CH1_IRQHandler                       0x00002965   Thumb Code    30  drv_pit.o(i.PIT_CH1_IRQHandler)
    ParaSetMenu_Init                         0x0000298d   Thumb Code    76  menu.o(i.ParaSetMenu_Init)
    Para_ShowRefresh                         0x000029ed   Thumb Code    30  para_show.o(i.Para_ShowRefresh)
    Para_Show_UI                             0x00002a11   Thumb Code   980  para_show.o(i.Para_Show_UI)
    Partition                                0x00002eb1   Thumb Code    74  app_sort.o(i.Partition)
    ReadGryo                                 0x00002efd   Thumb Code    14  bsp_mpu.o(i.ReadGryo)
    SpeedKi_Set                              0x00002f11   Thumb Code   214  pid_set.o(i.SpeedKi_Set)
    SpeedKp_Set                              0x0000300d   Thumb Code   214  pid_set.o(i.SpeedKp_Set)
    SysTick_Handler                          0x00003109   Thumb Code     8  bsp_timer.o(i.SysTick_Handler)
    SysTick_ISR                              0x00003111   Thumb Code   124  bsp_timer.o(i.SysTick_ISR)
    SystemInit                               0x00003199   Thumb Code    64  system_skeaz1284.o(i.SystemInit)
    SystemReset                              0x000031f1   Thumb Code   164  menu.o(i.SystemReset)
    UART0_IRQHandler                         0x0000329d   Thumb Code   150  app_debug.o(i.UART0_IRQHandler)
    UART1_IRQHandler                         0x00003345   Thumb Code     2  drv_uart.o(i.UART1_IRQHandler)
    UART2_IRQHandler                         0x00003347   Thumb Code     2  drv_uart.o(i.UART2_IRQHandler)
    __ARM_common_switch8                     0x00003349   Thumb Code    26  freescalecar.o(i.__ARM_common_switch8)
    _sys_exit                                0x00003363   Thumb Code     4  bsp_uart.o(i._sys_exit)
    adc_once                                 0x00003369   Thumb Code    26  bsp_sensor.o(i.adc_once)
    bsp_Config                               0x00003389   Thumb Code    54  bsp.o(i.bsp_Config)
    bsp_bat_GetVol                           0x000033c1   Thumb Code    30  bsp_battery.o(i.bsp_bat_GetVol)
    bsp_beep_Config                          0x000033f1   Thumb Code    46  bsp_beep.o(i.bsp_beep_Config)
    bsp_beep_OFF                             0x0000341f   Thumb Code    12  bsp_beep.o(i.bsp_beep_OFF)
    bsp_encoder_Config                       0x0000342d   Thumb Code   128  bsp_encoder.o(i.bsp_encoder_Config)
    bsp_encoder_ReadCounter                  0x000034b9   Thumb Code    32  bsp_encoder.o(i.bsp_encoder_ReadCounter)
    bsp_i2c_Ack                              0x000034e5   Thumb Code    34  bsp_i2c.o(i.bsp_i2c_Ack)
    bsp_i2c_NoAck                            0x00003507   Thumb Code    34  bsp_i2c.o(i.bsp_i2c_NoAck)
    bsp_i2c_ReadByte                         0x00003529   Thumb Code    94  bsp_i2c.o(i.bsp_i2c_ReadByte)
    bsp_i2c_SendByte                         0x00003587   Thumb Code    72  bsp_i2c.o(i.bsp_i2c_SendByte)
    bsp_i2c_Start                            0x000035cf   Thumb Code    34  bsp_i2c.o(i.bsp_i2c_Start)
    bsp_i2c_Stop                             0x000035f1   Thumb Code    34  bsp_i2c.o(i.bsp_i2c_Stop)
    bsp_i2c_WaitAck                          0x00003613   Thumb Code    76  bsp_i2c.o(i.bsp_i2c_WaitAck)
    bsp_key_Config                           0x0000365f   Thumb Code    12  bsp_key.o(i.bsp_key_Config)
    bsp_key_Detect                           0x0000366d   Thumb Code   170  bsp_key.o(i.bsp_key_Detect)
    bsp_key_FifoConfig                       0x0000371d   Thumb Code    58  bsp_key.o(i.bsp_key_FifoConfig)
    bsp_key_GPIOConfig                       0x00003769   Thumb Code    38  bsp_key.o(i.bsp_key_GPIOConfig)
    bsp_key_GetKey                           0x00003791   Thumb Code    32  bsp_key.o(i.bsp_key_GetKey)
    bsp_key_PutKey                           0x000037b5   Thumb Code    24  bsp_key.o(i.bsp_key_PutKey)
    bsp_key_Scan                             0x000037d1   Thumb Code    20  bsp_key.o(i.bsp_key_Scan)
    bsp_led_Config                           0x000037e5   Thumb Code    44  bsp_led.o(i.bsp_led_Config)
    bsp_led_OFF                              0x00003811   Thumb Code    40  bsp_led.o(i.bsp_led_OFF)
    bsp_led_Toggle                           0x00003839   Thumb Code    34  bsp_led.o(i.bsp_led_Toggle)
    bsp_motor_Config                         0x0000385d   Thumb Code    92  bsp_motor.o(i.bsp_motor_Config)
    bsp_motor_SetPwm                         0x000038c1   Thumb Code    86  bsp_motor.o(i.bsp_motor_SetPwm)
    bsp_mpu_Config                           0x00003921   Thumb Code   118  bsp_mpu.o(i.bsp_mpu_Config)
    bsp_mpu_IICConfig                        0x00003999   Thumb Code    68  bsp_mpu.o(i.bsp_mpu_IICConfig)
    bsp_mpu_ReadBuff                         0x000039fd   Thumb Code   256  bsp_mpu.o(i.bsp_mpu_ReadBuff)
    bsp_mpu_ReadByte                         0x00003b01   Thumb Code   206  bsp_mpu.o(i.bsp_mpu_ReadByte)
    bsp_mpu_ReadGyro                         0x00003bd5   Thumb Code    50  bsp_mpu.o(i.bsp_mpu_ReadGyro)
    bsp_mpu_SetAccelFsr                      0x00003c07   Thumb Code    14  bsp_mpu.o(i.bsp_mpu_SetAccelFsr)
    bsp_mpu_SetGyroFsr                       0x00003c15   Thumb Code    14  bsp_mpu.o(i.bsp_mpu_SetGyroFsr)
    bsp_mpu_SetLPF                           0x00003c23   Thumb Code    52  bsp_mpu.o(i.bsp_mpu_SetLPF)
    bsp_mpu_SetRate                          0x00003c57   Thumb Code    46  bsp_mpu.o(i.bsp_mpu_SetRate)
    bsp_mpu_WriteByte                        0x00003c85   Thumb Code   192  bsp_mpu.o(i.bsp_mpu_WriteByte)
    bsp_oled_Config                          0x00003d49   Thumb Code   256  bsp_oled.o(i.bsp_oled_Config)
    bsp_oled_GPIOConfig                      0x00003e49   Thumb Code    74  bsp_oled.o(i.bsp_oled_GPIOConfig)
    bsp_oled_SetPos                          0x00003e93   Thumb Code    40  bsp_oled.o(i.bsp_oled_SetPos)
    bsp_sensor_Calibration                   0x00003ebd   Thumb Code   554  bsp_sensor.o(i.bsp_sensor_Calibration)
    bsp_sensor_Config                        0x00004129   Thumb Code    36  bsp_sensor.o(i.bsp_sensor_Config)
    bsp_sensor_DataProcess                   0x00004151   Thumb Code   370  bsp_sensor.o(i.bsp_sensor_DataProcess)
    bsp_switch_Config                        0x000042d5   Thumb Code   126  bsp_switch.o(i.bsp_switch_Config)
    bsp_tim_CreateHardTimer                  0x00004355   Thumb Code    66  bsp_timer.o(i.bsp_tim_CreateHardTimer)
    bsp_tim_CreateSoftTimer                  0x0000439d   Thumb Code    52  bsp_timer.o(i.bsp_tim_CreateSoftTimer)
    bsp_tim_DelayMs                          0x000043d5   Thumb Code    26  bsp_timer.o(i.bsp_tim_DelayMs)
    bsp_tim_DelayUs                          0x000043f5   Thumb Code    54  bsp_timer.o(i.bsp_tim_DelayUs)
    bsp_tim_DeleteHardTimer                  0x00004439   Thumb Code    42  bsp_timer.o(i.bsp_tim_DeleteHardTimer)
    bsp_tim_SoftConfig                       0x00004469   Thumb Code    90  bsp_timer.o(i.bsp_tim_SoftConfig)
    bsp_tim_SoftDec                          0x000044d9   Thumb Code    42  bsp_timer.o(i.bsp_tim_SoftDec)
    bsp_uart_Config                          0x00004505   Thumb Code    82  bsp_uart.o(i.bsp_uart_Config)
    bsp_uart_GetUartNo                       0x00004565   Thumb Code    12  bsp_uart.o(i.bsp_uart_GetUartNo)
    bsp_uart_IRQHandler                      0x00004575   Thumb Code    70  bsp_uart.o(i.bsp_uart_IRQHandler)
    bsp_uart_ParaInit                        0x000045bd   Thumb Code    44  bsp_uart.o(i.bsp_uart_ParaInit)
    bsp_uart_SendDataToBuff                  0x000045f5   Thumb Code    80  bsp_uart.o(i.bsp_uart_SendDataToBuff)
    debug_CarDataReport                      0x00004645   Thumb Code    32  app_debug.o(i.debug_CarDataReport)
    debug_DataProcess                        0x00004669   Thumb Code    66  app_debug.o(i.debug_DataProcess)
    debug_DataUpload                         0x000046b1   Thumb Code   104  app_debug.o(i.debug_DataUpload)
    debug_MotorDataReport                    0x00004719   Thumb Code   122  app_debug.o(i.debug_MotorDataReport)
    debug_PIDDownload                        0x000047a1   Thumb Code   164  app_debug.o(i.debug_PIDDownload)
    debug_PIDParaReport                      0x00004855   Thumb Code   146  app_debug.o(i.debug_PIDParaReport)
    debug_Response                           0x000048f5   Thumb Code    66  app_debug.o(i.debug_Response)
    debug_SensorDataReport                   0x0000493d   Thumb Code   122  app_debug.o(i.debug_SensorDataReport)
    displayInit                              0x000049bd   Thumb Code    16  display.o(i.displayInit)
    displayTask                              0x000049cd   Thumb Code   108  display.o(i.displayTask)
    drv_adc_ConvOnce                         0x00004a3d   Thumb Code    76  drv_adc.o(i.drv_adc_ConvOnce)
    drv_adc_Init                             0x00004a8d   Thumb Code   220  drv_adc.o(i.drv_adc_Init)
    drv_flash_EraseSector                    0x00004b79   Thumb Code    36  drv_flash.o(i.drv_flash_EraseSector)
    drv_flash_Init                           0x00004ba1   Thumb Code    44  drv_flash.o(i.drv_flash_Init)
    drv_flash_StartCmd                       0x00004bd9   Thumb Code    34  drv_flash.o(i.drv_flash_StartCmd)
    drv_flash_WriteSector                    0x00004c05   Thumb Code    80  drv_flash.o(i.drv_flash_WriteSector)
    drv_ftm_PWMInit                          0x00004c59   Thumb Code   242  drv_ftm.o(i.drv_ftm_PWMInit)
    drv_ftm_PWMSetDuty                       0x00004d5d   Thumb Code    44  drv_ftm.o(i.drv_ftm_PWMSetDuty)
    drv_gpio_Init                            0x00004d91   Thumb Code   256  drv_gpio.o(i.drv_gpio_Init)
    drv_gpio_PullCmd                         0x00004e9d   Thumb Code   110  drv_gpio.o(i.drv_gpio_PullCmd)
    drv_gpio_ReadPin                         0x00004f19   Thumb Code    22  drv_gpio.o(i.drv_gpio_ReadPin)
    drv_gpio_TogglePin                       0x00004f35   Thumb Code    24  drv_gpio.o(i.drv_gpio_TogglePin)
    drv_gpio_WritePin                        0x00004f51   Thumb Code    38  drv_gpio.o(i.drv_gpio_WritePin)
    drv_pit_Init                             0x00004f7d   Thumb Code   164  drv_pit.o(i.drv_pit_Init)
    drv_pit_Stop                             0x00005035   Thumb Code    26  drv_pit.o(i.drv_pit_Stop)
    drv_rcc_ClockCmd                         0x00005055   Thumb Code    18  drv_rcc.o(i.drv_rcc_ClockCmd)
    drv_uart_Cmd                             0x0000506d   Thumb Code    42  drv_uart.o(i.drv_uart_Cmd)
    drv_uart_Init                            0x000050a5   Thumb Code   148  drv_uart.o(i.drv_uart_Init)
    drv_uart_SelectChannle                   0x0000514d   Thumb Code    64  drv_uart.o(i.drv_uart_SelectChannle)
    exitMenu                                 0x000051a1   Thumb Code    28  menu.o(i.exitMenu)
    filter_SildingAverage                    0x000051c5   Thumb Code    36  app_filter.o(i.filter_SildingAverage)
    fuzzy_PIDClac                            0x000051e9   Thumb Code   854  app_pid.o(i.fuzzy_PIDClac)
    fuzzy_PIDInit                            0x00005551   Thumb Code    58  app_pid.o(i.fuzzy_PIDInit)
    fuzzy_TriMF                              0x00005591   Thumb Code   102  app_pid.o(i.fuzzy_TriMF)
    getMenuSelectitem                        0x00005605   Thumb Code    28  menu.o(i.getMenuSelectitem)
    getMessageBoxStringlen                   0x00005621   Thumb Code    14  messagebox.o(i.getMessageBoxStringlen)
    getWindowStringlen                       0x0000562f   Thumb Code    14  windows.o(i.getWindowStringlen)
    gotoCarParaReset                         0x0000563d   Thumb Code    20  menu.o(i.gotoCarParaReset)
    gotoNextMenu                             0x00005655   Thumb Code    42  menu.o(i.gotoNextMenu)
    gotoParaShow                             0x00005685   Thumb Code    16  menu.o(i.gotoParaShow)
    gotoSetDirctionKd                        0x00005699   Thumb Code    20  menu.o(i.gotoSetDirctionKd)
    gotoSetDirctionKp                        0x000056b1   Thumb Code    20  menu.o(i.gotoSetDirctionKp)
    gotoSetSpeedKi                           0x000056c9   Thumb Code    20  menu.o(i.gotoSetSpeedKi)
    gotoSetSpeedKp                           0x000056e1   Thumb Code    20  menu.o(i.gotoSetSpeedKp)
    gotoSetTargetSpeed                       0x000056f9   Thumb Code    16  menu.o(i.gotoSetTargetSpeed)
    main                                     0x0000570d   Thumb Code   108  main.o(i.main)
    main_ui                                  0x0000578d   Thumb Code   218  main_ui.o(i.main_ui)
    mypow                                    0x0000588d   Thumb Code    20  bsp_oled.o(i.mypow)
    oled_clear                               0x000058a1   Thumb Code    38  bsp_oled.o(i.oled_clear)
    oled_drawPoint                           0x000058cd   Thumb Code    50  bsp_oled.o(i.oled_drawPoint)
    oled_readPoint                           0x00005905   Thumb Code    34  bsp_oled.o(i.oled_readPoint)
    oled_refreshGram                         0x0000592d   Thumb Code    66  bsp_oled.o(i.oled_refreshGram)
    oled_showChar                            0x00005975   Thumb Code   178  bsp_oled.o(i.oled_showChar)
    oled_showNum                             0x00005a35   Thumb Code   122  bsp_oled.o(i.oled_showNum)
    oled_showPicture                         0x00005aaf   Thumb Code   174  bsp_oled.o(i.oled_showPicture)
    oled_showString                          0x00005b5d   Thumb Code    92  bsp_oled.o(i.oled_showString)
    oled_wr_byte                             0x00005bb9   Thumb Code    88  bsp_oled.o(i.oled_wr_byte)
    pid_StorePara                            0x00005c11   Thumb Code    22  app_pid.o(i.pid_StorePara)
    setShow_ui                               0x00005c2d   Thumb Code    22  display.o(i.setShow_ui)
    show_str                                 0x00005d59   Thumb Code   176  text.o(i.show_str)
    show_str_mid                             0x00005e09   Thumb Code    70  text.o(i.show_str_mid)
    sort_QuickSort                           0x00005e4f   Thumb Code    38  app_sort.o(i.sort_QuickSort)
    __aeabi_fadd                             0x00005e75   Thumb Code     0  faddsub.o(x$fpl$fadd)
    _fadd                                    0x00005e75   Thumb Code   134  faddsub.o(x$fpl$fadd)
    __aeabi_cfcmple                          0x00005f01   Thumb Code     0  flef.o(x$fpl$fleqf)
    _fcmple                                  0x00005f01   Thumb Code    78  flef.o(x$fpl$fleqf)
    __aeabi_fmul                             0x00005f55   Thumb Code     0  fmul.o(x$fpl$fmul)
    _fmul                                    0x00005f55   Thumb Code   172  fmul.o(x$fpl$fmul)
    __aeabi_cfrcmple                         0x00006005   Thumb Code     0  frlef.o(x$fpl$frleqf)
    _frcmple                                 0x00006005   Thumb Code    84  frlef.o(x$fpl$frleqf)
    __aeabi_frsub                            0x0000605d   Thumb Code     0  faddsub.o(x$fpl$frsb)
    _frsb                                    0x0000605d   Thumb Code    24  faddsub.o(x$fpl$frsb)
    __aeabi_fsub                             0x00006075   Thumb Code     0  faddsub.o(x$fpl$fsub)
    _fsub                                    0x00006075   Thumb Code   204  faddsub.o(x$fpl$fsub)
    __I$use$fp                               0x00006144   Number         0  usenofp.o(x$fpl$usenofp)
    asc2_0608                                0x0000615c   Data         570  font.o(.constdata)
    asc2_0612                                0x00006396   Data        1140  font.o(.constdata)
    asc2_1224                                0x0000680a   Data        3420  font.o(.constdata)
    font_1212                                0x00007566   Data        3744  font.o(.constdata)
    font_2424                                0x00008406   Data         432  font.o(.constdata)
    bmp_rssi                                 0x000085b6   Data         432  font.o(.constdata)
    bmp_battery                              0x00008766   Data         260  font.o(.constdata)
    scroll_btn_up                            0x0000886a   Data           8  scrollbar.o(.constdata)
    scroll_btn_down                          0x00008872   Data           8  scrollbar.o(.constdata)
    finger_img                               0x0000887a   Data          32  menu.o(.constdata)
    Region$$Table$$Base                      0x00008b9c   Number         0  anon$$obj.o(Region$$Table)
    Region$$Table$$Limit                     0x00008bbc   Number         0  anon$$obj.o(Region$$Table)
    g_CircleSpeedError                       0x1ffff014   Data           2  freescalecar.o(.data)
    SystemCoreClock                          0x1ffff024   Data           4  system_skeaz1284.o(.data)
    SystemBusClock                           0x1ffff028   Data           4  system_skeaz1284.o(.data)
    SystemTimerClock                         0x1ffff02c   Data           4  system_skeaz1284.o(.data)
    period                                   0x1ffff03a   Data           6  drv_ftm.o(.data)
    s_flash_run_entry                        0x1ffff040   Data           4  drv_flash.o(.data)
    s_flash_command_run                      0x1ffff044   Data          14  drv_flash.o(.data)
    TimerTaskRunMutexSignal                  0x1ffff057   Data           1  bsp.o(.data)
    g_iRunTime                               0x1ffff060   Data           4  bsp_timer.o(.data)
    batteryVol                               0x1ffff064   Data           1  bsp_battery.o(.data)
    RecCommand                               0x1ffff066   Data           1  app_debug.o(.data)
    disp_color                               0x1ffff308   Data           1  lcmdrv.o(.data)
    btn_ok_messagebox                        0x1ffff30c   Data          24  messagebox.o(.data)
    btn_cancel_messagebox                    0x1ffff324   Data          24  messagebox.o(.data)
    font1212_table                           0x1ffff33c   Data           4  text.o(.data)
    font2424_table                           0x1ffff340   Data           4  text.o(.data)
    isChangeMenu                             0x1ffff344   Data           1  menu.o(.data)
    CurMenu                                  0x1ffff348   Data           4  menu.o(.data)
    defaultTitle                             0x1ffff34c   Data           4  menu.o(.data)
    CurItem                                  0x1ffff354   Data           4  menu.o(.data)
    selected                                 0x1ffff358   Data           4  menu.o(.data)
    cur_sequence                             0x1ffff35c   Data           4  menu.o(.data)
    PIDParaAdjMenuTitle                      0x1ffff360   Data          28  menu.o(.data)
    MainMenuTitle                            0x1ffff37c   Data          20  menu.o(.data)
    ParaAdjMenuTitle                         0x1ffff390   Data          12  menu.o(.data)
    MenuWindow                               0x1ffff39c   Data          28  menu.o(.data)
    MenuScrollbar                            0x1ffff3b8   Data          32  menu.o(.data)
    MessageBox                               0x1ffff3d8   Data          32  menu.o(.data)
    key                                      0x1ffff3f9   Data           1  display.o(.data)
    isMainUIChange                           0x1ffff3fa   Data           1  main_ui.o(.data)
    bt_add                                   0x1ffff428   Data          24  pid_set.o(.data)
    bt_mines                                 0x1ffff440   Data          24  pid_set.o(.data)
    bt_ok                                    0x1ffff458   Data          24  pid_set.o(.data)
    DebugWindow                              0x1ffff474   Data          28  para_show.o(.data)
    DebugScrollbar                           0x1ffff490   Data          32  para_show.o(.data)
    Car                                      0x1ffff4b0   Data         392  freescalecar.o(.bss)
    KBI_INFO                                 0x1ffff6c8   Data         696  drv_kbi.o(.bss)
    uart_info                                0x1ffff980   Data          40  bsp_uart.o(.bss)
    SoftTimer                                0x1ffffba8   Data         120  bsp_timer.o(.bss)
    HardTimer                                0x1ffffc20   Data          16  bsp_timer.o(.bss)
    SysTime                                  0x1ffffc30   Data          10  bsp_timer.o(.bss)
    mpu_iic                                  0x20000078   Data          28  bsp_mpu.o(.bss)
    RecBuff                                  0x20000094   Data         512  app_debug.o(.bss)
    MainMenu                                 0x20000304   Data         140  menu.o(.bss)
    ParaAdjMenu                              0x20000390   Data         140  menu.o(.bss)
    PIDAdjMenu                               0x2000041c   Data         252  menu.o(.bss)
    __libspace_start                         0x20000518   Data          96  libspace.o(.bss)
    __temporary_stack_top$libspace           0x20000578   Data           0  libspace.o(.bss)



==============================================================================

Memory Map of the image

  Image Entry point : 0x000000c1

  Load Region LR_IROM1 (Base: 0x00000000, Size: 0x0000906c, Max: 0x00020000, ABSOLUTE, COMPRESSED[0x00008d00])

    Execution Region ER_IROM1 (Base: 0x00000000, Size: 0x00008bbc, Max: 0x00020000, ABSOLUTE)

    Base Addr    Size         Type   Attr      Idx    E Section Name        Object

    0x00000000   0x000000c0   Data   RO          259    RESET               startup_skeaz1284.o
    0x000000c0   0x00000008   Code   RO         3348  * !!!main             c_p.l(__main.o)
    0x000000c8   0x0000003c   Code   RO         3765    !!!scatter          c_p.l(__scatter.o)
    0x00000104   0x0000001c   Code   RO         3767    !!handler_zi        c_p.l(__scatter_zi.o)
    0x00000120   0x00000002   Code   RO         3628    .ARM.Collect$$libinit$$00000000  c_p.l(libinit.o)
    0x00000122   0x00000000   Code   RO         3650    .ARM.Collect$$libinit$$00000002  c_p.l(libinit2.o)
    0x00000122   0x00000000   Code   RO         3652    .ARM.Collect$$libinit$$00000004  c_p.l(libinit2.o)
    0x00000122   0x00000000   Code   RO         3655    .ARM.Collect$$libinit$$0000000A  c_p.l(libinit2.o)
    0x00000122   0x00000000   Code   RO         3657    .ARM.Collect$$libinit$$0000000C  c_p.l(libinit2.o)
    0x00000122   0x00000000   Code   RO         3659    .ARM.Collect$$libinit$$0000000E  c_p.l(libinit2.o)
    0x00000122   0x00000000   Code   RO         3662    .ARM.Collect$$libinit$$00000011  c_p.l(libinit2.o)
    0x00000122   0x00000000   Code   RO         3664    .ARM.Collect$$libinit$$00000013  c_p.l(libinit2.o)
    0x00000122   0x00000000   Code   RO         3666    .ARM.Collect$$libinit$$00000015  c_p.l(libinit2.o)
    0x00000122   0x00000000   Code   RO         3668    .ARM.Collect$$libinit$$00000017  c_p.l(libinit2.o)
    0x00000122   0x00000000   Code   RO         3670    .ARM.Collect$$libinit$$00000019  c_p.l(libinit2.o)
    0x00000122   0x00000000   Code   RO         3672    .ARM.Collect$$libinit$$0000001B  c_p.l(libinit2.o)
    0x00000122   0x00000000   Code   RO         3674    .ARM.Collect$$libinit$$0000001D  c_p.l(libinit2.o)
    0x00000122   0x00000000   Code   RO         3676    .ARM.Collect$$libinit$$0000001F  c_p.l(libinit2.o)
    0x00000122   0x00000000   Code   RO         3678    .ARM.Collect$$libinit$$00000021  c_p.l(libinit2.o)
    0x00000122   0x00000000   Code   RO         3680    .ARM.Collect$$libinit$$00000023  c_p.l(libinit2.o)
    0x00000122   0x00000000   Code   RO         3682    .ARM.Collect$$libinit$$00000025  c_p.l(libinit2.o)
    0x00000122   0x00000000   Code   RO         3686    .ARM.Collect$$libinit$$0000002C  c_p.l(libinit2.o)
    0x00000122   0x00000000   Code   RO         3688    .ARM.Collect$$libinit$$0000002E  c_p.l(libinit2.o)
    0x00000122   0x00000000   Code   RO         3690    .ARM.Collect$$libinit$$00000030  c_p.l(libinit2.o)
    0x00000122   0x00000000   Code   RO         3692    .ARM.Collect$$libinit$$00000032  c_p.l(libinit2.o)
    0x00000122   0x00000002   Code   RO         3693    .ARM.Collect$$libinit$$00000033  c_p.l(libinit2.o)
    0x00000124   0x00000002   Code   RO         3719    .ARM.Collect$$libshutdown$$00000000  c_p.l(libshutdown.o)
    0x00000126   0x00000000   Code   RO         3746    .ARM.Collect$$libshutdown$$00000002  c_p.l(libshutdown2.o)
    0x00000126   0x00000000   Code   RO         3748    .ARM.Collect$$libshutdown$$00000004  c_p.l(libshutdown2.o)
    0x00000126   0x00000000   Code   RO         3751    .ARM.Collect$$libshutdown$$00000007  c_p.l(libshutdown2.o)
    0x00000126   0x00000000   Code   RO         3754    .ARM.Collect$$libshutdown$$0000000A  c_p.l(libshutdown2.o)
    0x00000126   0x00000000   Code   RO         3756    .ARM.Collect$$libshutdown$$0000000C  c_p.l(libshutdown2.o)
    0x00000126   0x00000000   Code   RO         3759    .ARM.Collect$$libshutdown$$0000000F  c_p.l(libshutdown2.o)
    0x00000126   0x00000002   Code   RO         3760    .ARM.Collect$$libshutdown$$00000010  c_p.l(libshutdown2.o)
    0x00000128   0x00000000   Code   RO         3426    .ARM.Collect$$rtentry$$00000000  c_p.l(__rtentry.o)
    0x00000128   0x00000000   Code   RO         3540    .ARM.Collect$$rtentry$$00000002  c_p.l(__rtentry2.o)
    0x00000128   0x00000006   Code   RO         3552    .ARM.Collect$$rtentry$$00000004  c_p.l(__rtentry4.o)
    0x0000012e   0x00000000   Code   RO         3542    .ARM.Collect$$rtentry$$00000009  c_p.l(__rtentry2.o)
    0x0000012e   0x00000004   Code   RO         3543    .ARM.Collect$$rtentry$$0000000A  c_p.l(__rtentry2.o)
    0x00000132   0x00000000   Code   RO         3545    .ARM.Collect$$rtentry$$0000000C  c_p.l(__rtentry2.o)
    0x00000132   0x00000008   Code   RO         3546    .ARM.Collect$$rtentry$$0000000D  c_p.l(__rtentry2.o)
    0x0000013a   0x00000002   Code   RO         3636    .ARM.Collect$$rtexit$$00000000  c_p.l(rtexit.o)
    0x0000013c   0x00000000   Code   RO         3695    .ARM.Collect$$rtexit$$00000002  c_p.l(rtexit2.o)
    0x0000013c   0x00000004   Code   RO         3696    .ARM.Collect$$rtexit$$00000003  c_p.l(rtexit2.o)
    0x00000140   0x00000006   Code   RO         3697    .ARM.Collect$$rtexit$$00000004  c_p.l(rtexit2.o)
    0x00000146   0x00000002   PAD
    0x00000148   0x00000040   Code   RO          261    .text               startup_skeaz1284.o
    0x00000188   0x00000002   Code   RO         3272    .text               c_p.l(use_no_semi_2.o)
    0x0000018a   0x00000002   PAD
    0x0000018c   0x00000044   Code   RO         3336    .text               c_p.l(strlen.o)
    0x000001d0   0x00000040   Code   RO         3340    .text               c_p.l(rt_memclr.o)
    0x00000210   0x0000015a   Code   RO         3342    .text               c_p.l(aeabi_sdiv.o)
    0x0000036a   0x00000006   Code   RO         3346    .text               c_p.l(heapauxi.o)
    0x00000370   0x0000007c   Code   RO         3350    .text               fz_ps.l(d2f.o)
    0x000003ec   0x00000002   Code   RO         3424    .text               c_p.l(use_no_semi.o)
    0x000003ee   0x00000002   PAD
    0x000003f0   0x00000010   Code   RO         3590    .text               fz_ps.l(fnan2.o)
    0x00000400   0x00000010   Code   RO          260    .ARM.__at_0x400     startup_skeaz1284.o
    0x00000410   0x00000448   Code   RO         3354    .text               fz_ps.l(ddiv.o)
    0x00000858   0x00000058   Code   RO         3357    .text               fz_ps.l(dflti.o)
    0x000008b0   0x00000248   Code   RO         3359    .text               fz_ps.l(dmul.o)
    0x00000af8   0x00000160   Code   RO         3369    .text               fz_ps.l(fdiv.o)
    0x00000c58   0x0000004c   Code   RO         3372    .text               fz_ps.l(ffixi.o)
    0x00000ca4   0x00000030   Code   RO         3374    .text               fz_ps.l(ffixui.o)
    0x00000cd4   0x0000005e   Code   RO         3376    .text               fz_ps.l(fflti.o)
    0x00000d32   0x00000002   PAD
    0x00000d34   0x00000044   Code   RO         3384    .text               fz_ps.l(fscalbn.o)
    0x00000d78   0x00000064   Code   RO         3491    .text               fz_ps.l(fcmpin.o)
    0x00000ddc   0x0000002e   Code   RO         3584    .text               fz_ps.l(cmpret.o)
    0x00000e0a   0x00000002   PAD
    0x00000e0c   0x00000008   Code   RO         3592    .text               c_p.l(libspace.o)
    0x00000e14   0x0000003e   Code   RO         3595    .text               c_p.l(sys_stackheap_outer.o)
    0x00000e52   0x00000010   Code   RO         3617    .text               c_p.l(exit.o)
    0x00000e62   0x0000005e   Code   RO         3633    .text               fz_ps.l(retnan.o)
    0x00000ec0   0x00000056   Code   RO         3763    .text               c_p.l(__dczerorl2.o)
    0x00000f16   0x00000002   PAD
    0x00000f18   0x0000002c   Code   RO          516    i.ADC0_IRQHandler   drv_adc.o
    0x00000f44   0x00000080   Code   RO          159    i.Car_Control       freescalecar.o
    0x00000fc4   0x00000014   Code   RO          160    i.Car_ControlStart  freescalecar.o
    0x00000fd8   0x00000012   Code   RO          161    i.Car_ControlStop   freescalecar.o
    0x00000fea   0x00000002   PAD
    0x00000fec   0x000000e8   Code   RO          162    i.Car_DirectionControl  freescalecar.o
    0x000010d4   0x00000024   Code   RO          163    i.Car_DirectionControlOutput  freescalecar.o
    0x000010f8   0x00000054   Code   RO          164    i.Car_MotorOutput   freescalecar.o
    0x0000114c   0x00000150   Code   RO          165    i.Car_ParaInit      freescalecar.o
    0x0000129c   0x00000070   Code   RO          166    i.Car_ParaStore     freescalecar.o
    0x0000130c   0x00000034   Code   RO          167    i.Car_Reset         freescalecar.o
    0x00001340   0x0000000a   Code   RO          168    i.Car_Running       freescalecar.o
    0x0000134a   0x00000002   PAD
    0x0000134c   0x000000f8   Code   RO         2648    i.Car_SetTarSpeed   pid_set.o
    0x00001444   0x0000010c   Code   RO          169    i.Car_SpeedControl  freescalecar.o
    0x00001550   0x00000010   Code   RO          170    i.Car_SpeedControlOutput  freescalecar.o
    0x00001560   0x000000f8   Code   RO         2649    i.DirectionKd_Set   pid_set.o
    0x00001658   0x00000100   Code   RO         2651    i.DirectionKp_Set   pid_set.o
    0x00001758   0x00000098   Code   RO         2446    i.DisplayMenuInit   menu.o
    0x000017f0   0x00000202   Code   RO         2087    i.GUI_Arc4          gui_basic.o
    0x000019f2   0x0000013e   Code   RO         2011    i.GUI_Button_Selected  button.o
    0x00001b30   0x00000008   Code   RO         2219    i.GUI_ClearSCR      lcmdrv.o
    0x00001b38   0x0000001a   Code   RO         2090    i.GUI_CmpPointColor  gui_basic.o
    0x00001b52   0x00000130   Code   RO         2012    i.GUI_DrawButton    button.o
    0x00001c82   0x000002f0   Code   RO         2093    i.GUI_FloodFill     gui_basic.o
    0x00001f72   0x00000028   Code   RO         2221    i.GUI_HLine         lcmdrv.o
    0x00001f9a   0x000000ce   Code   RO         2094    i.GUI_Line          gui_basic.o
    0x00002068   0x0000006e   Code   RO         2196    i.GUI_MenuItemDraw  gui_menu.o
    0x000020d6   0x00000002   PAD
    0x000020d8   0x00000028   Code   RO         2289    i.GUI_MessageBoxButtonStatus  messagebox.o
    0x00002100   0x00000114   Code   RO         2291    i.GUI_MessageBoxDraw  messagebox.o
    0x00002214   0x0000000c   Code   RO         2292    i.GUI_MessageBoxResult  messagebox.o
    0x00002220   0x0000000a   Code   RO         2223    i.GUI_Point         lcmdrv.o
    0x0000222a   0x00000026   Code   RO         2224    i.GUI_RLine         lcmdrv.o
    0x00002250   0x0000004a   Code   RO         2098    i.GUI_ReadLeftPoint  gui_basic.o
    0x0000229a   0x00000010   Code   RO         2225    i.GUI_ReadPoint     lcmdrv.o
    0x000022aa   0x00000030   Code   RO         2099    i.GUI_ReadRightPoint  gui_basic.o
    0x000022da   0x0000003c   Code   RO         2100    i.GUI_Rectangle     gui_basic.o
    0x00002316   0x00000052   Code   RO         2101    i.GUI_RectangleFill  gui_basic.o
    0x00002368   0x00000008   Code   RO         2226    i.GUI_Refresh       lcmdrv.o
    0x00002370   0x000000b4   Code   RO         2341    i.GUI_ScrollbarDraw  scrollbar.o
    0x00002424   0x00000068   Code   RO         2342    i.GUI_Scrollbar_SetPos  scrollbar.o
    0x0000248c   0x000000ac   Code   RO         2413    i.GUI_WindowsDraw   windows.o
    0x00002538   0x00000014   Code   RO         1099    i.IsKeyDownPress    bsp_key.o
    0x0000254c   0x00000014   Code   RO         1100    i.IsKeyOkPress      bsp_key.o
    0x00002560   0x00000014   Code   RO         1101    i.IsKeyUpPress      bsp_key.o
    0x00002574   0x0000004c   Code   RO          746    i.KBI0_IRQHandler   drv_kbi.o
    0x000025c0   0x0000004c   Code   RO          747    i.KBI1_IRQHandler   drv_kbi.o
    0x0000260c   0x0000000a   Code   RO         1544    i.MPU_READ_SDA      bsp_mpu.o
    0x00002616   0x0000000c   Code   RO         1545    i.MPU_SCL_HIGH      bsp_mpu.o
    0x00002622   0x0000000c   Code   RO         1546    i.MPU_SCL_LOW       bsp_mpu.o
    0x0000262e   0x0000000c   Code   RO         1547    i.MPU_SDA_HIGH      bsp_mpu.o
    0x0000263a   0x0000000c   Code   RO         1548    i.MPU_SDA_LOW       bsp_mpu.o
    0x00002646   0x0000001a   Code   RO         1549    i.MPU_SDA_SET_IN    bsp_mpu.o
    0x00002660   0x0000001a   Code   RO         1550    i.MPU_SDA_SET_OUT   bsp_mpu.o
    0x0000267a   0x00000002   PAD
    0x0000267c   0x00000060   Code   RO         2447    i.MainMenu_Init     menu.o
    0x000026dc   0x000001a8   Code   RO         2448    i.Menu_Run          menu.o
    0x00002884   0x00000044   Code   RO          356    i.NVIC_SetPriority  drv_pit.o
    0x000028c8   0x00000074   Code   RO         2449    i.PIDAdjMenu_Init   menu.o
    0x0000293c   0x00000028   Code   RO          357    i.PIT_CH0_IRQHandler  drv_pit.o
    0x00002964   0x00000028   Code   RO          358    i.PIT_CH1_IRQHandler  drv_pit.o
    0x0000298c   0x00000060   Code   RO         2450    i.ParaSetMenu_Init  menu.o
    0x000029ec   0x00000024   Code   RO         2715    i.Para_ShowRefresh  para_show.o
    0x00002a10   0x000004a0   Code   RO         2716    i.Para_Show_UI      para_show.o
    0x00002eb0   0x0000004a   Code   RO         1881    i.Partition         app_sort.o
    0x00002efa   0x00000002   PAD
    0x00002efc   0x00000014   Code   RO         1551    i.ReadGryo          bsp_mpu.o
    0x00002f10   0x000000fc   Code   RO         2654    i.SpeedKi_Set       pid_set.o
    0x0000300c   0x000000fc   Code   RO         2655    i.SpeedKp_Set       pid_set.o
    0x00003108   0x00000008   Code   RO          991    i.SysTick_Handler   bsp_timer.o
    0x00003110   0x00000088   Code   RO          992    i.SysTick_ISR       bsp_timer.o
    0x00003198   0x00000058   Code   RO          270    i.SystemInit        system_skeaz1284.o
    0x000031f0   0x000000ac   Code   RO         2451    i.SystemReset       menu.o
    0x0000329c   0x000000a8   Code   RO         1806    i.UART0_IRQHandler  app_debug.o
    0x00003344   0x00000002   Code   RO          416    i.UART1_IRQHandler  drv_uart.o
    0x00003346   0x00000002   Code   RO          417    i.UART2_IRQHandler  drv_uart.o
    0x00003348   0x0000001a   Code   RO          244    i.__ARM_common_switch8  freescalecar.o
    0x00003362   0x00000004   Code   RO          891    i._sys_exit         bsp_uart.o
    0x00003366   0x00000002   PAD
    0x00003368   0x00000020   Code   RO         1465    i.adc_once          bsp_sensor.o
    0x00003388   0x00000036   Code   RO          824    i.bsp_Config        bsp.o
    0x000033be   0x00000002   PAD
    0x000033c0   0x00000030   Code   RO         1743    i.bsp_bat_GetVol    bsp_battery.o
    0x000033f0   0x0000002e   Code   RO         1774    i.bsp_beep_Config   bsp_beep.o
    0x0000341e   0x0000000c   Code   RO         1775    i.bsp_beep_OFF      bsp_beep.o
    0x0000342a   0x00000002   PAD
    0x0000342c   0x0000008c   Code   RO         1439    i.bsp_encoder_Config  bsp_encoder.o
    0x000034b8   0x0000002c   Code   RO         1440    i.bsp_encoder_ReadCounter  bsp_encoder.o
    0x000034e4   0x00000022   Code   RO         1688    i.bsp_i2c_Ack       bsp_i2c.o
    0x00003506   0x00000022   Code   RO         1689    i.bsp_i2c_NoAck     bsp_i2c.o
    0x00003528   0x0000005e   Code   RO         1690    i.bsp_i2c_ReadByte  bsp_i2c.o
    0x00003586   0x00000048   Code   RO         1691    i.bsp_i2c_SendByte  bsp_i2c.o
    0x000035ce   0x00000022   Code   RO         1692    i.bsp_i2c_Start     bsp_i2c.o
    0x000035f0   0x00000022   Code   RO         1693    i.bsp_i2c_Stop      bsp_i2c.o
    0x00003612   0x0000004c   Code   RO         1694    i.bsp_i2c_WaitAck   bsp_i2c.o
    0x0000365e   0x0000000c   Code   RO         1103    i.bsp_key_Config    bsp_key.o
    0x0000366a   0x00000002   PAD
    0x0000366c   0x000000b0   Code   RO         1104    i.bsp_key_Detect    bsp_key.o
    0x0000371c   0x0000004c   Code   RO         1105    i.bsp_key_FifoConfig  bsp_key.o
    0x00003768   0x00000026   Code   RO         1106    i.bsp_key_GPIOConfig  bsp_key.o
    0x0000378e   0x00000002   PAD
    0x00003790   0x00000024   Code   RO         1107    i.bsp_key_GetKey    bsp_key.o
    0x000037b4   0x0000001c   Code   RO         1109    i.bsp_key_PutKey    bsp_key.o
    0x000037d0   0x00000014   Code   RO         1110    i.bsp_key_Scan      bsp_key.o
    0x000037e4   0x0000002c   Code   RO          853    i.bsp_led_Config    bsp_led.o
    0x00003810   0x00000028   Code   RO          854    i.bsp_led_OFF       bsp_led.o
    0x00003838   0x00000022   Code   RO          856    i.bsp_led_Toggle    bsp_led.o
    0x0000385a   0x00000002   PAD
    0x0000385c   0x00000064   Code   RO         1403    i.bsp_motor_Config  bsp_motor.o
    0x000038c0   0x00000060   Code   RO         1404    i.bsp_motor_SetPwm  bsp_motor.o
    0x00003920   0x00000076   Code   RO         1552    i.bsp_mpu_Config    bsp_mpu.o
    0x00003996   0x00000002   PAD
    0x00003998   0x00000064   Code   RO         1553    i.bsp_mpu_IICConfig  bsp_mpu.o
    0x000039fc   0x00000104   Code   RO         1555    i.bsp_mpu_ReadBuff  bsp_mpu.o
    0x00003b00   0x000000d4   Code   RO         1556    i.bsp_mpu_ReadByte  bsp_mpu.o
    0x00003bd4   0x00000032   Code   RO         1557    i.bsp_mpu_ReadGyro  bsp_mpu.o
    0x00003c06   0x0000000e   Code   RO         1559    i.bsp_mpu_SetAccelFsr  bsp_mpu.o
    0x00003c14   0x0000000e   Code   RO         1561    i.bsp_mpu_SetGyroFsr  bsp_mpu.o
    0x00003c22   0x00000034   Code   RO         1562    i.bsp_mpu_SetLPF    bsp_mpu.o
    0x00003c56   0x0000002e   Code   RO         1563    i.bsp_mpu_SetRate   bsp_mpu.o
    0x00003c84   0x000000c4   Code   RO         1565    i.bsp_mpu_WriteByte  bsp_mpu.o
    0x00003d48   0x00000100   Code   RO         1190    i.bsp_oled_Config   bsp_oled.o
    0x00003e48   0x0000004a   Code   RO         1191    i.bsp_oled_GPIOConfig  bsp_oled.o
    0x00003e92   0x00000028   Code   RO         1192    i.bsp_oled_SetPos   bsp_oled.o
    0x00003eba   0x00000002   PAD
    0x00003ebc   0x0000026c   Code   RO         1466    i.bsp_sensor_Calibration  bsp_sensor.o
    0x00004128   0x00000028   Code   RO         1467    i.bsp_sensor_Config  bsp_sensor.o
    0x00004150   0x00000184   Code   RO         1470    i.bsp_sensor_DataProcess  bsp_sensor.o
    0x000042d4   0x0000007e   Code   RO         1518    i.bsp_switch_Config  bsp_switch.o
    0x00004352   0x00000002   PAD
    0x00004354   0x00000048   Code   RO          994    i.bsp_tim_CreateHardTimer  bsp_timer.o
    0x0000439c   0x00000038   Code   RO          995    i.bsp_tim_CreateSoftTimer  bsp_timer.o
    0x000043d4   0x00000020   Code   RO          996    i.bsp_tim_DelayMs   bsp_timer.o
    0x000043f4   0x00000044   Code   RO          997    i.bsp_tim_DelayUs   bsp_timer.o
    0x00004438   0x00000030   Code   RO          998    i.bsp_tim_DeleteHardTimer  bsp_timer.o
    0x00004468   0x00000070   Code   RO         1002    i.bsp_tim_SoftConfig  bsp_timer.o
    0x000044d8   0x0000002a   Code   RO         1003    i.bsp_tim_SoftDec   bsp_timer.o
    0x00004502   0x00000002   PAD
    0x00004504   0x00000060   Code   RO          894    i.bsp_uart_Config   bsp_uart.o
    0x00004564   0x00000010   Code   RO          896    i.bsp_uart_GetUartNo  bsp_uart.o
    0x00004574   0x00000046   Code   RO          897    i.bsp_uart_IRQHandler  bsp_uart.o
    0x000045ba   0x00000002   PAD
    0x000045bc   0x00000038   Code   RO          898    i.bsp_uart_ParaInit  bsp_uart.o
    0x000045f4   0x00000050   Code   RO          901    i.bsp_uart_SendDataToBuff  bsp_uart.o
    0x00004644   0x00000024   Code   RO         1807    i.debug_CarDataReport  app_debug.o
    0x00004668   0x00000048   Code   RO         1808    i.debug_DataProcess  app_debug.o
    0x000046b0   0x00000068   Code   RO         1809    i.debug_DataUpload  app_debug.o
    0x00004718   0x00000088   Code   RO         1810    i.debug_MotorDataReport  app_debug.o
    0x000047a0   0x000000b4   Code   RO         1811    i.debug_PIDDownload  app_debug.o
    0x00004854   0x000000a0   Code   RO         1812    i.debug_PIDParaReport  app_debug.o
    0x000048f4   0x00000048   Code   RO         1813    i.debug_Response    app_debug.o
    0x0000493c   0x00000080   Code   RO         1814    i.debug_SensorDataReport  app_debug.o
    0x000049bc   0x00000010   Code   RO         2584    i.displayInit       display.o
    0x000049cc   0x00000070   Code   RO         2585    i.displayTask       display.o
    0x00004a3c   0x00000050   Code   RO          517    i.drv_adc_ConvOnce  drv_adc.o
    0x00004a8c   0x000000ec   Code   RO          520    i.drv_adc_Init      drv_adc.o
    0x00004b78   0x00000028   Code   RO          693    i.drv_flash_EraseSector  drv_flash.o
    0x00004ba0   0x00000038   Code   RO          695    i.drv_flash_Init    drv_flash.o
    0x00004bd8   0x0000002c   Code   RO          696    i.drv_flash_StartCmd  drv_flash.o
    0x00004c04   0x00000054   Code   RO          697    i.drv_flash_WriteSector  drv_flash.o
    0x00004c58   0x00000104   Code   RO          576    i.drv_ftm_PWMInit   drv_ftm.o
    0x00004d5c   0x00000034   Code   RO          577    i.drv_ftm_PWMSetDuty  drv_ftm.o
    0x00004d90   0x0000010c   Code   RO          301    i.drv_gpio_Init     drv_gpio.o
    0x00004e9c   0x0000007c   Code   RO          303    i.drv_gpio_PullCmd  drv_gpio.o
    0x00004f18   0x0000001c   Code   RO          304    i.drv_gpio_ReadPin  drv_gpio.o
    0x00004f34   0x0000001c   Code   RO          305    i.drv_gpio_TogglePin  drv_gpio.o
    0x00004f50   0x0000002c   Code   RO          306    i.drv_gpio_WritePin  drv_gpio.o
    0x00004f7c   0x000000b8   Code   RO          360    i.drv_pit_Init      drv_pit.o
    0x00005034   0x00000020   Code   RO          362    i.drv_pit_Stop      drv_pit.o
    0x00005054   0x00000018   Code   RO          496    i.drv_rcc_ClockCmd  drv_rcc.o
    0x0000506c   0x00000038   Code   RO          418    i.drv_uart_Cmd      drv_uart.o
    0x000050a4   0x000000a8   Code   RO          422    i.drv_uart_Init     drv_uart.o
    0x0000514c   0x00000054   Code   RO          424    i.drv_uart_SelectChannle  drv_uart.o
    0x000051a0   0x00000024   Code   RO         2452    i.exitMenu          menu.o
    0x000051c4   0x00000024   Code   RO         1921    i.filter_SildingAverage  app_filter.o
    0x000051e8   0x00000368   Code   RO         1952    i.fuzzy_PIDClac     app_pid.o
    0x00005550   0x00000040   Code   RO         1953    i.fuzzy_PIDInit     app_pid.o
    0x00005590   0x00000066   Code   RO         1955    i.fuzzy_TriMF       app_pid.o
    0x000055f6   0x0000000e   Code   RO         2013    i.getBtnStringlen   button.o
    0x00005604   0x0000001c   Code   RO         2453    i.getMenuSelectitem  menu.o
    0x00005620   0x0000000e   Code   RO         2293    i.getMessageBoxStringlen  messagebox.o
    0x0000562e   0x0000000e   Code   RO         2414    i.getWindowStringlen  windows.o
    0x0000563c   0x00000018   Code   RO         2454    i.gotoCarParaReset  menu.o
    0x00005654   0x00000030   Code   RO         2457    i.gotoNextMenu      menu.o
    0x00005684   0x00000014   Code   RO         2458    i.gotoParaShow      menu.o
    0x00005698   0x00000018   Code   RO         2459    i.gotoSetDirctionKd  menu.o
    0x000056b0   0x00000018   Code   RO         2460    i.gotoSetDirctionKp  menu.o
    0x000056c8   0x00000018   Code   RO         2461    i.gotoSetSpeedKi    menu.o
    0x000056e0   0x00000018   Code   RO         2462    i.gotoSetSpeedKp    menu.o
    0x000056f8   0x00000014   Code   RO         2463    i.gotoSetTargetSpeed  menu.o
    0x0000570c   0x00000080   Code   RO            3    i.main              main.o
    0x0000578c   0x00000100   Code   RO         2625    i.main_ui           main_ui.o
    0x0000588c   0x00000014   Code   RO         1193    i.mypow             bsp_oled.o
    0x000058a0   0x0000002c   Code   RO         1194    i.oled_clear        bsp_oled.o
    0x000058cc   0x00000038   Code   RO         1197    i.oled_drawPoint    bsp_oled.o
    0x00005904   0x00000028   Code   RO         1199    i.oled_readPoint    bsp_oled.o
    0x0000592c   0x00000048   Code   RO         1200    i.oled_refreshGram  bsp_oled.o
    0x00005974   0x000000c0   Code   RO         1201    i.oled_showChar     bsp_oled.o
    0x00005a34   0x0000007a   Code   RO         1202    i.oled_showNum      bsp_oled.o
    0x00005aae   0x000000ae   Code   RO         1203    i.oled_showPicture  bsp_oled.o
    0x00005b5c   0x0000005c   Code   RO         1204    i.oled_showString   bsp_oled.o
    0x00005bb8   0x00000058   Code   RO         1205    i.oled_wr_byte      bsp_oled.o
    0x00005c10   0x0000001c   Code   RO         1957    i.pid_StorePara     app_pid.o
    0x00005c2c   0x00000020   Code   RO         2586    i.setShow_ui        display.o
    0x00005c4c   0x0000010c   Code   RO         2378    i.show_font         text.o
    0x00005d58   0x000000b0   Code   RO         2379    i.show_str          text.o
    0x00005e08   0x00000046   Code   RO         2380    i.show_str_mid      text.o
    0x00005e4e   0x00000026   Code   RO         1883    i.sort_QuickSort    app_sort.o
    0x00005e74   0x0000008c   Code   RO         3363    x$fpl$fadd          fz_ps.l(faddsub.o)
    0x00005f00   0x00000054   Code   RO         3378    x$fpl$fleqf         fz_ps.l(flef.o)
    0x00005f54   0x000000b0   Code   RO         3380    x$fpl$fmul          fz_ps.l(fmul.o)
    0x00006004   0x00000058   Code   RO         3382    x$fpl$frleqf        fz_ps.l(frlef.o)
    0x0000605c   0x00000018   Code   RO         3364    x$fpl$frsb          fz_ps.l(faddsub.o)
    0x00006074   0x000000d0   Code   RO         3365    x$fpl$fsub          fz_ps.l(faddsub.o)
    0x00006144   0x00000000   Code   RO         3501    x$fpl$usenofp       fz_ps.l(usenofp.o)
    0x00006144   0x0000000c   Data   RO          307    .constdata          drv_gpio.o
    0x00006150   0x0000000c   Data   RO          578    .constdata          drv_ftm.o
    0x0000615c   0x0000023a   Data   RO         2067    .constdata          font.o
    0x00006396   0x00000474   Data   RO         2068    .constdata          font.o
    0x0000680a   0x00000d5c   Data   RO         2069    .constdata          font.o
    0x00007566   0x00000ea0   Data   RO         2070    .constdata          font.o
    0x00008406   0x000001b0   Data   RO         2071    .constdata          font.o
    0x000085b6   0x000001b0   Data   RO         2073    .constdata          font.o
    0x00008766   0x00000104   Data   RO         2074    .constdata          font.o
    0x0000886a   0x00000010   Data   RO         2343    .constdata          scrollbar.o
    0x0000887a   0x00000020   Data   RO         2466    .constdata          menu.o
    0x0000889a   0x00000080   Data   RO         3355    .constdata          fz_ps.l(ddiv.o)
    0x0000891a   0x00000040   Data   RO         3370    .constdata          fz_ps.l(fdiv.o)
    0x0000895a   0x00000002   PAD
    0x0000895c   0x0000000b   Data   RO         2294    .conststring        messagebox.o
    0x00008967   0x00000001   PAD
    0x00008968   0x00000149   Data   RO         2381    .conststring        text.o
    0x00008ab1   0x00000003   PAD
    0x00008ab4   0x000000cc   Data   RO         2467    .conststring        menu.o
    0x00008b80   0x00000006   Data   RO         2656    .conststring        pid_set.o
    0x00008b86   0x00000002   PAD
    0x00008b88   0x00000012   Data   RO         2717    .conststring        para_show.o
    0x00008b9a   0x00000002   PAD
    0x00008b9c   0x00000020   Data   RO         3761    Region$$Table       anon$$obj.o


    Execution Region RW_IRAM1 (Base: 0x1ffff000, Size: 0x00001678, Max: 0x00004000, ABSOLUTE, COMPRESSED[0x00000144])

    Base Addr    Size         Type   Attr      Idx    E Section Name        Object

    0x1ffff000   0x00000024   Data   RW          173    .data               freescalecar.o
    0x1ffff024   0x0000000c   Data   RW          271    .data               system_skeaz1284.o
    0x1ffff030   0x00000008   Data   RW          363    .data               drv_pit.o
    0x1ffff038   0x00000001   Data   RW          523    .data               drv_adc.o
    0x1ffff039   0x00000001   PAD
    0x1ffff03a   0x00000006   Data   RW          579    .data               drv_ftm.o
    0x1ffff040   0x00000012   Data   RW          698    .data               drv_flash.o
    0x1ffff052   0x00000005   Data   RW          753    .data               drv_kbi.o
    0x1ffff057   0x00000001   Data   RW          826    .data               bsp.o
    0x1ffff058   0x0000000c   Data   RW         1006    .data               bsp_timer.o
    0x1ffff064   0x00000001   Data   RW         1744    .data               bsp_battery.o
    0x1ffff065   0x00000002   Data   RW         1816    .data               app_debug.o
    0x1ffff067   0x00000001   PAD
    0x1ffff068   0x000002a0   Data   RW         1959    .data               app_pid.o
    0x1ffff308   0x00000001   Data   RW         2227    .data               lcmdrv.o
    0x1ffff309   0x00000003   PAD
    0x1ffff30c   0x00000030   Data   RW         2295    .data               messagebox.o
    0x1ffff33c   0x00000008   Data   RW         2382    .data               text.o
    0x1ffff344   0x000000b4   Data   RW         2468    .data               menu.o
    0x1ffff3f8   0x00000002   Data   RW         2587    .data               display.o
    0x1ffff3fa   0x00000002   Data   RW         2626    .data               main_ui.o
    0x1ffff3fc   0x00000074   Data   RW         2657    .data               pid_set.o
    0x1ffff470   0x00000040   Data   RW         2718    .data               para_show.o
    0x1ffff4b0   0x00000188   Zero   RW          171    .bss                freescalecar.o
    0x1ffff638   0x00000090   Zero   RW          522    .bss                drv_adc.o
    0x1ffff6c8   0x000002b8   Zero   RW          751    .bss                drv_kbi.o
    0x1ffff980   0x00000228   Zero   RW          903    .bss                bsp_uart.o
    0x1ffffba8   0x00000092   Zero   RW         1005    .bss                bsp_timer.o
    0x1ffffc3a   0x00000002   PAD
    0x1ffffc3c   0x0000003c   Zero   RW         1112    .bss                bsp_key.o
    0x1ffffc78   0x00000400   Zero   RW         1206    .bss                bsp_oled.o
    0x20000078   0x0000001c   Zero   RW         1566    .bss                bsp_mpu.o
    0x20000094   0x00000200   Zero   RW         1815    .bss                app_debug.o
    0x20000294   0x00000070   Zero   RW         1958    .bss                app_pid.o
    0x20000304   0x00000214   Zero   RW         2464    .bss                menu.o
    0x20000518   0x00000060   Zero   RW         3593    .bss                c_p.l(libspace.o)
    0x20000578   0x00000000   Zero   RW          258    HEAP                startup_skeaz1284.o
    0x20000578   0x00000100   Zero   RW          257    STACK               startup_skeaz1284.o


==============================================================================

Image component sizes


      Code (inc. data)   RO Data    RW Data    ZI Data      Debug   Object Name

      1056         84          0          2        512       6507   app_debug.o
        36          0          0          0          0       1060   app_filter.o
      1066         30          0        672        112       4406   app_pid.o
       112          0          0          0          0       1797   app_sort.o
        54          0          0          1          0        767   bsp.o
        48         18          0          1          0        782   bsp_battery.o
        58          0          0          0          0       1289   bsp_beep.o
       184         24          0          0          0       1079   bsp_encoder.o
       378          0          0          0          0       4765   bsp_i2c.o
       446         32          0          0         60       5921   bsp_key.o
       118          0          0          0          0       1560   bsp_led.o
       196         18          0          0          0       1270   bsp_motor.o
      1192         52          0          0         28      11147   bsp_mpu.o
      1270         38          0          0       1024      10733   bsp_oled.o
      1080        110          0          0          0       3327   bsp_sensor.o
       126          0          0          0          0        568   bsp_switch.o
       574         70          0         12        146      13038   bsp_timer.o
       322         30          0          0        552       6059   bsp_uart.o
       636          0          0          0          0       3143   button.o
       160         26          0          2          0       2290   display.o
       360         34          0          1        144       8560   drv_adc.o
       224         30          0         18          0       3174   drv_flash.o
       312         26         12          6          0       2480   drv_ftm.o
       492         42         12          0          0       4019   drv_gpio.o
       152         28          0          5        696       1995   drv_kbi.o
       364         54          0          8          0       9004   drv_pit.o
        24          6          0          0          0        547   drv_rcc.o
       312         54          0          0          0       3222   drv_uart.o
         0          0       9998          0          0       1161   font.o
      1338        172          0         36        392       9220   freescalecar.o
      1762          0          0          0          0       9055   gui_basic.o
       110          0          0          0          0       1807   gui_menu.o
       120          0          0          1          0       4145   lcmdrv.o
       128         20          0          0          0     127635   main.o
       256         38          0          2          0        831   main_ui.o
      1328        142        236        180        532      10602   menu.o
       342         22         11         48          0       3784   messagebox.o
      1220        210         18         64          0       2307   para_show.o
      1256        200          6        116          0       4790   pid_set.o
       284          6         16          0          0       2627   scrollbar.o
        80         44        192          0        256        908   startup_skeaz1284.o
        88         24          0         12          0        871   system_skeaz1284.o
       514         12        329          8          0       4078   text.o
       186          6          0          0          0       2115   windows.o

    ----------------------------------------------------------------------
     20396       1702      10870       1200       4456     300445   Object Totals
         0          0         32          0          0          0   (incl. Generated)
        32          0          8          5          2          0   (incl. Padding)

    ----------------------------------------------------------------------

      Code (inc. data)   RO Data    RW Data    ZI Data      Debug   Library Member Name

        86          0          0          0          0          0   __dczerorl2.o
         8          0          0          0          0         68   __main.o
         0          0          0          0          0          0   __rtentry.o
        12          0          0          0          0          0   __rtentry2.o
         6          0          0          0          0          0   __rtentry4.o
        60          8          0          0          0          0   __scatter.o
        28          0          0          0          0          0   __scatter_zi.o
       346          0          0          0          0         92   aeabi_sdiv.o
        16          0          0          0          0         68   exit.o
         6          0          0          0          0        136   heapauxi.o
         2          0          0          0          0          0   libinit.o
         2          0          0          0          0          0   libinit2.o
         2          0          0          0          0          0   libshutdown.o
         2          0          0          0          0          0   libshutdown2.o
         8          4          0          0         96         68   libspace.o
        64          0          0          0          0        108   rt_memclr.o
         2          0          0          0          0          0   rtexit.o
        10          0          0          0          0          0   rtexit2.o
        68          6          0          0          0         72   strlen.o
        62          0          0          0          0         80   sys_stackheap_outer.o
         2          0          0          0          0         68   use_no_semi.o
         2          0          0          0          0         68   use_no_semi_2.o
        46          0          0          0          0         60   cmpret.o
       124          4          0          0          0         72   d2f.o
      1096         26        128          0          0        112   ddiv.o
        88          0          0          0          0         92   dflti.o
       584         26          0          0          0         84   dmul.o
       372          8          0          0          0        240   faddsub.o
       100          4          0          0          0         68   fcmpin.o
       352         10         64          0          0         92   fdiv.o
        76          0          0          0          0         68   ffixi.o
        48          0          0          0          0         60   ffixui.o
        94          0          0          0          0         92   fflti.o
        84          4          0          0          0         76   flef.o
       176          4          0          0          0         80   fmul.o
        16          6          0          0          0         68   fnan2.o
        88          4          0          0          0         76   frlef.o
        68          4          0          0          0         68   fscalbn.o
        94          0          0          0          0         68   retnan.o
         0          0          0          0          0          0   usenofp.o

    ----------------------------------------------------------------------
      4312        118        194          0         96       2304   Library Totals
        12          0          2          0          0          0   (incl. Padding)

    ----------------------------------------------------------------------

      Code (inc. data)   RO Data    RW Data    ZI Data      Debug   Library Name

       794         18          0          0         96        828   c_p.l
      3506        100        192          0          0       1476   fz_ps.l

    ----------------------------------------------------------------------
      4312        118        194          0         96       2304   Library Totals

    ----------------------------------------------------------------------

==============================================================================


      Code (inc. data)   RO Data    RW Data    ZI Data      Debug   

     24708       1820      11064       1200       4552     293313   Grand Totals
     24708       1820      11064        324       4552     293313   ELF Image Totals (compressed)
     24708       1820      11064        324          0          0   ROM Totals

==============================================================================

    Total RO  Size (Code + RO Data)                35772 (  34.93kB)
    Total RW  Size (RW Data + ZI Data)              5752 (   5.62kB)
    Total ROM Size (Code + RO Data + RW Data)      36096 (  35.25kB)

==============================================================================

