<html>
<body>
<pre>
<h1>礦ision Build Log</h1>
<h2>Tool Versions:</h2>
IDE-Version: μVision V5.21.1.0
Copyright (C) 2016 ARM Ltd and ARM Germany GmbH. All rights reserved.
License Information: 1 1, 1, LIC=47GGK-ZE1S3-Q01NJ-U7HKU-P01QR-5NNXT
 
Tool Versions:
Toolchain:       MDK-ARM Plus  Version: 5.21a
Toolchain Path:  C:\Keil_v5\ARM\ARMCC\Bin
C Compiler:      Armcc.exe V5.06 update 3 (build 300)
Assembler:       Armasm.exe V5.06 update 3 (build 300)
Linker/Locator:  ArmLink.exe V5.06 update 3 (build 300)
Library Manager: ArmAr.exe V5.06 update 3 (build 300)
Hex Converter:   FromElf.exe V5.06 update 3 (build 300)
CPU DLL:         SARMCM3.DLL V5.21a
Dialog DLL:      DARMCM1.DLL V1.14.0.0
Target DLL:      Segger\JL2CM3.dll V2.99.23.0
Dialog DLL:      TARMCM1.DLL V1.10.0.0
 
<h2>Project:</h2>
E:\学习资料\比赛\飞思卡尔智能车大赛\电磁三轮组\程序\Freescale\USER\FreescaleCar.uvprojx
Project File Date:  03/25/2018

<h2>Output:</h2>
*** Using Compiler 'V5.06 update 3 (build 300)', folder: 'C:\Keil_v5\ARM\ARMCC\Bin'
Build target 'FreescaleCar'
compiling FreescaleCar.c...
FreescaleCar.c(348): warning:  #177-D: variable "Velocity" was declared but never referenced
  	int16_t Velocity = 0;
FreescaleCar.c(567): warning:  #177-D: variable "TurnDirction" was declared but never referenced
  	uint8_t TurnDirction = 0;
FreescaleCar.c(78): warning:  #177-D: variable "g_LeftSpeedControlOutNew" was declared but never referenced
  static int16_t g_LeftSpeedControlOutNew = 0;
FreescaleCar.c(79): warning:  #177-D: variable "g_LeftSpeedControlOutOld" was declared but never referenced
  static int16_t g_LeftSpeedControlOutOld = 0;
FreescaleCar.c(80): warning:  #177-D: variable "g_LeftSpeedControlOut" was declared but never referenced
  static int16_t g_LeftSpeedControlOut = 0;
FreescaleCar.c(81): warning:  #177-D: variable "g_RightSpeedControlOutNew" was declared but never referenced
  static int16_t g_RightSpeedControlOutNew = 0;
FreescaleCar.c(82): warning:  #177-D: variable "g_RightSpeedControlOutOld" was declared but never referenced
  static int16_t g_RightSpeedControlOutOld = 0;
FreescaleCar.c(83): warning:  #177-D: variable "g_RightSpeedControlOut" was declared but never referenced
  static int16_t g_RightSpeedControlOut = 0;
FreescaleCar.c(84): warning:  #177-D: variable "g_SpeedCounter" was declared but never referenced
  static int16_t g_SpeedCounter = 0;
FreescaleCar.c(102): warning:  #177-D: variable "g_CarLastDirction" was declared but never referenced
  static uint8_t g_CarLastDirction = 0;
FreescaleCar.c(106): warning:  #177-D: variable "g_StaightFlag" was declared but never referenced
  static uint16_t g_StaightFlag = 0;
FreescaleCar.c(107): warning:  #177-D: variable "g_CurveFlag" was declared but never referenced
  static uint8_t g_CurveFlag = 0;
FreescaleCar.c: 12 warnings, 0 errors
linking...
Program Size: Code=22176 RO-data=10892 RW-data=480 ZI-data=4216  
FromELF: creating hex file...
".\Objects\FreescaleCar.axf" - 0 Error(s), 12 Warning(s).

<h2>Collection of Component include folders:</h2>
  E:\学习资料\比赛\飞思卡尔智能车大赛\电磁三轮组\程序\Freescale\USER\RTE
  D:\KeilPack\Keil\Kinetis_KEAxx_DFP\1.3.0\Device\Include

<h2>Collection of Component Files used:</h2>
Build Time Elapsed:  00:00:03
</pre>
</body>
</html>
