<!doctype html public "-//w3c//dtd html 4.0 transitional//en">
<html><head>
<title>Static Call Graph - [.\Objects\FreescaleCar.axf]</title></head>
<body><HR>
<H1>Static Call Graph for image .\Objects\FreescaleCar.axf</H1><HR>
<BR><P>#&#060CALLGRAPH&#062# ARM Linker, 5060300: Last Updated: Tue Mar 27 00:21:41 2018
<BR><P>
<H3>Maximum Stack Usage =        488 bytes + Unknown(Functions without stacksize, Cycles, Untraceable Function Pointers)</H3><H3>
Call chain for Maximum Stack Depth:</H3>
__rt_entry_main &rArr; main &rArr; displayTask &rArr; SpeedKp_Set &rArr; GUI_DrawButton &rArr; GUI_FloodFill &rArr; GUI_HLine &rArr; GUI_Point &rArr; oled_drawPoint
<P>
<H3>
Functions with no stack information
</H3><UL>
 <LI><a href="#[68]">__user_initial_stackheap</a>
</UL>
</UL>
<P>
<H3>
Mutually Recursive functions
</H3> <LI><a href="#[8]">NMI_Handler</a>&nbsp;&nbsp;&nbsp;&rArr;&nbsp;&nbsp;&nbsp;<a href="#[8]">NMI_Handler</a><BR>
 <LI><a href="#[9]">HardFault_Handler</a>&nbsp;&nbsp;&nbsp;&rArr;&nbsp;&nbsp;&nbsp;<a href="#[9]">HardFault_Handler</a><BR>
 <LI><a href="#[a]">SVC_Handler</a>&nbsp;&nbsp;&nbsp;&rArr;&nbsp;&nbsp;&nbsp;<a href="#[a]">SVC_Handler</a><BR>
 <LI><a href="#[b]">PendSV_Handler</a>&nbsp;&nbsp;&nbsp;&rArr;&nbsp;&nbsp;&nbsp;<a href="#[b]">PendSV_Handler</a><BR>
 <LI><a href="#[1d]">ACMP0_IRQHandler</a>&nbsp;&nbsp;&nbsp;&rArr;&nbsp;&nbsp;&nbsp;<a href="#[1d]">ACMP0_IRQHandler</a><BR>
 <LI><a href="#[df]">sort_QuickSort</a>&nbsp;&nbsp;&nbsp;&rArr;&nbsp;&nbsp;&nbsp;<a href="#[df]">sort_QuickSort</a><BR>
</UL>
<P>
<H3>
Function Pointers
</H3><UL>
 <LI><a href="#[1d]">ACMP0_IRQHandler</a> from startup_skeaz1284.o(.text) referenced from startup_skeaz1284.o(RESET)
 <LI><a href="#[22]">ACMP1_IRQHandler</a> from startup_skeaz1284.o(.text) referenced from startup_skeaz1284.o(RESET)
 <LI><a href="#[1c]">ADC0_IRQHandler</a> from drv_adc.o(i.ADC0_IRQHandler) referenced from startup_skeaz1284.o(RESET)
 <LI><a href="#[30]">Car_Control</a> from freescalecar.o(i.Car_Control) referenced from freescalecar.o(i.Car_ControlStart)
 <LI><a href="#[30]">Car_Control</a> from freescalecar.o(i.Car_Control) referenced from main.o(i.main)
 <LI><a href="#[44]">Car_Running</a> from freescalecar.o(i.Car_Running) referenced from main.o(i.main)
 <LI><a href="#[1e]">FTM0_IRQHandler</a> from startup_skeaz1284.o(.text) referenced from startup_skeaz1284.o(RESET)
 <LI><a href="#[1f]">FTM1_IRQHandler</a> from startup_skeaz1284.o(.text) referenced from startup_skeaz1284.o(RESET)
 <LI><a href="#[20]">FTM2_IRQHandler</a> from startup_skeaz1284.o(.text) referenced from startup_skeaz1284.o(RESET)
 <LI><a href="#[12]">FTMRE_IRQHandler</a> from startup_skeaz1284.o(.text) referenced from startup_skeaz1284.o(RESET)
 <LI><a href="#[9]">HardFault_Handler</a> from startup_skeaz1284.o(.text) referenced from startup_skeaz1284.o(RESET)
 <LI><a href="#[15]">I2C0_IRQHandler</a> from startup_skeaz1284.o(.text) referenced from startup_skeaz1284.o(RESET)
 <LI><a href="#[16]">I2C1_IRQHandler</a> from startup_skeaz1284.o(.text) referenced from startup_skeaz1284.o(RESET)
 <LI><a href="#[28]">ICS_IRQHandler</a> from startup_skeaz1284.o(.text) referenced from startup_skeaz1284.o(RESET)
 <LI><a href="#[14]">IRQ_IRQHandler</a> from startup_skeaz1284.o(.text) referenced from startup_skeaz1284.o(RESET)
 <LI><a href="#[3a]">IsKeyDownPress</a> from bsp_key.o(i.IsKeyDownPress) referenced from bsp_key.o(i.bsp_key_FIFOInit)
 <LI><a href="#[39]">IsKeyOkPress</a> from bsp_key.o(i.IsKeyOkPress) referenced from bsp_key.o(i.bsp_key_FIFOInit)
 <LI><a href="#[38]">IsKeyUpPress</a> from bsp_key.o(i.IsKeyUpPress) referenced from bsp_key.o(i.bsp_key_FIFOInit)
 <LI><a href="#[25]">KBI0_IRQHandler</a> from drv_kbi.o(i.KBI0_IRQHandler) referenced from startup_skeaz1284.o(RESET)
 <LI><a href="#[26]">KBI1_IRQHandler</a> from drv_kbi.o(i.KBI1_IRQHandler) referenced from startup_skeaz1284.o(RESET)
 <LI><a href="#[13]">LVD_LVW_IRQHandler</a> from startup_skeaz1284.o(.text) referenced from startup_skeaz1284.o(RESET)
 <LI><a href="#[41]">MPU_READ_SDA</a> from bsp_mpu.o(i.MPU_READ_SDA) referenced from bsp_mpu.o(i.bsp_mpu_IICConfig)
 <LI><a href="#[3b]">MPU_SCL_HIGH</a> from bsp_mpu.o(i.MPU_SCL_HIGH) referenced from bsp_mpu.o(i.bsp_mpu_IICConfig)
 <LI><a href="#[3c]">MPU_SCL_LOW</a> from bsp_mpu.o(i.MPU_SCL_LOW) referenced from bsp_mpu.o(i.bsp_mpu_IICConfig)
 <LI><a href="#[3d]">MPU_SDA_HIGH</a> from bsp_mpu.o(i.MPU_SDA_HIGH) referenced from bsp_mpu.o(i.bsp_mpu_IICConfig)
 <LI><a href="#[3e]">MPU_SDA_LOW</a> from bsp_mpu.o(i.MPU_SDA_LOW) referenced from bsp_mpu.o(i.bsp_mpu_IICConfig)
 <LI><a href="#[3f]">MPU_SDA_SET_IN</a> from bsp_mpu.o(i.MPU_SDA_SET_IN) referenced from bsp_mpu.o(i.bsp_mpu_IICConfig)
 <LI><a href="#[40]">MPU_SDA_SET_OUT</a> from bsp_mpu.o(i.MPU_SDA_SET_OUT) referenced from bsp_mpu.o(i.bsp_mpu_IICConfig)
 <LI><a href="#[2b]">MSCAN_RX_IRQHandler</a> from startup_skeaz1284.o(.text) referenced from startup_skeaz1284.o(RESET)
 <LI><a href="#[2c]">MSCAN_TX_IRQHandler</a> from startup_skeaz1284.o(.text) referenced from startup_skeaz1284.o(RESET)
 <LI><a href="#[8]">NMI_Handler</a> from startup_skeaz1284.o(.text) referenced from startup_skeaz1284.o(RESET)
 <LI><a href="#[23]">PIT_CH0_IRQHandler</a> from drv_pit.o(i.PIT_CH0_IRQHandler) referenced from startup_skeaz1284.o(RESET)
 <LI><a href="#[24]">PIT_CH1_IRQHandler</a> from drv_pit.o(i.PIT_CH1_IRQHandler) referenced from startup_skeaz1284.o(RESET)
 <LI><a href="#[2a]">PWT_IRQHandler</a> from startup_skeaz1284.o(.text) referenced from startup_skeaz1284.o(RESET)
 <LI><a href="#[b]">PendSV_Handler</a> from startup_skeaz1284.o(.text) referenced from startup_skeaz1284.o(RESET)
 <LI><a href="#[21]">RTC_IRQHandler</a> from startup_skeaz1284.o(.text) referenced from startup_skeaz1284.o(RESET)
 <LI><a href="#[d]">Reserved16_IRQHandler</a> from startup_skeaz1284.o(.text) referenced from startup_skeaz1284.o(RESET)
 <LI><a href="#[e]">Reserved17_IRQHandler</a> from startup_skeaz1284.o(.text) referenced from startup_skeaz1284.o(RESET)
 <LI><a href="#[f]">Reserved18_IRQHandler</a> from startup_skeaz1284.o(.text) referenced from startup_skeaz1284.o(RESET)
 <LI><a href="#[10]">Reserved19_IRQHandler</a> from startup_skeaz1284.o(.text) referenced from startup_skeaz1284.o(RESET)
 <LI><a href="#[11]">Reserved20_IRQHandler</a> from startup_skeaz1284.o(.text) referenced from startup_skeaz1284.o(RESET)
 <LI><a href="#[27]">Reserved42_IRQHandler</a> from startup_skeaz1284.o(.text) referenced from startup_skeaz1284.o(RESET)
 <LI><a href="#[7]">Reset_Handler</a> from startup_skeaz1284.o(.text) referenced from startup_skeaz1284.o(RESET)
 <LI><a href="#[17]">SPI0_IRQHandler</a> from startup_skeaz1284.o(.text) referenced from startup_skeaz1284.o(RESET)
 <LI><a href="#[18]">SPI1_IRQHandler</a> from startup_skeaz1284.o(.text) referenced from startup_skeaz1284.o(RESET)
 <LI><a href="#[a]">SVC_Handler</a> from startup_skeaz1284.o(.text) referenced from startup_skeaz1284.o(RESET)
 <LI><a href="#[c]">SysTick_Handler</a> from bsp_timer.o(i.SysTick_Handler) referenced from startup_skeaz1284.o(RESET)
 <LI><a href="#[2d]">SystemInit</a> from system_skeaz1284.o(i.SystemInit) referenced from startup_skeaz1284.o(.text)
 <LI><a href="#[19]">UART0_IRQHandler</a> from app_debug.o(i.UART0_IRQHandler) referenced from startup_skeaz1284.o(RESET)
 <LI><a href="#[1a]">UART1_IRQHandler</a> from drv_uart.o(i.UART1_IRQHandler) referenced from startup_skeaz1284.o(RESET)
 <LI><a href="#[1b]">UART2_IRQHandler</a> from drv_uart.o(i.UART2_IRQHandler) referenced from startup_skeaz1284.o(RESET)
 <LI><a href="#[29]">Watchdog_IRQHandler</a> from startup_skeaz1284.o(.text) referenced from startup_skeaz1284.o(RESET)
 <LI><a href="#[45]">__main</a> from __main.o(!!!main) referenced from startup_skeaz1284.o(.text)
 <LI><a href="#[43]">bsp_key_Scan</a> from bsp_key.o(i.bsp_key_Scan) referenced from main.o(i.main)
 <LI><a href="#[42]">debug_CarDataReport</a> from app_debug.o(i.debug_CarDataReport) referenced from main.o(i.main)
 <LI><a href="#[32]">gotoNextMenu</a> from menu.o(i.gotoNextMenu) referenced from menu.o(i.MainMenu_Init)
 <LI><a href="#[32]">gotoNextMenu</a> from menu.o(i.gotoNextMenu) referenced from menu.o(i.PIDAdjMenu_Init)
 <LI><a href="#[32]">gotoNextMenu</a> from menu.o(i.gotoNextMenu) referenced from menu.o(i.ParaSetMenu_Init)
 <LI><a href="#[31]">gotoParaShow</a> from menu.o(i.gotoParaShow) referenced from menu.o(i.MainMenu_Init)
 <LI><a href="#[36]">gotoSetDirctionKd</a> from menu.o(i.gotoSetDirctionKd) referenced from menu.o(i.PIDAdjMenu_Init)
 <LI><a href="#[35]">gotoSetDirctionKp</a> from menu.o(i.gotoSetDirctionKp) referenced from menu.o(i.PIDAdjMenu_Init)
 <LI><a href="#[34]">gotoSetSpeedKi</a> from menu.o(i.gotoSetSpeedKi) referenced from menu.o(i.PIDAdjMenu_Init)
 <LI><a href="#[33]">gotoSetSpeedKp</a> from menu.o(i.gotoSetSpeedKp) referenced from menu.o(i.PIDAdjMenu_Init)
 <LI><a href="#[37]">gotoSetTargetSpeed</a> from menu.o(i.gotoSetTargetSpeed) referenced from menu.o(i.ParaSetMenu_Init)
 <LI><a href="#[2e]">init_data_bss</a> from startup_skeaz1284.o(.text) referenced from startup_skeaz1284.o(.text)
</UL>
<P>
<H3>
Global Symbols
</H3>
<P><STRONG><a name="[45]"></a>__main</STRONG> (Thumb, 8 bytes, Stack size 0 bytes, __main.o(!!!main))
<BR><BR>[Calls]<UL><LI><a href="#[47]">&gt;&gt;</a>&nbsp;&nbsp;&nbsp;__rt_entry
<LI><a href="#[46]">&gt;&gt;</a>&nbsp;&nbsp;&nbsp;__scatterload
</UL>

<P><STRONG><a name="[46]"></a>__scatterload</STRONG> (Thumb, 0 bytes, Stack size unknown bytes, __scatter.o(!!!scatter))
<BR><BR>[Called By]<UL><LI><a href="#[45]">&gt;&gt;</a>&nbsp;&nbsp;&nbsp;__main
</UL>

<P><STRONG><a name="[48]"></a>__scatterload_rt2</STRONG> (Thumb, 52 bytes, Stack size unknown bytes, __scatter.o(!!!scatter), UNUSED)
<BR><BR>[Calls]<UL><LI><a href="#[47]">&gt;&gt;</a>&nbsp;&nbsp;&nbsp;__rt_entry
</UL>

<P><STRONG><a name="[10c]"></a>__scatterload_rt2_thumb_only</STRONG> (Thumb, 0 bytes, Stack size unknown bytes, __scatter.o(!!!scatter), UNUSED)

<P><STRONG><a name="[10d]"></a>__scatterload_null</STRONG> (Thumb, 0 bytes, Stack size unknown bytes, __scatter.o(!!!scatter), UNUSED)

<P><STRONG><a name="[10e]"></a>__scatterload_zeroinit</STRONG> (Thumb, 28 bytes, Stack size unknown bytes, __scatter_zi.o(!!handler_zi), UNUSED)

<P><STRONG><a name="[4c]"></a>__rt_lib_init</STRONG> (Thumb, 0 bytes, Stack size unknown bytes, libinit.o(.ARM.Collect$$libinit$$00000000))
<BR><BR>[Called By]<UL><LI><a href="#[4b]">&gt;&gt;</a>&nbsp;&nbsp;&nbsp;__rt_entry_li
</UL>

<P><STRONG><a name="[10f]"></a>__rt_lib_init_alloca_1</STRONG> (Thumb, 0 bytes, Stack size unknown bytes, libinit2.o(.ARM.Collect$$libinit$$0000002E))

<P><STRONG><a name="[110]"></a>__rt_lib_init_argv_1</STRONG> (Thumb, 0 bytes, Stack size unknown bytes, libinit2.o(.ARM.Collect$$libinit$$0000002C))

<P><STRONG><a name="[111]"></a>__rt_lib_init_atexit_1</STRONG> (Thumb, 0 bytes, Stack size unknown bytes, libinit2.o(.ARM.Collect$$libinit$$0000001B))

<P><STRONG><a name="[112]"></a>__rt_lib_init_clock_1</STRONG> (Thumb, 0 bytes, Stack size unknown bytes, libinit2.o(.ARM.Collect$$libinit$$00000021))

<P><STRONG><a name="[113]"></a>__rt_lib_init_cpp_1</STRONG> (Thumb, 0 bytes, Stack size unknown bytes, libinit2.o(.ARM.Collect$$libinit$$00000032))

<P><STRONG><a name="[114]"></a>__rt_lib_init_exceptions_1</STRONG> (Thumb, 0 bytes, Stack size unknown bytes, libinit2.o(.ARM.Collect$$libinit$$00000030))

<P><STRONG><a name="[115]"></a>__rt_lib_init_fp_1</STRONG> (Thumb, 0 bytes, Stack size unknown bytes, libinit2.o(.ARM.Collect$$libinit$$00000002))

<P><STRONG><a name="[116]"></a>__rt_lib_init_fp_trap_1</STRONG> (Thumb, 0 bytes, Stack size unknown bytes, libinit2.o(.ARM.Collect$$libinit$$0000001F))

<P><STRONG><a name="[117]"></a>__rt_lib_init_getenv_1</STRONG> (Thumb, 0 bytes, Stack size unknown bytes, libinit2.o(.ARM.Collect$$libinit$$00000023))

<P><STRONG><a name="[118]"></a>__rt_lib_init_heap_1</STRONG> (Thumb, 0 bytes, Stack size unknown bytes, libinit2.o(.ARM.Collect$$libinit$$0000000A))

<P><STRONG><a name="[119]"></a>__rt_lib_init_lc_collate_1</STRONG> (Thumb, 0 bytes, Stack size unknown bytes, libinit2.o(.ARM.Collect$$libinit$$00000011))

<P><STRONG><a name="[11a]"></a>__rt_lib_init_lc_ctype_1</STRONG> (Thumb, 0 bytes, Stack size unknown bytes, libinit2.o(.ARM.Collect$$libinit$$00000013))

<P><STRONG><a name="[11b]"></a>__rt_lib_init_lc_monetary_1</STRONG> (Thumb, 0 bytes, Stack size unknown bytes, libinit2.o(.ARM.Collect$$libinit$$00000015))

<P><STRONG><a name="[11c]"></a>__rt_lib_init_lc_numeric_1</STRONG> (Thumb, 0 bytes, Stack size unknown bytes, libinit2.o(.ARM.Collect$$libinit$$00000017))

<P><STRONG><a name="[11d]"></a>__rt_lib_init_lc_time_1</STRONG> (Thumb, 0 bytes, Stack size unknown bytes, libinit2.o(.ARM.Collect$$libinit$$00000019))

<P><STRONG><a name="[11e]"></a>__rt_lib_init_preinit_1</STRONG> (Thumb, 0 bytes, Stack size unknown bytes, libinit2.o(.ARM.Collect$$libinit$$00000004))

<P><STRONG><a name="[11f]"></a>__rt_lib_init_rand_1</STRONG> (Thumb, 0 bytes, Stack size unknown bytes, libinit2.o(.ARM.Collect$$libinit$$0000000E))

<P><STRONG><a name="[120]"></a>__rt_lib_init_return</STRONG> (Thumb, 0 bytes, Stack size unknown bytes, libinit2.o(.ARM.Collect$$libinit$$00000033))

<P><STRONG><a name="[121]"></a>__rt_lib_init_signal_1</STRONG> (Thumb, 0 bytes, Stack size unknown bytes, libinit2.o(.ARM.Collect$$libinit$$0000001D))

<P><STRONG><a name="[122]"></a>__rt_lib_init_stdio_1</STRONG> (Thumb, 0 bytes, Stack size unknown bytes, libinit2.o(.ARM.Collect$$libinit$$00000025))

<P><STRONG><a name="[123]"></a>__rt_lib_init_user_alloc_1</STRONG> (Thumb, 0 bytes, Stack size unknown bytes, libinit2.o(.ARM.Collect$$libinit$$0000000C))

<P><STRONG><a name="[51]"></a>__rt_lib_shutdown</STRONG> (Thumb, 0 bytes, Stack size unknown bytes, libshutdown.o(.ARM.Collect$$libshutdown$$00000000))
<BR><BR>[Called By]<UL><LI><a href="#[50]">&gt;&gt;</a>&nbsp;&nbsp;&nbsp;__rt_exit_ls
</UL>

<P><STRONG><a name="[124]"></a>__rt_lib_shutdown_cpp_1</STRONG> (Thumb, 0 bytes, Stack size unknown bytes, libshutdown2.o(.ARM.Collect$$libshutdown$$00000002))

<P><STRONG><a name="[125]"></a>__rt_lib_shutdown_fp_trap_1</STRONG> (Thumb, 0 bytes, Stack size unknown bytes, libshutdown2.o(.ARM.Collect$$libshutdown$$00000007))

<P><STRONG><a name="[126]"></a>__rt_lib_shutdown_heap_1</STRONG> (Thumb, 0 bytes, Stack size unknown bytes, libshutdown2.o(.ARM.Collect$$libshutdown$$0000000F))

<P><STRONG><a name="[127]"></a>__rt_lib_shutdown_return</STRONG> (Thumb, 0 bytes, Stack size unknown bytes, libshutdown2.o(.ARM.Collect$$libshutdown$$00000010))

<P><STRONG><a name="[128]"></a>__rt_lib_shutdown_signal_1</STRONG> (Thumb, 0 bytes, Stack size unknown bytes, libshutdown2.o(.ARM.Collect$$libshutdown$$0000000A))

<P><STRONG><a name="[129]"></a>__rt_lib_shutdown_stdio_1</STRONG> (Thumb, 0 bytes, Stack size unknown bytes, libshutdown2.o(.ARM.Collect$$libshutdown$$00000004))

<P><STRONG><a name="[12a]"></a>__rt_lib_shutdown_user_alloc_1</STRONG> (Thumb, 0 bytes, Stack size unknown bytes, libshutdown2.o(.ARM.Collect$$libshutdown$$0000000C))

<P><STRONG><a name="[47]"></a>__rt_entry</STRONG> (Thumb, 0 bytes, Stack size unknown bytes, __rtentry.o(.ARM.Collect$$rtentry$$00000000))
<BR><BR>[Called By]<UL><LI><a href="#[45]">&gt;&gt;</a>&nbsp;&nbsp;&nbsp;__main
<LI><a href="#[48]">&gt;&gt;</a>&nbsp;&nbsp;&nbsp;__scatterload_rt2
</UL>

<P><STRONG><a name="[12b]"></a>__rt_entry_presh_1</STRONG> (Thumb, 0 bytes, Stack size unknown bytes, __rtentry2.o(.ARM.Collect$$rtentry$$00000002))

<P><STRONG><a name="[49]"></a>__rt_entry_sh</STRONG> (Thumb, 0 bytes, Stack size unknown bytes, __rtentry4.o(.ARM.Collect$$rtentry$$00000004))
<BR><BR>[Stack]<UL><LI>Max Depth = 8 + Unknown Stack Size
<LI>Call Chain = __rt_entry_sh &rArr; __user_setup_stackheap
</UL>
<BR>[Calls]<UL><LI><a href="#[4a]">&gt;&gt;</a>&nbsp;&nbsp;&nbsp;__user_setup_stackheap
</UL>

<P><STRONG><a name="[4b]"></a>__rt_entry_li</STRONG> (Thumb, 0 bytes, Stack size unknown bytes, __rtentry2.o(.ARM.Collect$$rtentry$$0000000A))
<BR><BR>[Calls]<UL><LI><a href="#[4c]">&gt;&gt;</a>&nbsp;&nbsp;&nbsp;__rt_lib_init
</UL>

<P><STRONG><a name="[12c]"></a>__rt_entry_postsh_1</STRONG> (Thumb, 0 bytes, Stack size unknown bytes, __rtentry2.o(.ARM.Collect$$rtentry$$00000009))

<P><STRONG><a name="[4d]"></a>__rt_entry_main</STRONG> (Thumb, 0 bytes, Stack size unknown bytes, __rtentry2.o(.ARM.Collect$$rtentry$$0000000D))
<BR><BR>[Stack]<UL><LI>Max Depth = 488 + Unknown Stack Size
<LI>Call Chain = __rt_entry_main &rArr; main &rArr; displayTask &rArr; SpeedKp_Set &rArr; GUI_DrawButton &rArr; GUI_FloodFill &rArr; GUI_HLine &rArr; GUI_Point &rArr; oled_drawPoint
</UL>
<BR>[Calls]<UL><LI><a href="#[4e]">&gt;&gt;</a>&nbsp;&nbsp;&nbsp;main
<LI><a href="#[4f]">&gt;&gt;</a>&nbsp;&nbsp;&nbsp;exit
</UL>

<P><STRONG><a name="[12d]"></a>__rt_entry_postli_1</STRONG> (Thumb, 0 bytes, Stack size unknown bytes, __rtentry2.o(.ARM.Collect$$rtentry$$0000000C))

<P><STRONG><a name="[6a]"></a>__rt_exit</STRONG> (Thumb, 0 bytes, Stack size unknown bytes, rtexit.o(.ARM.Collect$$rtexit$$00000000))
<BR><BR>[Called By]<UL><LI><a href="#[4f]">&gt;&gt;</a>&nbsp;&nbsp;&nbsp;exit
</UL>

<P><STRONG><a name="[50]"></a>__rt_exit_ls</STRONG> (Thumb, 0 bytes, Stack size unknown bytes, rtexit2.o(.ARM.Collect$$rtexit$$00000003))
<BR><BR>[Calls]<UL><LI><a href="#[51]">&gt;&gt;</a>&nbsp;&nbsp;&nbsp;__rt_lib_shutdown
</UL>

<P><STRONG><a name="[12e]"></a>__rt_exit_prels_1</STRONG> (Thumb, 0 bytes, Stack size unknown bytes, rtexit2.o(.ARM.Collect$$rtexit$$00000002))

<P><STRONG><a name="[52]"></a>__rt_exit_exit</STRONG> (Thumb, 0 bytes, Stack size unknown bytes, rtexit2.o(.ARM.Collect$$rtexit$$00000004))
<BR><BR>[Calls]<UL><LI><a href="#[53]">&gt;&gt;</a>&nbsp;&nbsp;&nbsp;_sys_exit
</UL>

<P><STRONG><a name="[2e]"></a>init_data_bss</STRONG> (Thumb, 2 bytes, Stack size 0 bytes, startup_skeaz1284.o(.text))
<BR>[Address Reference Count : 1]<UL><LI> startup_skeaz1284.o(.text)
</UL>
<P><STRONG><a name="[7]"></a>Reset_Handler</STRONG> (Thumb, 12 bytes, Stack size 0 bytes, startup_skeaz1284.o(.text))
<BR>[Address Reference Count : 1]<UL><LI> startup_skeaz1284.o(RESET)
</UL>
<P><STRONG><a name="[8]"></a>NMI_Handler</STRONG> (Thumb, 2 bytes, Stack size 0 bytes, startup_skeaz1284.o(.text))
<BR><BR>[Calls]<UL><LI><a href="#[8]">&gt;&gt;</a>&nbsp;&nbsp;&nbsp;NMI_Handler
</UL>
<BR>[Called By]<UL><LI><a href="#[8]">&gt;&gt;</a>&nbsp;&nbsp;&nbsp;NMI_Handler
</UL>
<BR>[Address Reference Count : 1]<UL><LI> startup_skeaz1284.o(RESET)
</UL>
<P><STRONG><a name="[9]"></a>HardFault_Handler</STRONG> (Thumb, 2 bytes, Stack size 0 bytes, startup_skeaz1284.o(.text))
<BR><BR>[Calls]<UL><LI><a href="#[9]">&gt;&gt;</a>&nbsp;&nbsp;&nbsp;HardFault_Handler
</UL>
<BR>[Called By]<UL><LI><a href="#[9]">&gt;&gt;</a>&nbsp;&nbsp;&nbsp;HardFault_Handler
</UL>
<BR>[Address Reference Count : 1]<UL><LI> startup_skeaz1284.o(RESET)
</UL>
<P><STRONG><a name="[a]"></a>SVC_Handler</STRONG> (Thumb, 2 bytes, Stack size 0 bytes, startup_skeaz1284.o(.text))
<BR><BR>[Calls]<UL><LI><a href="#[a]">&gt;&gt;</a>&nbsp;&nbsp;&nbsp;SVC_Handler
</UL>
<BR>[Called By]<UL><LI><a href="#[a]">&gt;&gt;</a>&nbsp;&nbsp;&nbsp;SVC_Handler
</UL>
<BR>[Address Reference Count : 1]<UL><LI> startup_skeaz1284.o(RESET)
</UL>
<P><STRONG><a name="[b]"></a>PendSV_Handler</STRONG> (Thumb, 2 bytes, Stack size 0 bytes, startup_skeaz1284.o(.text))
<BR><BR>[Calls]<UL><LI><a href="#[b]">&gt;&gt;</a>&nbsp;&nbsp;&nbsp;PendSV_Handler
</UL>
<BR>[Called By]<UL><LI><a href="#[b]">&gt;&gt;</a>&nbsp;&nbsp;&nbsp;PendSV_Handler
</UL>
<BR>[Address Reference Count : 1]<UL><LI> startup_skeaz1284.o(RESET)
</UL>
<P><STRONG><a name="[1d]"></a>ACMP0_IRQHandler</STRONG> (Thumb, 0 bytes, Stack size 0 bytes, startup_skeaz1284.o(.text))
<BR><BR>[Calls]<UL><LI><a href="#[1d]">&gt;&gt;</a>&nbsp;&nbsp;&nbsp;ACMP0_IRQHandler
</UL>
<BR>[Called By]<UL><LI><a href="#[1d]">&gt;&gt;</a>&nbsp;&nbsp;&nbsp;ACMP0_IRQHandler
</UL>
<BR>[Address Reference Count : 1]<UL><LI> startup_skeaz1284.o(RESET)
</UL>
<P><STRONG><a name="[22]"></a>ACMP1_IRQHandler</STRONG> (Thumb, 0 bytes, Stack size 0 bytes, startup_skeaz1284.o(.text))
<BR>[Address Reference Count : 1]<UL><LI> startup_skeaz1284.o(RESET)
</UL>
<P><STRONG><a name="[12f]"></a>DefaultISR</STRONG> (Thumb, 0 bytes, Stack size 0 bytes, startup_skeaz1284.o(.text), UNUSED)

<P><STRONG><a name="[1e]"></a>FTM0_IRQHandler</STRONG> (Thumb, 0 bytes, Stack size 0 bytes, startup_skeaz1284.o(.text))
<BR>[Address Reference Count : 1]<UL><LI> startup_skeaz1284.o(RESET)
</UL>
<P><STRONG><a name="[1f]"></a>FTM1_IRQHandler</STRONG> (Thumb, 0 bytes, Stack size 0 bytes, startup_skeaz1284.o(.text))
<BR>[Address Reference Count : 1]<UL><LI> startup_skeaz1284.o(RESET)
</UL>
<P><STRONG><a name="[20]"></a>FTM2_IRQHandler</STRONG> (Thumb, 0 bytes, Stack size 0 bytes, startup_skeaz1284.o(.text))
<BR>[Address Reference Count : 1]<UL><LI> startup_skeaz1284.o(RESET)
</UL>
<P><STRONG><a name="[12]"></a>FTMRE_IRQHandler</STRONG> (Thumb, 0 bytes, Stack size 0 bytes, startup_skeaz1284.o(.text))
<BR>[Address Reference Count : 1]<UL><LI> startup_skeaz1284.o(RESET)
</UL>
<P><STRONG><a name="[15]"></a>I2C0_IRQHandler</STRONG> (Thumb, 0 bytes, Stack size 0 bytes, startup_skeaz1284.o(.text))
<BR>[Address Reference Count : 1]<UL><LI> startup_skeaz1284.o(RESET)
</UL>
<P><STRONG><a name="[16]"></a>I2C1_IRQHandler</STRONG> (Thumb, 0 bytes, Stack size 0 bytes, startup_skeaz1284.o(.text))
<BR>[Address Reference Count : 1]<UL><LI> startup_skeaz1284.o(RESET)
</UL>
<P><STRONG><a name="[28]"></a>ICS_IRQHandler</STRONG> (Thumb, 0 bytes, Stack size 0 bytes, startup_skeaz1284.o(.text))
<BR>[Address Reference Count : 1]<UL><LI> startup_skeaz1284.o(RESET)
</UL>
<P><STRONG><a name="[14]"></a>IRQ_IRQHandler</STRONG> (Thumb, 0 bytes, Stack size 0 bytes, startup_skeaz1284.o(.text))
<BR>[Address Reference Count : 1]<UL><LI> startup_skeaz1284.o(RESET)
</UL>
<P><STRONG><a name="[13]"></a>LVD_LVW_IRQHandler</STRONG> (Thumb, 0 bytes, Stack size 0 bytes, startup_skeaz1284.o(.text))
<BR>[Address Reference Count : 1]<UL><LI> startup_skeaz1284.o(RESET)
</UL>
<P><STRONG><a name="[2b]"></a>MSCAN_RX_IRQHandler</STRONG> (Thumb, 0 bytes, Stack size 0 bytes, startup_skeaz1284.o(.text))
<BR>[Address Reference Count : 1]<UL><LI> startup_skeaz1284.o(RESET)
</UL>
<P><STRONG><a name="[2c]"></a>MSCAN_TX_IRQHandler</STRONG> (Thumb, 0 bytes, Stack size 0 bytes, startup_skeaz1284.o(.text))
<BR>[Address Reference Count : 1]<UL><LI> startup_skeaz1284.o(RESET)
</UL>
<P><STRONG><a name="[2a]"></a>PWT_IRQHandler</STRONG> (Thumb, 0 bytes, Stack size 0 bytes, startup_skeaz1284.o(.text))
<BR>[Address Reference Count : 1]<UL><LI> startup_skeaz1284.o(RESET)
</UL>
<P><STRONG><a name="[21]"></a>RTC_IRQHandler</STRONG> (Thumb, 0 bytes, Stack size 0 bytes, startup_skeaz1284.o(.text))
<BR>[Address Reference Count : 1]<UL><LI> startup_skeaz1284.o(RESET)
</UL>
<P><STRONG><a name="[d]"></a>Reserved16_IRQHandler</STRONG> (Thumb, 0 bytes, Stack size 0 bytes, startup_skeaz1284.o(.text))
<BR>[Address Reference Count : 1]<UL><LI> startup_skeaz1284.o(RESET)
</UL>
<P><STRONG><a name="[e]"></a>Reserved17_IRQHandler</STRONG> (Thumb, 0 bytes, Stack size 0 bytes, startup_skeaz1284.o(.text))
<BR>[Address Reference Count : 1]<UL><LI> startup_skeaz1284.o(RESET)
</UL>
<P><STRONG><a name="[f]"></a>Reserved18_IRQHandler</STRONG> (Thumb, 0 bytes, Stack size 0 bytes, startup_skeaz1284.o(.text))
<BR>[Address Reference Count : 1]<UL><LI> startup_skeaz1284.o(RESET)
</UL>
<P><STRONG><a name="[10]"></a>Reserved19_IRQHandler</STRONG> (Thumb, 0 bytes, Stack size 0 bytes, startup_skeaz1284.o(.text))
<BR>[Address Reference Count : 1]<UL><LI> startup_skeaz1284.o(RESET)
</UL>
<P><STRONG><a name="[11]"></a>Reserved20_IRQHandler</STRONG> (Thumb, 0 bytes, Stack size 0 bytes, startup_skeaz1284.o(.text))
<BR>[Address Reference Count : 1]<UL><LI> startup_skeaz1284.o(RESET)
</UL>
<P><STRONG><a name="[27]"></a>Reserved42_IRQHandler</STRONG> (Thumb, 0 bytes, Stack size 0 bytes, startup_skeaz1284.o(.text))
<BR>[Address Reference Count : 1]<UL><LI> startup_skeaz1284.o(RESET)
</UL>
<P><STRONG><a name="[17]"></a>SPI0_IRQHandler</STRONG> (Thumb, 0 bytes, Stack size 0 bytes, startup_skeaz1284.o(.text))
<BR>[Address Reference Count : 1]<UL><LI> startup_skeaz1284.o(RESET)
</UL>
<P><STRONG><a name="[18]"></a>SPI1_IRQHandler</STRONG> (Thumb, 0 bytes, Stack size 0 bytes, startup_skeaz1284.o(.text))
<BR>[Address Reference Count : 1]<UL><LI> startup_skeaz1284.o(RESET)
</UL>
<P><STRONG><a name="[29]"></a>Watchdog_IRQHandler</STRONG> (Thumb, 0 bytes, Stack size 0 bytes, startup_skeaz1284.o(.text))
<BR>[Address Reference Count : 1]<UL><LI> startup_skeaz1284.o(RESET)
</UL>
<P><STRONG><a name="[68]"></a>__user_initial_stackheap</STRONG> (Thumb, 0 bytes, Stack size unknown bytes, startup_skeaz1284.o(.text))
<BR><BR>[Called By]<UL><LI><a href="#[4a]">&gt;&gt;</a>&nbsp;&nbsp;&nbsp;__user_setup_stackheap
</UL>

<P><STRONG><a name="[130]"></a>__use_no_semihosting</STRONG> (Thumb, 2 bytes, Stack size 0 bytes, use_no_semi_2.o(.text), UNUSED)

<P><STRONG><a name="[101]"></a>strlen</STRONG> (Thumb, 62 bytes, Stack size 12 bytes, strlen.o(.text))
<BR><BR>[Stack]<UL><LI>Max Depth = 12<LI>Call Chain = strlen
</UL>
<BR>[Called By]<UL><LI><a href="#[ac]">&gt;&gt;</a>&nbsp;&nbsp;&nbsp;getWindowStringlen
<LI><a href="#[106]">&gt;&gt;</a>&nbsp;&nbsp;&nbsp;show_font
<LI><a href="#[ad]">&gt;&gt;</a>&nbsp;&nbsp;&nbsp;show_str_mid
<LI><a href="#[9a]">&gt;&gt;</a>&nbsp;&nbsp;&nbsp;getBtnStringlen
</UL>

<P><STRONG><a name="[55]"></a>_memset_w</STRONG> (Thumb, 26 bytes, Stack size 0 bytes, rt_memclr.o(.text), UNUSED)
<BR><BR>[Called By]<UL><LI><a href="#[57]">&gt;&gt;</a>&nbsp;&nbsp;&nbsp;__rt_memclr_w
<LI><a href="#[54]">&gt;&gt;</a>&nbsp;&nbsp;&nbsp;_memset
</UL>

<P><STRONG><a name="[54]"></a>_memset</STRONG> (Thumb, 30 bytes, Stack size 0 bytes, rt_memclr.o(.text), UNUSED)
<BR><BR>[Calls]<UL><LI><a href="#[55]">&gt;&gt;</a>&nbsp;&nbsp;&nbsp;_memset_w
</UL>
<BR>[Called By]<UL><LI><a href="#[56]">&gt;&gt;</a>&nbsp;&nbsp;&nbsp;__aeabi_memclr
</UL>

<P><STRONG><a name="[56]"></a>__aeabi_memclr</STRONG> (Thumb, 4 bytes, Stack size 0 bytes, rt_memclr.o(.text), UNUSED)
<BR><BR>[Calls]<UL><LI><a href="#[54]">&gt;&gt;</a>&nbsp;&nbsp;&nbsp;_memset
</UL>

<P><STRONG><a name="[131]"></a>__rt_memclr</STRONG> (Thumb, 0 bytes, Stack size 0 bytes, rt_memclr.o(.text), UNUSED)

<P><STRONG><a name="[f6]"></a>__aeabi_memclr4</STRONG> (Thumb, 0 bytes, Stack size 0 bytes, rt_memclr.o(.text))
<BR><BR>[Called By]<UL><LI><a href="#[f0]">&gt;&gt;</a>&nbsp;&nbsp;&nbsp;debug_SensorDataReport
<LI><a href="#[f2]">&gt;&gt;</a>&nbsp;&nbsp;&nbsp;debug_PIDParaReport
<LI><a href="#[f1]">&gt;&gt;</a>&nbsp;&nbsp;&nbsp;debug_MotorDataReport
<LI><a href="#[f5]">&gt;&gt;</a>&nbsp;&nbsp;&nbsp;debug_DataUpload
</UL>

<P><STRONG><a name="[132]"></a>__aeabi_memclr8</STRONG> (Thumb, 0 bytes, Stack size 0 bytes, rt_memclr.o(.text), UNUSED)

<P><STRONG><a name="[57]"></a>__rt_memclr_w</STRONG> (Thumb, 4 bytes, Stack size 0 bytes, rt_memclr.o(.text), UNUSED)
<BR><BR>[Calls]<UL><LI><a href="#[55]">&gt;&gt;</a>&nbsp;&nbsp;&nbsp;_memset_w
</UL>

<P><STRONG><a name="[133]"></a>__aeabi_uidiv</STRONG> (Thumb, 0 bytes, Stack size 0 bytes, aeabi_sdiv.o(.text), UNUSED)

<P><STRONG><a name="[aa]"></a>__aeabi_uidivmod</STRONG> (Thumb, 20 bytes, Stack size 0 bytes, aeabi_sdiv.o(.text))
<BR><BR>[Called By]<UL><LI><a href="#[d1]">&gt;&gt;</a>&nbsp;&nbsp;&nbsp;drv_ftm_PWMInit
<LI><a href="#[eb]">&gt;&gt;</a>&nbsp;&nbsp;&nbsp;drv_uart_Init
<LI><a href="#[e8]">&gt;&gt;</a>&nbsp;&nbsp;&nbsp;drv_pit_Init
<LI><a href="#[e5]">&gt;&gt;</a>&nbsp;&nbsp;&nbsp;filter_SildingAverage
<LI><a href="#[8b]">&gt;&gt;</a>&nbsp;&nbsp;&nbsp;oled_showNum
<LI><a href="#[c5]">&gt;&gt;</a>&nbsp;&nbsp;&nbsp;bsp_tim_DelayUs
<LI><a href="#[ba]">&gt;&gt;</a>&nbsp;&nbsp;&nbsp;bsp_tim_SoftConfig
<LI><a href="#[b9]">&gt;&gt;</a>&nbsp;&nbsp;&nbsp;drv_flash_Init
<LI><a href="#[ab]">&gt;&gt;</a>&nbsp;&nbsp;&nbsp;GUI_Scrollbar_SetPos
<LI><a href="#[96]">&gt;&gt;</a>&nbsp;&nbsp;&nbsp;GUI_ScrollbarDraw
<LI><a href="#[d7]">&gt;&gt;</a>&nbsp;&nbsp;&nbsp;bsp_mpu_SetRate
</UL>

<P><STRONG><a name="[134]"></a>__aeabi_idiv</STRONG> (Thumb, 0 bytes, Stack size 8 bytes, aeabi_sdiv.o(.text), UNUSED)

<P><STRONG><a name="[7d]"></a>__aeabi_idivmod</STRONG> (Thumb, 326 bytes, Stack size 8 bytes, aeabi_sdiv.o(.text))
<BR><BR>[Stack]<UL><LI>Max Depth = 8<LI>Call Chain = __aeabi_idivmod
</UL>
<BR>[Called By]<UL><LI><a href="#[d2]">&gt;&gt;</a>&nbsp;&nbsp;&nbsp;drv_ftm_PWMSetDuty
<LI><a href="#[d1]">&gt;&gt;</a>&nbsp;&nbsp;&nbsp;drv_ftm_PWMInit
<LI><a href="#[6c]">&gt;&gt;</a>&nbsp;&nbsp;&nbsp;Car_SpeedControlOutput
<LI><a href="#[6d]">&gt;&gt;</a>&nbsp;&nbsp;&nbsp;Car_DirctionControlOutput
</UL>

<P><STRONG><a name="[135]"></a>__use_two_region_memory</STRONG> (Thumb, 2 bytes, Stack size 0 bytes, heapauxi.o(.text), UNUSED)

<P><STRONG><a name="[136]"></a>__rt_heap_escrow$2region</STRONG> (Thumb, 2 bytes, Stack size 0 bytes, heapauxi.o(.text), UNUSED)

<P><STRONG><a name="[137]"></a>__rt_heap_expand$2region</STRONG> (Thumb, 2 bytes, Stack size 0 bytes, heapauxi.o(.text), UNUSED)

<P><STRONG><a name="[81]"></a>__aeabi_d2f</STRONG> (Thumb, 0 bytes, Stack size 12 bytes, d2f.o(.text))
<BR><BR>[Stack]<UL><LI>Max Depth = 12<LI>Call Chain = __aeabi_d2f
</UL>
<BR>[Called By]<UL><LI><a href="#[70]">&gt;&gt;</a>&nbsp;&nbsp;&nbsp;Car_SpeedControl
<LI><a href="#[83]">&gt;&gt;</a>&nbsp;&nbsp;&nbsp;Car_RightVelocityPIDCalc
<LI><a href="#[7e]">&gt;&gt;</a>&nbsp;&nbsp;&nbsp;Car_LeftVelocityPIDCalc
</UL>

<P><STRONG><a name="[138]"></a>_d2f</STRONG> (Thumb, 120 bytes, Stack size 12 bytes, d2f.o(.text), UNUSED)

<P><STRONG><a name="[139]"></a>__I$use$semihosting</STRONG> (Thumb, 0 bytes, Stack size 0 bytes, use_no_semi.o(.text), UNUSED)

<P><STRONG><a name="[13a]"></a>__use_no_semihosting_swi</STRONG> (Thumb, 2 bytes, Stack size 0 bytes, use_no_semi.o(.text), UNUSED)

<P><STRONG><a name="[13b]"></a>__user_libspace</STRONG> (Thumb, 8 bytes, Stack size 0 bytes, libspace.o(.text), UNUSED)

<P><STRONG><a name="[67]"></a>__user_perproc_libspace</STRONG> (Thumb, 0 bytes, Stack size 0 bytes, libspace.o(.text))
<BR><BR>[Called By]<UL><LI><a href="#[4a]">&gt;&gt;</a>&nbsp;&nbsp;&nbsp;__user_setup_stackheap
</UL>

<P><STRONG><a name="[13c]"></a>__user_perthread_libspace</STRONG> (Thumb, 0 bytes, Stack size 0 bytes, libspace.o(.text), UNUSED)

<P><STRONG><a name="[58]"></a>GUI_ClearSCR</STRONG> (Thumb, 8 bytes, Stack size 8 bytes, lcmdrv.o(i.GUI_ClearSCR))
<BR><BR>[Stack]<UL><LI>Max Depth = 56<LI>Call Chain = GUI_ClearSCR &rArr; oled_clear &rArr; oled_refreshGram &rArr; oled_wr_byte &rArr; drv_gpio_WritePin
</UL>
<BR>[Calls]<UL><LI><a href="#[59]">&gt;&gt;</a>&nbsp;&nbsp;&nbsp;oled_clear
</UL>
<BR>[Called By]<UL><LI><a href="#[90]">&gt;&gt;</a>&nbsp;&nbsp;&nbsp;setShow_ui
</UL>

<P><STRONG><a name="[82]"></a>__aeabi_dadd</STRONG> (Thumb, 0 bytes, Stack size 8 bytes, daddsub.o(.text))
<BR><BR>[Stack]<UL><LI>Max Depth = 8<LI>Call Chain = __aeabi_dadd
</UL>
<BR>[Called By]<UL><LI><a href="#[83]">&gt;&gt;</a>&nbsp;&nbsp;&nbsp;Car_RightVelocityPIDCalc
<LI><a href="#[7e]">&gt;&gt;</a>&nbsp;&nbsp;&nbsp;Car_LeftVelocityPIDCalc
</UL>

<P><STRONG><a name="[5a]"></a>_dadd</STRONG> (Thumb, 26 bytes, Stack size 8 bytes, daddsub.o(.text), UNUSED)
<BR><BR>[Calls]<UL><LI><a href="#[5b]">&gt;&gt;</a>&nbsp;&nbsp;&nbsp;_dsub1
<LI><a href="#[5c]">&gt;&gt;</a>&nbsp;&nbsp;&nbsp;_dadd1
</UL>

<P><STRONG><a name="[13d]"></a>__aeabi_dsub</STRONG> (Thumb, 0 bytes, Stack size 8 bytes, daddsub.o(.text), UNUSED)

<P><STRONG><a name="[5d]"></a>_dsub</STRONG> (Thumb, 22 bytes, Stack size 8 bytes, daddsub.o(.text), UNUSED)
<BR><BR>[Calls]<UL><LI><a href="#[5b]">&gt;&gt;</a>&nbsp;&nbsp;&nbsp;_dsub1
<LI><a href="#[5c]">&gt;&gt;</a>&nbsp;&nbsp;&nbsp;_dadd1
</UL>

<P><STRONG><a name="[13e]"></a>__aeabi_drsub</STRONG> (Thumb, 0 bytes, Stack size 16 bytes, daddsub.o(.text), UNUSED)

<P><STRONG><a name="[5e]"></a>_drsb</STRONG> (Thumb, 28 bytes, Stack size 16 bytes, daddsub.o(.text), UNUSED)
<BR><BR>[Calls]<UL><LI><a href="#[5b]">&gt;&gt;</a>&nbsp;&nbsp;&nbsp;_dsub1
<LI><a href="#[5c]">&gt;&gt;</a>&nbsp;&nbsp;&nbsp;_dadd1
</UL>

<P><STRONG><a name="[60]"></a>__aeabi_i2d_normalise</STRONG> (Thumb, 66 bytes, Stack size 0 bytes, dflti.o(.text))
<BR><BR>[Called By]<UL><LI><a href="#[61]">&gt;&gt;</a>&nbsp;&nbsp;&nbsp;__aeabi_ui2d
<LI><a href="#[5f]">&gt;&gt;</a>&nbsp;&nbsp;&nbsp;__aeabi_i2d
</UL>

<P><STRONG><a name="[5f]"></a>__aeabi_i2d</STRONG> (Thumb, 16 bytes, Stack size 0 bytes, dflti.o(.text), UNUSED)
<BR><BR>[Calls]<UL><LI><a href="#[60]">&gt;&gt;</a>&nbsp;&nbsp;&nbsp;__aeabi_i2d_normalise
</UL>

<P><STRONG><a name="[13f]"></a>_dflt</STRONG> (Thumb, 0 bytes, Stack size 0 bytes, dflti.o(.text), UNUSED)

<P><STRONG><a name="[61]"></a>__aeabi_ui2d</STRONG> (Thumb, 6 bytes, Stack size 0 bytes, dflti.o(.text))
<BR><BR>[Calls]<UL><LI><a href="#[60]">&gt;&gt;</a>&nbsp;&nbsp;&nbsp;__aeabi_i2d_normalise
</UL>
<BR>[Called By]<UL><LI><a href="#[70]">&gt;&gt;</a>&nbsp;&nbsp;&nbsp;Car_SpeedControl
</UL>

<P><STRONG><a name="[140]"></a>_dfltu</STRONG> (Thumb, 0 bytes, Stack size 0 bytes, dflti.o(.text), UNUSED)

<P><STRONG><a name="[80]"></a>__aeabi_dmul</STRONG> (Thumb, 0 bytes, Stack size 56 bytes, dmul.o(.text))
<BR><BR>[Stack]<UL><LI>Max Depth = 56<LI>Call Chain = __aeabi_dmul
</UL>
<BR>[Called By]<UL><LI><a href="#[70]">&gt;&gt;</a>&nbsp;&nbsp;&nbsp;Car_SpeedControl
<LI><a href="#[83]">&gt;&gt;</a>&nbsp;&nbsp;&nbsp;Car_RightVelocityPIDCalc
<LI><a href="#[7e]">&gt;&gt;</a>&nbsp;&nbsp;&nbsp;Car_LeftVelocityPIDCalc
</UL>

<P><STRONG><a name="[141]"></a>_dmul</STRONG> (Thumb, 558 bytes, Stack size 56 bytes, dmul.o(.text), UNUSED)

<P><STRONG><a name="[7f]"></a>__aeabi_f2d</STRONG> (Thumb, 0 bytes, Stack size 0 bytes, f2d.o(.text))
<BR><BR>[Called By]<UL><LI><a href="#[83]">&gt;&gt;</a>&nbsp;&nbsp;&nbsp;Car_RightVelocityPIDCalc
<LI><a href="#[7e]">&gt;&gt;</a>&nbsp;&nbsp;&nbsp;Car_LeftVelocityPIDCalc
</UL>

<P><STRONG><a name="[142]"></a>_f2d</STRONG> (Thumb, 80 bytes, Stack size 0 bytes, f2d.o(.text), UNUSED)

<P><STRONG><a name="[e4]"></a>__aeabi_fdiv</STRONG> (Thumb, 0 bytes, Stack size 20 bytes, fdiv.o(.text))
<BR><BR>[Stack]<UL><LI>Max Depth = 20<LI>Call Chain = __aeabi_fdiv
</UL>
<BR>[Called By]<UL><LI><a href="#[72]">&gt;&gt;</a>&nbsp;&nbsp;&nbsp;bsp_sensor_DataProcess
<LI><a href="#[e3]">&gt;&gt;</a>&nbsp;&nbsp;&nbsp;bsp_sensor_DataNormalized
<LI><a href="#[f3]">&gt;&gt;</a>&nbsp;&nbsp;&nbsp;debug_PIDDownload
</UL>

<P><STRONG><a name="[63]"></a>_fdiv</STRONG> (Thumb, 334 bytes, Stack size 20 bytes, fdiv.o(.text), UNUSED)
<BR><BR>[Called By]<UL><LI><a href="#[62]">&gt;&gt;</a>&nbsp;&nbsp;&nbsp;_frdiv
</UL>

<P><STRONG><a name="[62]"></a>_frdiv</STRONG> (Thumb, 8 bytes, Stack size 0 bytes, fdiv.o(.text), UNUSED)
<BR><BR>[Calls]<UL><LI><a href="#[63]">&gt;&gt;</a>&nbsp;&nbsp;&nbsp;_fdiv
</UL>

<P><STRONG><a name="[7c]"></a>__aeabi_f2iz</STRONG> (Thumb, 0 bytes, Stack size 8 bytes, ffixi.o(.text))
<BR><BR>[Stack]<UL><LI>Max Depth = 8<LI>Call Chain = __aeabi_f2iz
</UL>
<BR>[Called By]<UL><LI><a href="#[70]">&gt;&gt;</a>&nbsp;&nbsp;&nbsp;Car_SpeedControl
<LI><a href="#[83]">&gt;&gt;</a>&nbsp;&nbsp;&nbsp;Car_RightVelocityPIDCalc
<LI><a href="#[7e]">&gt;&gt;</a>&nbsp;&nbsp;&nbsp;Car_LeftVelocityPIDCalc
<LI><a href="#[71]">&gt;&gt;</a>&nbsp;&nbsp;&nbsp;Car_DirctionControl
<LI><a href="#[f0]">&gt;&gt;</a>&nbsp;&nbsp;&nbsp;debug_SensorDataReport
<LI><a href="#[f2]">&gt;&gt;</a>&nbsp;&nbsp;&nbsp;debug_PIDParaReport
<LI><a href="#[f1]">&gt;&gt;</a>&nbsp;&nbsp;&nbsp;debug_MotorDataReport
<LI><a href="#[b2]">&gt;&gt;</a>&nbsp;&nbsp;&nbsp;Para_Show_UI
</UL>

<P><STRONG><a name="[143]"></a>_ffix</STRONG> (Thumb, 76 bytes, Stack size 8 bytes, ffixi.o(.text), UNUSED)

<P><STRONG><a name="[8a]"></a>__aeabi_f2uiz</STRONG> (Thumb, 0 bytes, Stack size 0 bytes, ffixui.o(.text))
<BR><BR>[Called By]<UL><LI><a href="#[b4]">&gt;&gt;</a>&nbsp;&nbsp;&nbsp;SpeedKp_Set
<LI><a href="#[b3]">&gt;&gt;</a>&nbsp;&nbsp;&nbsp;SpeedKi_Set
<LI><a href="#[b2]">&gt;&gt;</a>&nbsp;&nbsp;&nbsp;Para_Show_UI
<LI><a href="#[93]">&gt;&gt;</a>&nbsp;&nbsp;&nbsp;DirctionKp_Set
<LI><a href="#[91]">&gt;&gt;</a>&nbsp;&nbsp;&nbsp;DirctionKd_Set
<LI><a href="#[85]">&gt;&gt;</a>&nbsp;&nbsp;&nbsp;Car_SetTarSpeed
</UL>

<P><STRONG><a name="[144]"></a>_ffixu</STRONG> (Thumb, 48 bytes, Stack size 0 bytes, ffixui.o(.text), UNUSED)

<P><STRONG><a name="[65]"></a>__aeabi_i2f_normalise</STRONG> (Thumb, 72 bytes, Stack size 0 bytes, fflti.o(.text))
<BR><BR>[Called By]<UL><LI><a href="#[66]">&gt;&gt;</a>&nbsp;&nbsp;&nbsp;__aeabi_ui2f
<LI><a href="#[64]">&gt;&gt;</a>&nbsp;&nbsp;&nbsp;__aeabi_i2f
</UL>

<P><STRONG><a name="[64]"></a>__aeabi_i2f</STRONG> (Thumb, 16 bytes, Stack size 0 bytes, fflti.o(.text))
<BR><BR>[Calls]<UL><LI><a href="#[65]">&gt;&gt;</a>&nbsp;&nbsp;&nbsp;__aeabi_i2f_normalise
</UL>
<BR>[Called By]<UL><LI><a href="#[83]">&gt;&gt;</a>&nbsp;&nbsp;&nbsp;Car_RightVelocityPIDCalc
<LI><a href="#[7e]">&gt;&gt;</a>&nbsp;&nbsp;&nbsp;Car_LeftVelocityPIDCalc
<LI><a href="#[e3]">&gt;&gt;</a>&nbsp;&nbsp;&nbsp;bsp_sensor_DataNormalized
<LI><a href="#[f3]">&gt;&gt;</a>&nbsp;&nbsp;&nbsp;debug_PIDDownload
</UL>

<P><STRONG><a name="[145]"></a>_fflt</STRONG> (Thumb, 0 bytes, Stack size 0 bytes, fflti.o(.text), UNUSED)

<P><STRONG><a name="[66]"></a>__aeabi_ui2f</STRONG> (Thumb, 6 bytes, Stack size 0 bytes, fflti.o(.text), UNUSED)
<BR><BR>[Calls]<UL><LI><a href="#[65]">&gt;&gt;</a>&nbsp;&nbsp;&nbsp;__aeabi_i2f_normalise
</UL>

<P><STRONG><a name="[146]"></a>_ffltu</STRONG> (Thumb, 0 bytes, Stack size 0 bytes, fflti.o(.text), UNUSED)

<P><STRONG><a name="[4a]"></a>__user_setup_stackheap</STRONG> (Thumb, 62 bytes, Stack size 8 bytes, sys_stackheap_outer.o(.text))
<BR><BR>[Stack]<UL><LI>Max Depth = 8 + Unknown Stack Size
<LI>Call Chain = __user_setup_stackheap
</UL>
<BR>[Calls]<UL><LI><a href="#[68]">&gt;&gt;</a>&nbsp;&nbsp;&nbsp;__user_initial_stackheap
<LI><a href="#[67]">&gt;&gt;</a>&nbsp;&nbsp;&nbsp;__user_perproc_libspace
</UL>
<BR>[Called By]<UL><LI><a href="#[49]">&gt;&gt;</a>&nbsp;&nbsp;&nbsp;__rt_entry_sh
</UL>

<P><STRONG><a name="[4f]"></a>exit</STRONG> (Thumb, 16 bytes, Stack size 8 bytes, exit.o(.text))
<BR><BR>[Stack]<UL><LI>Max Depth = 8 + Unknown Stack Size
<LI>Call Chain = exit
</UL>
<BR>[Calls]<UL><LI><a href="#[6a]">&gt;&gt;</a>&nbsp;&nbsp;&nbsp;__rt_exit
<LI><a href="#[69]">&gt;&gt;</a>&nbsp;&nbsp;&nbsp;_call_atexit_fns (Weak Reference)
</UL>
<BR>[Called By]<UL><LI><a href="#[4d]">&gt;&gt;</a>&nbsp;&nbsp;&nbsp;__rt_entry_main
</UL>

<P><STRONG><a name="[147]"></a>__decompress</STRONG> (Thumb, 0 bytes, Stack size unknown bytes, __dczerorl2.o(.text), UNUSED)

<P><STRONG><a name="[148]"></a>__decompress1</STRONG> (Thumb, 86 bytes, Stack size unknown bytes, __dczerorl2.o(.text), UNUSED)

<P><STRONG><a name="[1c]"></a>ADC0_IRQHandler</STRONG> (Thumb, 30 bytes, Stack size 12 bytes, drv_adc.o(i.ADC0_IRQHandler))
<BR><BR>[Stack]<UL><LI>Max Depth = 12<LI>Call Chain = ADC0_IRQHandler
</UL>
<BR>[Address Reference Count : 1]<UL><LI> startup_skeaz1284.o(RESET)
</UL>
<P><STRONG><a name="[30]"></a>Car_Control</STRONG> (Thumb, 142 bytes, Stack size 16 bytes, freescalecar.o(i.Car_Control))
<BR><BR>[Stack]<UL><LI>Max Depth = 120<LI>Call Chain = Car_Control &rArr; Car_SpeedControl &rArr; Car_RightVelocityPIDCalc &rArr; __aeabi_dmul
</UL>
<BR>[Calls]<UL><LI><a href="#[72]">&gt;&gt;</a>&nbsp;&nbsp;&nbsp;bsp_sensor_DataProcess
<LI><a href="#[6b]">&gt;&gt;</a>&nbsp;&nbsp;&nbsp;bsp_motor_SetPwm
<LI><a href="#[6f]">&gt;&gt;</a>&nbsp;&nbsp;&nbsp;bsp_encoder_ReadCounter
<LI><a href="#[6e]">&gt;&gt;</a>&nbsp;&nbsp;&nbsp;__ARM_common_switch8
<LI><a href="#[6c]">&gt;&gt;</a>&nbsp;&nbsp;&nbsp;Car_SpeedControlOutput
<LI><a href="#[70]">&gt;&gt;</a>&nbsp;&nbsp;&nbsp;Car_SpeedControl
<LI><a href="#[73]">&gt;&gt;</a>&nbsp;&nbsp;&nbsp;Car_MotorOutput
<LI><a href="#[6d]">&gt;&gt;</a>&nbsp;&nbsp;&nbsp;Car_DirctionControlOutput
<LI><a href="#[71]">&gt;&gt;</a>&nbsp;&nbsp;&nbsp;Car_DirctionControl
</UL>
<BR>[Address Reference Count : 2]<UL><LI> main.o(i.main)
<LI> freescalecar.o(i.Car_ControlStart)
</UL>
<P><STRONG><a name="[74]"></a>Car_ControlStart</STRONG> (Thumb, 14 bytes, Stack size 8 bytes, freescalecar.o(i.Car_ControlStart))
<BR><BR>[Stack]<UL><LI>Max Depth = 64<LI>Call Chain = Car_ControlStart &rArr; bsp_tim_CreateHardTimer &rArr; drv_pit_Init
</UL>
<BR>[Calls]<UL><LI><a href="#[75]">&gt;&gt;</a>&nbsp;&nbsp;&nbsp;bsp_tim_CreateHardTimer
</UL>
<BR>[Called By]<UL><LI><a href="#[b4]">&gt;&gt;</a>&nbsp;&nbsp;&nbsp;SpeedKp_Set
<LI><a href="#[b3]">&gt;&gt;</a>&nbsp;&nbsp;&nbsp;SpeedKi_Set
<LI><a href="#[93]">&gt;&gt;</a>&nbsp;&nbsp;&nbsp;DirctionKp_Set
<LI><a href="#[91]">&gt;&gt;</a>&nbsp;&nbsp;&nbsp;DirctionKd_Set
<LI><a href="#[85]">&gt;&gt;</a>&nbsp;&nbsp;&nbsp;Car_SetTarSpeed
</UL>

<P><STRONG><a name="[76]"></a>Car_ControlStop</STRONG> (Thumb, 18 bytes, Stack size 8 bytes, freescalecar.o(i.Car_ControlStop))
<BR><BR>[Stack]<UL><LI>Max Depth = 24<LI>Call Chain = Car_ControlStop &rArr; bsp_tim_DeleteHardTimer
</UL>
<BR>[Calls]<UL><LI><a href="#[78]">&gt;&gt;</a>&nbsp;&nbsp;&nbsp;bsp_tim_DeleteHardTimer
<LI><a href="#[77]">&gt;&gt;</a>&nbsp;&nbsp;&nbsp;drv_gpio_WritePin
</UL>
<BR>[Called By]<UL><LI><a href="#[37]">&gt;&gt;</a>&nbsp;&nbsp;&nbsp;gotoSetTargetSpeed
<LI><a href="#[33]">&gt;&gt;</a>&nbsp;&nbsp;&nbsp;gotoSetSpeedKp
<LI><a href="#[34]">&gt;&gt;</a>&nbsp;&nbsp;&nbsp;gotoSetSpeedKi
<LI><a href="#[35]">&gt;&gt;</a>&nbsp;&nbsp;&nbsp;gotoSetDirctionKp
<LI><a href="#[36]">&gt;&gt;</a>&nbsp;&nbsp;&nbsp;gotoSetDirctionKd
</UL>

<P><STRONG><a name="[71]"></a>Car_DirctionControl</STRONG> (Thumb, 172 bytes, Stack size 32 bytes, freescalecar.o(i.Car_DirctionControl))
<BR><BR>[Stack]<UL><LI>Max Depth = 48<LI>Call Chain = Car_DirctionControl &rArr; __aeabi_fmul
</UL>
<BR>[Calls]<UL><LI><a href="#[79]">&gt;&gt;</a>&nbsp;&nbsp;&nbsp;__aeabi_fmul
<LI><a href="#[7c]">&gt;&gt;</a>&nbsp;&nbsp;&nbsp;__aeabi_f2iz
<LI><a href="#[7a]">&gt;&gt;</a>&nbsp;&nbsp;&nbsp;__aeabi_fsub
<LI><a href="#[7b]">&gt;&gt;</a>&nbsp;&nbsp;&nbsp;__aeabi_fadd
</UL>
<BR>[Called By]<UL><LI><a href="#[30]">&gt;&gt;</a>&nbsp;&nbsp;&nbsp;Car_Control
</UL>

<P><STRONG><a name="[6d]"></a>Car_DirctionControlOutput</STRONG> (Thumb, 32 bytes, Stack size 16 bytes, freescalecar.o(i.Car_DirctionControlOutput))
<BR><BR>[Stack]<UL><LI>Max Depth = 24<LI>Call Chain = Car_DirctionControlOutput &rArr; __aeabi_idivmod
</UL>
<BR>[Calls]<UL><LI><a href="#[7d]">&gt;&gt;</a>&nbsp;&nbsp;&nbsp;__aeabi_idivmod
</UL>
<BR>[Called By]<UL><LI><a href="#[30]">&gt;&gt;</a>&nbsp;&nbsp;&nbsp;Car_Control
</UL>

<P><STRONG><a name="[7e]"></a>Car_LeftVelocityPIDCalc</STRONG> (Thumb, 160 bytes, Stack size 24 bytes, freescalecar.o(i.Car_LeftVelocityPIDCalc))
<BR><BR>[Stack]<UL><LI>Max Depth = 80<LI>Call Chain = Car_LeftVelocityPIDCalc &rArr; __aeabi_dmul
</UL>
<BR>[Calls]<UL><LI><a href="#[79]">&gt;&gt;</a>&nbsp;&nbsp;&nbsp;__aeabi_fmul
<LI><a href="#[64]">&gt;&gt;</a>&nbsp;&nbsp;&nbsp;__aeabi_i2f
<LI><a href="#[7c]">&gt;&gt;</a>&nbsp;&nbsp;&nbsp;__aeabi_f2iz
<LI><a href="#[7a]">&gt;&gt;</a>&nbsp;&nbsp;&nbsp;__aeabi_fsub
<LI><a href="#[7b]">&gt;&gt;</a>&nbsp;&nbsp;&nbsp;__aeabi_fadd
<LI><a href="#[7f]">&gt;&gt;</a>&nbsp;&nbsp;&nbsp;__aeabi_f2d
<LI><a href="#[80]">&gt;&gt;</a>&nbsp;&nbsp;&nbsp;__aeabi_dmul
<LI><a href="#[82]">&gt;&gt;</a>&nbsp;&nbsp;&nbsp;__aeabi_dadd
<LI><a href="#[81]">&gt;&gt;</a>&nbsp;&nbsp;&nbsp;__aeabi_d2f
</UL>
<BR>[Called By]<UL><LI><a href="#[70]">&gt;&gt;</a>&nbsp;&nbsp;&nbsp;Car_SpeedControl
</UL>

<P><STRONG><a name="[73]"></a>Car_MotorOutput</STRONG> (Thumb, 70 bytes, Stack size 8 bytes, freescalecar.o(i.Car_MotorOutput))
<BR><BR>[Stack]<UL><LI>Max Depth = 56<LI>Call Chain = Car_MotorOutput &rArr; bsp_motor_SetPwm &rArr; drv_ftm_PWMSetDuty &rArr; __aeabi_idivmod
</UL>
<BR>[Calls]<UL><LI><a href="#[6b]">&gt;&gt;</a>&nbsp;&nbsp;&nbsp;bsp_motor_SetPwm
</UL>
<BR>[Called By]<UL><LI><a href="#[30]">&gt;&gt;</a>&nbsp;&nbsp;&nbsp;Car_Control
</UL>

<P><STRONG><a name="[102]"></a>Car_ParaInit</STRONG> (Thumb, 128 bytes, Stack size 20 bytes, freescalecar.o(i.Car_ParaInit))
<BR><BR>[Stack]<UL><LI>Max Depth = 20<LI>Call Chain = Car_ParaInit
</UL>
<BR>[Called By]<UL><LI><a href="#[4e]">&gt;&gt;</a>&nbsp;&nbsp;&nbsp;main
</UL>

<P><STRONG><a name="[83]"></a>Car_RightVelocityPIDCalc</STRONG> (Thumb, 160 bytes, Stack size 24 bytes, freescalecar.o(i.Car_RightVelocityPIDCalc))
<BR><BR>[Stack]<UL><LI>Max Depth = 80<LI>Call Chain = Car_RightVelocityPIDCalc &rArr; __aeabi_dmul
</UL>
<BR>[Calls]<UL><LI><a href="#[79]">&gt;&gt;</a>&nbsp;&nbsp;&nbsp;__aeabi_fmul
<LI><a href="#[64]">&gt;&gt;</a>&nbsp;&nbsp;&nbsp;__aeabi_i2f
<LI><a href="#[7c]">&gt;&gt;</a>&nbsp;&nbsp;&nbsp;__aeabi_f2iz
<LI><a href="#[7a]">&gt;&gt;</a>&nbsp;&nbsp;&nbsp;__aeabi_fsub
<LI><a href="#[7b]">&gt;&gt;</a>&nbsp;&nbsp;&nbsp;__aeabi_fadd
<LI><a href="#[7f]">&gt;&gt;</a>&nbsp;&nbsp;&nbsp;__aeabi_f2d
<LI><a href="#[80]">&gt;&gt;</a>&nbsp;&nbsp;&nbsp;__aeabi_dmul
<LI><a href="#[82]">&gt;&gt;</a>&nbsp;&nbsp;&nbsp;__aeabi_dadd
<LI><a href="#[81]">&gt;&gt;</a>&nbsp;&nbsp;&nbsp;__aeabi_d2f
</UL>
<BR>[Called By]<UL><LI><a href="#[70]">&gt;&gt;</a>&nbsp;&nbsp;&nbsp;Car_SpeedControl
</UL>

<P><STRONG><a name="[44]"></a>Car_Running</STRONG> (Thumb, 10 bytes, Stack size 8 bytes, freescalecar.o(i.Car_Running))
<BR><BR>[Stack]<UL><LI>Max Depth = 16<LI>Call Chain = Car_Running &rArr; bsp_led_Toggle
</UL>
<BR>[Calls]<UL><LI><a href="#[84]">&gt;&gt;</a>&nbsp;&nbsp;&nbsp;bsp_led_Toggle
</UL>
<BR>[Address Reference Count : 1]<UL><LI> main.o(i.main)
</UL>
<P><STRONG><a name="[85]"></a>Car_SetTarSpeed</STRONG> (Thumb, 354 bytes, Stack size 32 bytes, pid_set.o(i.Car_SetTarSpeed))
<BR><BR>[Stack]<UL><LI>Max Depth = 480<LI>Call Chain = Car_SetTarSpeed &rArr; GUI_DrawButton &rArr; GUI_FloodFill &rArr; GUI_HLine &rArr; GUI_Point &rArr; oled_drawPoint
</UL>
<BR>[Calls]<UL><LI><a href="#[8e]">&gt;&gt;</a>&nbsp;&nbsp;&nbsp;drv_gpio_ReadPin
<LI><a href="#[74]">&gt;&gt;</a>&nbsp;&nbsp;&nbsp;Car_ControlStart
<LI><a href="#[90]">&gt;&gt;</a>&nbsp;&nbsp;&nbsp;setShow_ui
<LI><a href="#[8f]">&gt;&gt;</a>&nbsp;&nbsp;&nbsp;displayInit
<LI><a href="#[8c]">&gt;&gt;</a>&nbsp;&nbsp;&nbsp;bsp_tim_DelayMs
<LI><a href="#[89]">&gt;&gt;</a>&nbsp;&nbsp;&nbsp;oled_showString
<LI><a href="#[8b]">&gt;&gt;</a>&nbsp;&nbsp;&nbsp;oled_showNum
<LI><a href="#[86]">&gt;&gt;</a>&nbsp;&nbsp;&nbsp;GUI_WindowsDraw
<LI><a href="#[8d]">&gt;&gt;</a>&nbsp;&nbsp;&nbsp;GUI_Refresh
<LI><a href="#[87]">&gt;&gt;</a>&nbsp;&nbsp;&nbsp;GUI_DrawButton
<LI><a href="#[88]">&gt;&gt;</a>&nbsp;&nbsp;&nbsp;GUI_Button_Selected
<LI><a href="#[8a]">&gt;&gt;</a>&nbsp;&nbsp;&nbsp;__aeabi_f2uiz
<LI><a href="#[7a]">&gt;&gt;</a>&nbsp;&nbsp;&nbsp;__aeabi_fsub
<LI><a href="#[7b]">&gt;&gt;</a>&nbsp;&nbsp;&nbsp;__aeabi_fadd
</UL>
<BR>[Called By]<UL><LI><a href="#[fa]">&gt;&gt;</a>&nbsp;&nbsp;&nbsp;displayTask
</UL>

<P><STRONG><a name="[70]"></a>Car_SpeedControl</STRONG> (Thumb, 132 bytes, Stack size 24 bytes, freescalecar.o(i.Car_SpeedControl))
<BR><BR>[Stack]<UL><LI>Max Depth = 104<LI>Call Chain = Car_SpeedControl &rArr; Car_RightVelocityPIDCalc &rArr; __aeabi_dmul
</UL>
<BR>[Calls]<UL><LI><a href="#[8e]">&gt;&gt;</a>&nbsp;&nbsp;&nbsp;drv_gpio_ReadPin
<LI><a href="#[83]">&gt;&gt;</a>&nbsp;&nbsp;&nbsp;Car_RightVelocityPIDCalc
<LI><a href="#[7e]">&gt;&gt;</a>&nbsp;&nbsp;&nbsp;Car_LeftVelocityPIDCalc
<LI><a href="#[7c]">&gt;&gt;</a>&nbsp;&nbsp;&nbsp;__aeabi_f2iz
<LI><a href="#[80]">&gt;&gt;</a>&nbsp;&nbsp;&nbsp;__aeabi_dmul
<LI><a href="#[61]">&gt;&gt;</a>&nbsp;&nbsp;&nbsp;__aeabi_ui2d
<LI><a href="#[81]">&gt;&gt;</a>&nbsp;&nbsp;&nbsp;__aeabi_d2f
</UL>
<BR>[Called By]<UL><LI><a href="#[30]">&gt;&gt;</a>&nbsp;&nbsp;&nbsp;Car_Control
</UL>

<P><STRONG><a name="[6c]"></a>Car_SpeedControlOutput</STRONG> (Thumb, 50 bytes, Stack size 16 bytes, freescalecar.o(i.Car_SpeedControlOutput))
<BR><BR>[Stack]<UL><LI>Max Depth = 24<LI>Call Chain = Car_SpeedControlOutput &rArr; __aeabi_idivmod
</UL>
<BR>[Calls]<UL><LI><a href="#[7d]">&gt;&gt;</a>&nbsp;&nbsp;&nbsp;__aeabi_idivmod
</UL>
<BR>[Called By]<UL><LI><a href="#[30]">&gt;&gt;</a>&nbsp;&nbsp;&nbsp;Car_Control
</UL>

<P><STRONG><a name="[91]"></a>DirctionKd_Set</STRONG> (Thumb, 350 bytes, Stack size 32 bytes, pid_set.o(i.DirctionKd_Set))
<BR><BR>[Stack]<UL><LI>Max Depth = 480<LI>Call Chain = DirctionKd_Set &rArr; GUI_DrawButton &rArr; GUI_FloodFill &rArr; GUI_HLine &rArr; GUI_Point &rArr; oled_drawPoint
</UL>
<BR>[Calls]<UL><LI><a href="#[8e]">&gt;&gt;</a>&nbsp;&nbsp;&nbsp;drv_gpio_ReadPin
<LI><a href="#[74]">&gt;&gt;</a>&nbsp;&nbsp;&nbsp;Car_ControlStart
<LI><a href="#[90]">&gt;&gt;</a>&nbsp;&nbsp;&nbsp;setShow_ui
<LI><a href="#[8f]">&gt;&gt;</a>&nbsp;&nbsp;&nbsp;displayInit
<LI><a href="#[8c]">&gt;&gt;</a>&nbsp;&nbsp;&nbsp;bsp_tim_DelayMs
<LI><a href="#[89]">&gt;&gt;</a>&nbsp;&nbsp;&nbsp;oled_showString
<LI><a href="#[8b]">&gt;&gt;</a>&nbsp;&nbsp;&nbsp;oled_showNum
<LI><a href="#[86]">&gt;&gt;</a>&nbsp;&nbsp;&nbsp;GUI_WindowsDraw
<LI><a href="#[8d]">&gt;&gt;</a>&nbsp;&nbsp;&nbsp;GUI_Refresh
<LI><a href="#[87]">&gt;&gt;</a>&nbsp;&nbsp;&nbsp;GUI_DrawButton
<LI><a href="#[88]">&gt;&gt;</a>&nbsp;&nbsp;&nbsp;GUI_Button_Selected
<LI><a href="#[92]">&gt;&gt;</a>&nbsp;&nbsp;&nbsp;pid_StorePara
<LI><a href="#[8a]">&gt;&gt;</a>&nbsp;&nbsp;&nbsp;__aeabi_f2uiz
<LI><a href="#[7a]">&gt;&gt;</a>&nbsp;&nbsp;&nbsp;__aeabi_fsub
<LI><a href="#[7b]">&gt;&gt;</a>&nbsp;&nbsp;&nbsp;__aeabi_fadd
</UL>
<BR>[Called By]<UL><LI><a href="#[fa]">&gt;&gt;</a>&nbsp;&nbsp;&nbsp;displayTask
</UL>

<P><STRONG><a name="[93]"></a>DirctionKp_Set</STRONG> (Thumb, 380 bytes, Stack size 32 bytes, pid_set.o(i.DirctionKp_Set))
<BR><BR>[Stack]<UL><LI>Max Depth = 480<LI>Call Chain = DirctionKp_Set &rArr; GUI_DrawButton &rArr; GUI_FloodFill &rArr; GUI_HLine &rArr; GUI_Point &rArr; oled_drawPoint
</UL>
<BR>[Calls]<UL><LI><a href="#[8e]">&gt;&gt;</a>&nbsp;&nbsp;&nbsp;drv_gpio_ReadPin
<LI><a href="#[74]">&gt;&gt;</a>&nbsp;&nbsp;&nbsp;Car_ControlStart
<LI><a href="#[90]">&gt;&gt;</a>&nbsp;&nbsp;&nbsp;setShow_ui
<LI><a href="#[8f]">&gt;&gt;</a>&nbsp;&nbsp;&nbsp;displayInit
<LI><a href="#[8c]">&gt;&gt;</a>&nbsp;&nbsp;&nbsp;bsp_tim_DelayMs
<LI><a href="#[89]">&gt;&gt;</a>&nbsp;&nbsp;&nbsp;oled_showString
<LI><a href="#[8b]">&gt;&gt;</a>&nbsp;&nbsp;&nbsp;oled_showNum
<LI><a href="#[86]">&gt;&gt;</a>&nbsp;&nbsp;&nbsp;GUI_WindowsDraw
<LI><a href="#[8d]">&gt;&gt;</a>&nbsp;&nbsp;&nbsp;GUI_Refresh
<LI><a href="#[87]">&gt;&gt;</a>&nbsp;&nbsp;&nbsp;GUI_DrawButton
<LI><a href="#[88]">&gt;&gt;</a>&nbsp;&nbsp;&nbsp;GUI_Button_Selected
<LI><a href="#[92]">&gt;&gt;</a>&nbsp;&nbsp;&nbsp;pid_StorePara
<LI><a href="#[79]">&gt;&gt;</a>&nbsp;&nbsp;&nbsp;__aeabi_fmul
<LI><a href="#[8a]">&gt;&gt;</a>&nbsp;&nbsp;&nbsp;__aeabi_f2uiz
<LI><a href="#[7a]">&gt;&gt;</a>&nbsp;&nbsp;&nbsp;__aeabi_fsub
<LI><a href="#[7b]">&gt;&gt;</a>&nbsp;&nbsp;&nbsp;__aeabi_fadd
</UL>
<BR>[Called By]<UL><LI><a href="#[fa]">&gt;&gt;</a>&nbsp;&nbsp;&nbsp;displayTask
</UL>

<P><STRONG><a name="[94]"></a>DisplayMenuInit</STRONG> (Thumb, 146 bytes, Stack size 24 bytes, menu.o(i.DisplayMenuInit))
<BR><BR>[Stack]<UL><LI>Max Depth = 236<LI>Call Chain = DisplayMenuInit &rArr; GUI_WindowsDraw &rArr; show_str_mid &rArr; show_str &rArr; show_font &rArr; strlen
</UL>
<BR>[Calls]<UL><LI><a href="#[86]">&gt;&gt;</a>&nbsp;&nbsp;&nbsp;GUI_WindowsDraw
<LI><a href="#[96]">&gt;&gt;</a>&nbsp;&nbsp;&nbsp;GUI_ScrollbarDraw
<LI><a href="#[97]">&gt;&gt;</a>&nbsp;&nbsp;&nbsp;GUI_MenuItemDraw
<LI><a href="#[95]">&gt;&gt;</a>&nbsp;&nbsp;&nbsp;getMenuSelectitem
</UL>
<BR>[Called By]<UL><LI><a href="#[af]">&gt;&gt;</a>&nbsp;&nbsp;&nbsp;Menu_Run
</UL>

<P><STRONG><a name="[98]"></a>GUI_Arc4</STRONG> (Thumb, 514 bytes, Stack size 24 bytes, gui_basic.o(i.GUI_Arc4))
<BR><BR>[Stack]<UL><LI>Max Depth = 40<LI>Call Chain = GUI_Arc4 &rArr; GUI_Point &rArr; oled_drawPoint
</UL>
<BR>[Calls]<UL><LI><a href="#[99]">&gt;&gt;</a>&nbsp;&nbsp;&nbsp;GUI_Point
</UL>
<BR>[Called By]<UL><LI><a href="#[87]">&gt;&gt;</a>&nbsp;&nbsp;&nbsp;GUI_DrawButton
<LI><a href="#[88]">&gt;&gt;</a>&nbsp;&nbsp;&nbsp;GUI_Button_Selected
</UL>

<P><STRONG><a name="[88]"></a>GUI_Button_Selected</STRONG> (Thumb, 318 bytes, Stack size 24 bytes, button.o(i.GUI_Button_Selected))
<BR><BR>[Stack]<UL><LI>Max Depth = 448<LI>Call Chain = GUI_Button_Selected &rArr; GUI_FloodFill &rArr; GUI_HLine &rArr; GUI_Point &rArr; oled_drawPoint
</UL>
<BR>[Calls]<UL><LI><a href="#[9d]">&gt;&gt;</a>&nbsp;&nbsp;&nbsp;show_str
<LI><a href="#[9c]">&gt;&gt;</a>&nbsp;&nbsp;&nbsp;GUI_Line
<LI><a href="#[9b]">&gt;&gt;</a>&nbsp;&nbsp;&nbsp;GUI_FloodFill
<LI><a href="#[98]">&gt;&gt;</a>&nbsp;&nbsp;&nbsp;GUI_Arc4
<LI><a href="#[9a]">&gt;&gt;</a>&nbsp;&nbsp;&nbsp;getBtnStringlen
</UL>
<BR>[Called By]<UL><LI><a href="#[b4]">&gt;&gt;</a>&nbsp;&nbsp;&nbsp;SpeedKp_Set
<LI><a href="#[b3]">&gt;&gt;</a>&nbsp;&nbsp;&nbsp;SpeedKi_Set
<LI><a href="#[93]">&gt;&gt;</a>&nbsp;&nbsp;&nbsp;DirctionKp_Set
<LI><a href="#[91]">&gt;&gt;</a>&nbsp;&nbsp;&nbsp;DirctionKd_Set
<LI><a href="#[85]">&gt;&gt;</a>&nbsp;&nbsp;&nbsp;Car_SetTarSpeed
</UL>

<P><STRONG><a name="[9e]"></a>GUI_CmpPointColor</STRONG> (Thumb, 26 bytes, Stack size 16 bytes, gui_basic.o(i.GUI_CmpPointColor))
<BR><BR>[Stack]<UL><LI>Max Depth = 24<LI>Call Chain = GUI_CmpPointColor &rArr; GUI_ReadPoint
</UL>
<BR>[Calls]<UL><LI><a href="#[9f]">&gt;&gt;</a>&nbsp;&nbsp;&nbsp;GUI_ReadPoint
</UL>
<BR>[Called By]<UL><LI><a href="#[9b]">&gt;&gt;</a>&nbsp;&nbsp;&nbsp;GUI_FloodFill
</UL>

<P><STRONG><a name="[87]"></a>GUI_DrawButton</STRONG> (Thumb, 304 bytes, Stack size 24 bytes, button.o(i.GUI_DrawButton))
<BR><BR>[Stack]<UL><LI>Max Depth = 448<LI>Call Chain = GUI_DrawButton &rArr; GUI_FloodFill &rArr; GUI_HLine &rArr; GUI_Point &rArr; oled_drawPoint
</UL>
<BR>[Calls]<UL><LI><a href="#[9d]">&gt;&gt;</a>&nbsp;&nbsp;&nbsp;show_str
<LI><a href="#[9c]">&gt;&gt;</a>&nbsp;&nbsp;&nbsp;GUI_Line
<LI><a href="#[9b]">&gt;&gt;</a>&nbsp;&nbsp;&nbsp;GUI_FloodFill
<LI><a href="#[98]">&gt;&gt;</a>&nbsp;&nbsp;&nbsp;GUI_Arc4
<LI><a href="#[9a]">&gt;&gt;</a>&nbsp;&nbsp;&nbsp;getBtnStringlen
</UL>
<BR>[Called By]<UL><LI><a href="#[b4]">&gt;&gt;</a>&nbsp;&nbsp;&nbsp;SpeedKp_Set
<LI><a href="#[b3]">&gt;&gt;</a>&nbsp;&nbsp;&nbsp;SpeedKi_Set
<LI><a href="#[93]">&gt;&gt;</a>&nbsp;&nbsp;&nbsp;DirctionKp_Set
<LI><a href="#[91]">&gt;&gt;</a>&nbsp;&nbsp;&nbsp;DirctionKd_Set
<LI><a href="#[85]">&gt;&gt;</a>&nbsp;&nbsp;&nbsp;Car_SetTarSpeed
</UL>

<P><STRONG><a name="[9b]"></a>GUI_FloodFill</STRONG> (Thumb, 752 bytes, Stack size 384 bytes, gui_basic.o(i.GUI_FloodFill))
<BR><BR>[Stack]<UL><LI>Max Depth = 424<LI>Call Chain = GUI_FloodFill &rArr; GUI_HLine &rArr; GUI_Point &rArr; oled_drawPoint
</UL>
<BR>[Calls]<UL><LI><a href="#[9f]">&gt;&gt;</a>&nbsp;&nbsp;&nbsp;GUI_ReadPoint
<LI><a href="#[a2]">&gt;&gt;</a>&nbsp;&nbsp;&nbsp;GUI_HLine
<LI><a href="#[a1]">&gt;&gt;</a>&nbsp;&nbsp;&nbsp;GUI_ReadRightPoint
<LI><a href="#[a0]">&gt;&gt;</a>&nbsp;&nbsp;&nbsp;GUI_ReadLeftPoint
<LI><a href="#[9e]">&gt;&gt;</a>&nbsp;&nbsp;&nbsp;GUI_CmpPointColor
</UL>
<BR>[Called By]<UL><LI><a href="#[87]">&gt;&gt;</a>&nbsp;&nbsp;&nbsp;GUI_DrawButton
<LI><a href="#[88]">&gt;&gt;</a>&nbsp;&nbsp;&nbsp;GUI_Button_Selected
</UL>

<P><STRONG><a name="[a2]"></a>GUI_HLine</STRONG> (Thumb, 40 bytes, Stack size 24 bytes, lcmdrv.o(i.GUI_HLine))
<BR><BR>[Stack]<UL><LI>Max Depth = 40<LI>Call Chain = GUI_HLine &rArr; GUI_Point &rArr; oled_drawPoint
</UL>
<BR>[Calls]<UL><LI><a href="#[99]">&gt;&gt;</a>&nbsp;&nbsp;&nbsp;GUI_Point
</UL>
<BR>[Called By]<UL><LI><a href="#[86]">&gt;&gt;</a>&nbsp;&nbsp;&nbsp;GUI_WindowsDraw
<LI><a href="#[a7]">&gt;&gt;</a>&nbsp;&nbsp;&nbsp;GUI_Rectangle
<LI><a href="#[a8]">&gt;&gt;</a>&nbsp;&nbsp;&nbsp;GUI_RectangleFill
<LI><a href="#[9c]">&gt;&gt;</a>&nbsp;&nbsp;&nbsp;GUI_Line
<LI><a href="#[9b]">&gt;&gt;</a>&nbsp;&nbsp;&nbsp;GUI_FloodFill
</UL>

<P><STRONG><a name="[9c]"></a>GUI_Line</STRONG> (Thumb, 206 bytes, Stack size 48 bytes, gui_basic.o(i.GUI_Line))
<BR><BR>[Stack]<UL><LI>Max Depth = 88<LI>Call Chain = GUI_Line &rArr; GUI_RLine &rArr; GUI_Point &rArr; oled_drawPoint
</UL>
<BR>[Calls]<UL><LI><a href="#[a3]">&gt;&gt;</a>&nbsp;&nbsp;&nbsp;GUI_RLine
<LI><a href="#[99]">&gt;&gt;</a>&nbsp;&nbsp;&nbsp;GUI_Point
<LI><a href="#[a2]">&gt;&gt;</a>&nbsp;&nbsp;&nbsp;GUI_HLine
</UL>
<BR>[Called By]<UL><LI><a href="#[96]">&gt;&gt;</a>&nbsp;&nbsp;&nbsp;GUI_ScrollbarDraw
<LI><a href="#[87]">&gt;&gt;</a>&nbsp;&nbsp;&nbsp;GUI_DrawButton
<LI><a href="#[88]">&gt;&gt;</a>&nbsp;&nbsp;&nbsp;GUI_Button_Selected
</UL>

<P><STRONG><a name="[97]"></a>GUI_MenuItemDraw</STRONG> (Thumb, 110 bytes, Stack size 32 bytes, gui_menu.o(i.GUI_MenuItemDraw))
<BR><BR>[Stack]<UL><LI>Max Depth = 164<LI>Call Chain = GUI_MenuItemDraw &rArr; show_str &rArr; show_font &rArr; strlen
</UL>
<BR>[Calls]<UL><LI><a href="#[a4]">&gt;&gt;</a>&nbsp;&nbsp;&nbsp;oled_showPicture
<LI><a href="#[9d]">&gt;&gt;</a>&nbsp;&nbsp;&nbsp;show_str
</UL>
<BR>[Called By]<UL><LI><a href="#[af]">&gt;&gt;</a>&nbsp;&nbsp;&nbsp;Menu_Run
<LI><a href="#[94]">&gt;&gt;</a>&nbsp;&nbsp;&nbsp;DisplayMenuInit
</UL>

<P><STRONG><a name="[99]"></a>GUI_Point</STRONG> (Thumb, 10 bytes, Stack size 8 bytes, lcmdrv.o(i.GUI_Point))
<BR><BR>[Stack]<UL><LI>Max Depth = 16<LI>Call Chain = GUI_Point &rArr; oled_drawPoint
</UL>
<BR>[Calls]<UL><LI><a href="#[a5]">&gt;&gt;</a>&nbsp;&nbsp;&nbsp;oled_drawPoint
</UL>
<BR>[Called By]<UL><LI><a href="#[a3]">&gt;&gt;</a>&nbsp;&nbsp;&nbsp;GUI_RLine
<LI><a href="#[a2]">&gt;&gt;</a>&nbsp;&nbsp;&nbsp;GUI_HLine
<LI><a href="#[9c]">&gt;&gt;</a>&nbsp;&nbsp;&nbsp;GUI_Line
<LI><a href="#[98]">&gt;&gt;</a>&nbsp;&nbsp;&nbsp;GUI_Arc4
</UL>

<P><STRONG><a name="[a3]"></a>GUI_RLine</STRONG> (Thumb, 38 bytes, Stack size 24 bytes, lcmdrv.o(i.GUI_RLine))
<BR><BR>[Stack]<UL><LI>Max Depth = 40<LI>Call Chain = GUI_RLine &rArr; GUI_Point &rArr; oled_drawPoint
</UL>
<BR>[Calls]<UL><LI><a href="#[99]">&gt;&gt;</a>&nbsp;&nbsp;&nbsp;GUI_Point
</UL>
<BR>[Called By]<UL><LI><a href="#[a7]">&gt;&gt;</a>&nbsp;&nbsp;&nbsp;GUI_Rectangle
<LI><a href="#[a8]">&gt;&gt;</a>&nbsp;&nbsp;&nbsp;GUI_RectangleFill
<LI><a href="#[9c]">&gt;&gt;</a>&nbsp;&nbsp;&nbsp;GUI_Line
</UL>

<P><STRONG><a name="[a0]"></a>GUI_ReadLeftPoint</STRONG> (Thumb, 74 bytes, Stack size 24 bytes, gui_basic.o(i.GUI_ReadLeftPoint))
<BR><BR>[Stack]<UL><LI>Max Depth = 32<LI>Call Chain = GUI_ReadLeftPoint &rArr; GUI_ReadPoint
</UL>
<BR>[Calls]<UL><LI><a href="#[9f]">&gt;&gt;</a>&nbsp;&nbsp;&nbsp;GUI_ReadPoint
</UL>
<BR>[Called By]<UL><LI><a href="#[9b]">&gt;&gt;</a>&nbsp;&nbsp;&nbsp;GUI_FloodFill
</UL>

<P><STRONG><a name="[9f]"></a>GUI_ReadPoint</STRONG> (Thumb, 16 bytes, Stack size 8 bytes, lcmdrv.o(i.GUI_ReadPoint))
<BR><BR>[Stack]<UL><LI>Max Depth = 8<LI>Call Chain = GUI_ReadPoint
</UL>
<BR>[Calls]<UL><LI><a href="#[a6]">&gt;&gt;</a>&nbsp;&nbsp;&nbsp;oled_readPoint
</UL>
<BR>[Called By]<UL><LI><a href="#[a1]">&gt;&gt;</a>&nbsp;&nbsp;&nbsp;GUI_ReadRightPoint
<LI><a href="#[a0]">&gt;&gt;</a>&nbsp;&nbsp;&nbsp;GUI_ReadLeftPoint
<LI><a href="#[9e]">&gt;&gt;</a>&nbsp;&nbsp;&nbsp;GUI_CmpPointColor
<LI><a href="#[9b]">&gt;&gt;</a>&nbsp;&nbsp;&nbsp;GUI_FloodFill
</UL>

<P><STRONG><a name="[a1]"></a>GUI_ReadRightPoint</STRONG> (Thumb, 48 bytes, Stack size 24 bytes, gui_basic.o(i.GUI_ReadRightPoint))
<BR><BR>[Stack]<UL><LI>Max Depth = 32<LI>Call Chain = GUI_ReadRightPoint &rArr; GUI_ReadPoint
</UL>
<BR>[Calls]<UL><LI><a href="#[9f]">&gt;&gt;</a>&nbsp;&nbsp;&nbsp;GUI_ReadPoint
</UL>
<BR>[Called By]<UL><LI><a href="#[9b]">&gt;&gt;</a>&nbsp;&nbsp;&nbsp;GUI_FloodFill
</UL>

<P><STRONG><a name="[a7]"></a>GUI_Rectangle</STRONG> (Thumb, 60 bytes, Stack size 24 bytes, gui_basic.o(i.GUI_Rectangle))
<BR><BR>[Stack]<UL><LI>Max Depth = 64<LI>Call Chain = GUI_Rectangle &rArr; GUI_RLine &rArr; GUI_Point &rArr; oled_drawPoint
</UL>
<BR>[Calls]<UL><LI><a href="#[a3]">&gt;&gt;</a>&nbsp;&nbsp;&nbsp;GUI_RLine
<LI><a href="#[a2]">&gt;&gt;</a>&nbsp;&nbsp;&nbsp;GUI_HLine
</UL>
<BR>[Called By]<UL><LI><a href="#[86]">&gt;&gt;</a>&nbsp;&nbsp;&nbsp;GUI_WindowsDraw
<LI><a href="#[96]">&gt;&gt;</a>&nbsp;&nbsp;&nbsp;GUI_ScrollbarDraw
</UL>

<P><STRONG><a name="[a8]"></a>GUI_RectangleFill</STRONG> (Thumb, 82 bytes, Stack size 24 bytes, gui_basic.o(i.GUI_RectangleFill))
<BR><BR>[Stack]<UL><LI>Max Depth = 64<LI>Call Chain = GUI_RectangleFill &rArr; GUI_RLine &rArr; GUI_Point &rArr; oled_drawPoint
</UL>
<BR>[Calls]<UL><LI><a href="#[a3]">&gt;&gt;</a>&nbsp;&nbsp;&nbsp;GUI_RLine
<LI><a href="#[a2]">&gt;&gt;</a>&nbsp;&nbsp;&nbsp;GUI_HLine
</UL>
<BR>[Called By]<UL><LI><a href="#[86]">&gt;&gt;</a>&nbsp;&nbsp;&nbsp;GUI_WindowsDraw
<LI><a href="#[ab]">&gt;&gt;</a>&nbsp;&nbsp;&nbsp;GUI_Scrollbar_SetPos
<LI><a href="#[af]">&gt;&gt;</a>&nbsp;&nbsp;&nbsp;Menu_Run
</UL>

<P><STRONG><a name="[8d]"></a>GUI_Refresh</STRONG> (Thumb, 8 bytes, Stack size 8 bytes, lcmdrv.o(i.GUI_Refresh))
<BR><BR>[Stack]<UL><LI>Max Depth = 48<LI>Call Chain = GUI_Refresh &rArr; oled_refreshGram &rArr; oled_wr_byte &rArr; drv_gpio_WritePin
</UL>
<BR>[Calls]<UL><LI><a href="#[a9]">&gt;&gt;</a>&nbsp;&nbsp;&nbsp;oled_refreshGram
</UL>
<BR>[Called By]<UL><LI><a href="#[fa]">&gt;&gt;</a>&nbsp;&nbsp;&nbsp;displayTask
<LI><a href="#[b4]">&gt;&gt;</a>&nbsp;&nbsp;&nbsp;SpeedKp_Set
<LI><a href="#[b3]">&gt;&gt;</a>&nbsp;&nbsp;&nbsp;SpeedKi_Set
<LI><a href="#[93]">&gt;&gt;</a>&nbsp;&nbsp;&nbsp;DirctionKp_Set
<LI><a href="#[91]">&gt;&gt;</a>&nbsp;&nbsp;&nbsp;DirctionKd_Set
<LI><a href="#[85]">&gt;&gt;</a>&nbsp;&nbsp;&nbsp;Car_SetTarSpeed
</UL>

<P><STRONG><a name="[96]"></a>GUI_ScrollbarDraw</STRONG> (Thumb, 174 bytes, Stack size 24 bytes, scrollbar.o(i.GUI_ScrollbarDraw))
<BR><BR>[Stack]<UL><LI>Max Depth = 120<LI>Call Chain = GUI_ScrollbarDraw &rArr; GUI_Scrollbar_SetPos &rArr; GUI_RectangleFill &rArr; GUI_RLine &rArr; GUI_Point &rArr; oled_drawPoint
</UL>
<BR>[Calls]<UL><LI><a href="#[a4]">&gt;&gt;</a>&nbsp;&nbsp;&nbsp;oled_showPicture
<LI><a href="#[ab]">&gt;&gt;</a>&nbsp;&nbsp;&nbsp;GUI_Scrollbar_SetPos
<LI><a href="#[a7]">&gt;&gt;</a>&nbsp;&nbsp;&nbsp;GUI_Rectangle
<LI><a href="#[9c]">&gt;&gt;</a>&nbsp;&nbsp;&nbsp;GUI_Line
<LI><a href="#[aa]">&gt;&gt;</a>&nbsp;&nbsp;&nbsp;__aeabi_uidivmod
</UL>
<BR>[Called By]<UL><LI><a href="#[b1]">&gt;&gt;</a>&nbsp;&nbsp;&nbsp;Para_ShowRefresh
<LI><a href="#[94]">&gt;&gt;</a>&nbsp;&nbsp;&nbsp;DisplayMenuInit
</UL>

<P><STRONG><a name="[ab]"></a>GUI_Scrollbar_SetPos</STRONG> (Thumb, 104 bytes, Stack size 32 bytes, scrollbar.o(i.GUI_Scrollbar_SetPos))
<BR><BR>[Stack]<UL><LI>Max Depth = 96<LI>Call Chain = GUI_Scrollbar_SetPos &rArr; GUI_RectangleFill &rArr; GUI_RLine &rArr; GUI_Point &rArr; oled_drawPoint
</UL>
<BR>[Calls]<UL><LI><a href="#[a8]">&gt;&gt;</a>&nbsp;&nbsp;&nbsp;GUI_RectangleFill
<LI><a href="#[aa]">&gt;&gt;</a>&nbsp;&nbsp;&nbsp;__aeabi_uidivmod
</UL>
<BR>[Called By]<UL><LI><a href="#[96]">&gt;&gt;</a>&nbsp;&nbsp;&nbsp;GUI_ScrollbarDraw
<LI><a href="#[af]">&gt;&gt;</a>&nbsp;&nbsp;&nbsp;Menu_Run
</UL>

<P><STRONG><a name="[86]"></a>GUI_WindowsDraw</STRONG> (Thumb, 166 bytes, Stack size 32 bytes, windows.o(i.GUI_WindowsDraw))
<BR><BR>[Stack]<UL><LI>Max Depth = 212<LI>Call Chain = GUI_WindowsDraw &rArr; show_str_mid &rArr; show_str &rArr; show_font &rArr; strlen
</UL>
<BR>[Calls]<UL><LI><a href="#[ac]">&gt;&gt;</a>&nbsp;&nbsp;&nbsp;getWindowStringlen
<LI><a href="#[ad]">&gt;&gt;</a>&nbsp;&nbsp;&nbsp;show_str_mid
<LI><a href="#[a2]">&gt;&gt;</a>&nbsp;&nbsp;&nbsp;GUI_HLine
<LI><a href="#[a7]">&gt;&gt;</a>&nbsp;&nbsp;&nbsp;GUI_Rectangle
<LI><a href="#[a8]">&gt;&gt;</a>&nbsp;&nbsp;&nbsp;GUI_RectangleFill
</UL>
<BR>[Called By]<UL><LI><a href="#[b1]">&gt;&gt;</a>&nbsp;&nbsp;&nbsp;Para_ShowRefresh
<LI><a href="#[b4]">&gt;&gt;</a>&nbsp;&nbsp;&nbsp;SpeedKp_Set
<LI><a href="#[b3]">&gt;&gt;</a>&nbsp;&nbsp;&nbsp;SpeedKi_Set
<LI><a href="#[93]">&gt;&gt;</a>&nbsp;&nbsp;&nbsp;DirctionKp_Set
<LI><a href="#[91]">&gt;&gt;</a>&nbsp;&nbsp;&nbsp;DirctionKd_Set
<LI><a href="#[85]">&gt;&gt;</a>&nbsp;&nbsp;&nbsp;Car_SetTarSpeed
<LI><a href="#[94]">&gt;&gt;</a>&nbsp;&nbsp;&nbsp;DisplayMenuInit
</UL>

<P><STRONG><a name="[25]"></a>KBI0_IRQHandler</STRONG> (Thumb, 62 bytes, Stack size 24 bytes, drv_kbi.o(i.KBI0_IRQHandler))
<BR><BR>[Stack]<UL><LI>Max Depth = 24<LI>Call Chain = KBI0_IRQHandler
</UL>
<BR>[Address Reference Count : 1]<UL><LI> startup_skeaz1284.o(RESET)
</UL>
<P><STRONG><a name="[26]"></a>KBI1_IRQHandler</STRONG> (Thumb, 62 bytes, Stack size 24 bytes, drv_kbi.o(i.KBI1_IRQHandler))
<BR><BR>[Stack]<UL><LI>Max Depth = 24<LI>Call Chain = KBI1_IRQHandler
</UL>
<BR>[Address Reference Count : 1]<UL><LI> startup_skeaz1284.o(RESET)
</UL>
<P><STRONG><a name="[f7]"></a>MainMenu_Init</STRONG> (Thumb, 68 bytes, Stack size 20 bytes, menu.o(i.MainMenu_Init))
<BR><BR>[Stack]<UL><LI>Max Depth = 20<LI>Call Chain = MainMenu_Init
</UL>
<BR>[Called By]<UL><LI><a href="#[8f]">&gt;&gt;</a>&nbsp;&nbsp;&nbsp;displayInit
</UL>

<P><STRONG><a name="[af]"></a>Menu_Run</STRONG> (Thumb, 414 bytes, Stack size 24 bytes, menu.o(i.Menu_Run))
<BR><BR>[Stack]<UL><LI>Max Depth = 260<LI>Call Chain = Menu_Run &rArr; DisplayMenuInit &rArr; GUI_WindowsDraw &rArr; show_str_mid &rArr; show_str &rArr; show_font &rArr; strlen
</UL>
<BR>[Calls]<UL><LI><a href="#[ab]">&gt;&gt;</a>&nbsp;&nbsp;&nbsp;GUI_Scrollbar_SetPos
<LI><a href="#[97]">&gt;&gt;</a>&nbsp;&nbsp;&nbsp;GUI_MenuItemDraw
<LI><a href="#[a8]">&gt;&gt;</a>&nbsp;&nbsp;&nbsp;GUI_RectangleFill
<LI><a href="#[b0]">&gt;&gt;</a>&nbsp;&nbsp;&nbsp;exitMenu
<LI><a href="#[94]">&gt;&gt;</a>&nbsp;&nbsp;&nbsp;DisplayMenuInit
</UL>
<BR>[Called By]<UL><LI><a href="#[fa]">&gt;&gt;</a>&nbsp;&nbsp;&nbsp;displayTask
</UL>

<P><STRONG><a name="[f9]"></a>PIDAdjMenu_Init</STRONG> (Thumb, 84 bytes, Stack size 20 bytes, menu.o(i.PIDAdjMenu_Init))
<BR><BR>[Stack]<UL><LI>Max Depth = 20<LI>Call Chain = PIDAdjMenu_Init
</UL>
<BR>[Called By]<UL><LI><a href="#[8f]">&gt;&gt;</a>&nbsp;&nbsp;&nbsp;displayInit
</UL>

<P><STRONG><a name="[23]"></a>PIT_CH0_IRQHandler</STRONG> (Thumb, 30 bytes, Stack size 8 bytes, drv_pit.o(i.PIT_CH0_IRQHandler))
<BR><BR>[Stack]<UL><LI>Max Depth = 8<LI>Call Chain = PIT_CH0_IRQHandler
</UL>
<BR>[Address Reference Count : 1]<UL><LI> startup_skeaz1284.o(RESET)
</UL>
<P><STRONG><a name="[24]"></a>PIT_CH1_IRQHandler</STRONG> (Thumb, 30 bytes, Stack size 8 bytes, drv_pit.o(i.PIT_CH1_IRQHandler))
<BR><BR>[Stack]<UL><LI>Max Depth = 8<LI>Call Chain = PIT_CH1_IRQHandler
</UL>
<BR>[Address Reference Count : 1]<UL><LI> startup_skeaz1284.o(RESET)
</UL>
<P><STRONG><a name="[f8]"></a>ParaSetMenu_Init</STRONG> (Thumb, 76 bytes, Stack size 20 bytes, menu.o(i.ParaSetMenu_Init))
<BR><BR>[Stack]<UL><LI>Max Depth = 20<LI>Call Chain = ParaSetMenu_Init
</UL>
<BR>[Called By]<UL><LI><a href="#[8f]">&gt;&gt;</a>&nbsp;&nbsp;&nbsp;displayInit
</UL>

<P><STRONG><a name="[b1]"></a>Para_ShowRefresh</STRONG> (Thumb, 30 bytes, Stack size 8 bytes, para_show.o(i.Para_ShowRefresh))
<BR><BR>[Stack]<UL><LI>Max Depth = 220<LI>Call Chain = Para_ShowRefresh &rArr; GUI_WindowsDraw &rArr; show_str_mid &rArr; show_str &rArr; show_font &rArr; strlen
</UL>
<BR>[Calls]<UL><LI><a href="#[86]">&gt;&gt;</a>&nbsp;&nbsp;&nbsp;GUI_WindowsDraw
<LI><a href="#[96]">&gt;&gt;</a>&nbsp;&nbsp;&nbsp;GUI_ScrollbarDraw
</UL>
<BR>[Called By]<UL><LI><a href="#[b2]">&gt;&gt;</a>&nbsp;&nbsp;&nbsp;Para_Show_UI
</UL>

<P><STRONG><a name="[b2]"></a>Para_Show_UI</STRONG> (Thumb, 692 bytes, Stack size 32 bytes, para_show.o(i.Para_Show_UI))
<BR><BR>[Stack]<UL><LI>Max Depth = 252<LI>Call Chain = Para_Show_UI &rArr; Para_ShowRefresh &rArr; GUI_WindowsDraw &rArr; show_str_mid &rArr; show_str &rArr; show_font &rArr; strlen
</UL>
<BR>[Calls]<UL><LI><a href="#[90]">&gt;&gt;</a>&nbsp;&nbsp;&nbsp;setShow_ui
<LI><a href="#[89]">&gt;&gt;</a>&nbsp;&nbsp;&nbsp;oled_showString
<LI><a href="#[8b]">&gt;&gt;</a>&nbsp;&nbsp;&nbsp;oled_showNum
<LI><a href="#[b1]">&gt;&gt;</a>&nbsp;&nbsp;&nbsp;Para_ShowRefresh
<LI><a href="#[79]">&gt;&gt;</a>&nbsp;&nbsp;&nbsp;__aeabi_fmul
<LI><a href="#[8a]">&gt;&gt;</a>&nbsp;&nbsp;&nbsp;__aeabi_f2uiz
<LI><a href="#[7c]">&gt;&gt;</a>&nbsp;&nbsp;&nbsp;__aeabi_f2iz
</UL>
<BR>[Called By]<UL><LI><a href="#[fa]">&gt;&gt;</a>&nbsp;&nbsp;&nbsp;displayTask
</UL>

<P><STRONG><a name="[107]"></a>Partition</STRONG> (Thumb, 74 bytes, Stack size 20 bytes, app_sort.o(i.Partition))
<BR><BR>[Stack]<UL><LI>Max Depth = 20<LI>Call Chain = Partition
</UL>
<BR>[Called By]<UL><LI><a href="#[df]">&gt;&gt;</a>&nbsp;&nbsp;&nbsp;sort_QuickSort
</UL>

<P><STRONG><a name="[b3]"></a>SpeedKi_Set</STRONG> (Thumb, 380 bytes, Stack size 32 bytes, pid_set.o(i.SpeedKi_Set))
<BR><BR>[Stack]<UL><LI>Max Depth = 480<LI>Call Chain = SpeedKi_Set &rArr; GUI_DrawButton &rArr; GUI_FloodFill &rArr; GUI_HLine &rArr; GUI_Point &rArr; oled_drawPoint
</UL>
<BR>[Calls]<UL><LI><a href="#[8e]">&gt;&gt;</a>&nbsp;&nbsp;&nbsp;drv_gpio_ReadPin
<LI><a href="#[74]">&gt;&gt;</a>&nbsp;&nbsp;&nbsp;Car_ControlStart
<LI><a href="#[90]">&gt;&gt;</a>&nbsp;&nbsp;&nbsp;setShow_ui
<LI><a href="#[8f]">&gt;&gt;</a>&nbsp;&nbsp;&nbsp;displayInit
<LI><a href="#[8c]">&gt;&gt;</a>&nbsp;&nbsp;&nbsp;bsp_tim_DelayMs
<LI><a href="#[89]">&gt;&gt;</a>&nbsp;&nbsp;&nbsp;oled_showString
<LI><a href="#[8b]">&gt;&gt;</a>&nbsp;&nbsp;&nbsp;oled_showNum
<LI><a href="#[86]">&gt;&gt;</a>&nbsp;&nbsp;&nbsp;GUI_WindowsDraw
<LI><a href="#[8d]">&gt;&gt;</a>&nbsp;&nbsp;&nbsp;GUI_Refresh
<LI><a href="#[87]">&gt;&gt;</a>&nbsp;&nbsp;&nbsp;GUI_DrawButton
<LI><a href="#[88]">&gt;&gt;</a>&nbsp;&nbsp;&nbsp;GUI_Button_Selected
<LI><a href="#[92]">&gt;&gt;</a>&nbsp;&nbsp;&nbsp;pid_StorePara
<LI><a href="#[79]">&gt;&gt;</a>&nbsp;&nbsp;&nbsp;__aeabi_fmul
<LI><a href="#[8a]">&gt;&gt;</a>&nbsp;&nbsp;&nbsp;__aeabi_f2uiz
<LI><a href="#[7a]">&gt;&gt;</a>&nbsp;&nbsp;&nbsp;__aeabi_fsub
<LI><a href="#[7b]">&gt;&gt;</a>&nbsp;&nbsp;&nbsp;__aeabi_fadd
</UL>
<BR>[Called By]<UL><LI><a href="#[fa]">&gt;&gt;</a>&nbsp;&nbsp;&nbsp;displayTask
</UL>

<P><STRONG><a name="[b4]"></a>SpeedKp_Set</STRONG> (Thumb, 380 bytes, Stack size 32 bytes, pid_set.o(i.SpeedKp_Set))
<BR><BR>[Stack]<UL><LI>Max Depth = 480<LI>Call Chain = SpeedKp_Set &rArr; GUI_DrawButton &rArr; GUI_FloodFill &rArr; GUI_HLine &rArr; GUI_Point &rArr; oled_drawPoint
</UL>
<BR>[Calls]<UL><LI><a href="#[8e]">&gt;&gt;</a>&nbsp;&nbsp;&nbsp;drv_gpio_ReadPin
<LI><a href="#[74]">&gt;&gt;</a>&nbsp;&nbsp;&nbsp;Car_ControlStart
<LI><a href="#[90]">&gt;&gt;</a>&nbsp;&nbsp;&nbsp;setShow_ui
<LI><a href="#[8f]">&gt;&gt;</a>&nbsp;&nbsp;&nbsp;displayInit
<LI><a href="#[8c]">&gt;&gt;</a>&nbsp;&nbsp;&nbsp;bsp_tim_DelayMs
<LI><a href="#[89]">&gt;&gt;</a>&nbsp;&nbsp;&nbsp;oled_showString
<LI><a href="#[8b]">&gt;&gt;</a>&nbsp;&nbsp;&nbsp;oled_showNum
<LI><a href="#[86]">&gt;&gt;</a>&nbsp;&nbsp;&nbsp;GUI_WindowsDraw
<LI><a href="#[8d]">&gt;&gt;</a>&nbsp;&nbsp;&nbsp;GUI_Refresh
<LI><a href="#[87]">&gt;&gt;</a>&nbsp;&nbsp;&nbsp;GUI_DrawButton
<LI><a href="#[88]">&gt;&gt;</a>&nbsp;&nbsp;&nbsp;GUI_Button_Selected
<LI><a href="#[92]">&gt;&gt;</a>&nbsp;&nbsp;&nbsp;pid_StorePara
<LI><a href="#[79]">&gt;&gt;</a>&nbsp;&nbsp;&nbsp;__aeabi_fmul
<LI><a href="#[8a]">&gt;&gt;</a>&nbsp;&nbsp;&nbsp;__aeabi_f2uiz
<LI><a href="#[7a]">&gt;&gt;</a>&nbsp;&nbsp;&nbsp;__aeabi_fsub
<LI><a href="#[7b]">&gt;&gt;</a>&nbsp;&nbsp;&nbsp;__aeabi_fadd
</UL>
<BR>[Called By]<UL><LI><a href="#[fa]">&gt;&gt;</a>&nbsp;&nbsp;&nbsp;displayTask
</UL>

<P><STRONG><a name="[c]"></a>SysTick_Handler</STRONG> (Thumb, 8 bytes, Stack size 8 bytes, bsp_timer.o(i.SysTick_Handler))
<BR><BR>[Stack]<UL><LI>Max Depth = 24<LI>Call Chain = SysTick_Handler &rArr; SysTick_ISR
</UL>
<BR>[Calls]<UL><LI><a href="#[b5]">&gt;&gt;</a>&nbsp;&nbsp;&nbsp;SysTick_ISR
</UL>
<BR>[Address Reference Count : 1]<UL><LI> startup_skeaz1284.o(RESET)
</UL>
<P><STRONG><a name="[b5]"></a>SysTick_ISR</STRONG> (Thumb, 64 bytes, Stack size 16 bytes, bsp_timer.o(i.SysTick_ISR))
<BR><BR>[Stack]<UL><LI>Max Depth = 16<LI>Call Chain = SysTick_ISR
</UL>
<BR>[Calls]<UL><LI><a href="#[b6]">&gt;&gt;</a>&nbsp;&nbsp;&nbsp;bsp_tim_SoftDec
</UL>
<BR>[Called By]<UL><LI><a href="#[c]">&gt;&gt;</a>&nbsp;&nbsp;&nbsp;SysTick_Handler
</UL>

<P><STRONG><a name="[2d]"></a>SystemInit</STRONG> (Thumb, 64 bytes, Stack size 0 bytes, system_skeaz1284.o(i.SystemInit))
<BR>[Address Reference Count : 1]<UL><LI> startup_skeaz1284.o(.text)
</UL>
<P><STRONG><a name="[19]"></a>UART0_IRQHandler</STRONG> (Thumb, 150 bytes, Stack size 24 bytes, app_debug.o(i.UART0_IRQHandler))
<BR><BR>[Stack]<UL><LI>Max Depth = 24<LI>Call Chain = UART0_IRQHandler
</UL>
<BR>[Calls]<UL><LI><a href="#[b7]">&gt;&gt;</a>&nbsp;&nbsp;&nbsp;bsp_uart_IRQHandler
</UL>
<BR>[Address Reference Count : 1]<UL><LI> startup_skeaz1284.o(RESET)
</UL>
<P><STRONG><a name="[1a]"></a>UART1_IRQHandler</STRONG> (Thumb, 2 bytes, Stack size 0 bytes, drv_uart.o(i.UART1_IRQHandler))
<BR>[Address Reference Count : 1]<UL><LI> startup_skeaz1284.o(RESET)
</UL>
<P><STRONG><a name="[1b]"></a>UART2_IRQHandler</STRONG> (Thumb, 2 bytes, Stack size 0 bytes, drv_uart.o(i.UART2_IRQHandler))
<BR>[Address Reference Count : 1]<UL><LI> startup_skeaz1284.o(RESET)
</UL>
<P><STRONG><a name="[6e]"></a>__ARM_common_switch8</STRONG> (Thumb, 26 bytes, Stack size 8 bytes, freescalecar.o(i.__ARM_common_switch8))
<BR><BR>[Stack]<UL><LI>Max Depth = 8<LI>Call Chain = __ARM_common_switch8
</UL>
<BR>[Called By]<UL><LI><a href="#[fa]">&gt;&gt;</a>&nbsp;&nbsp;&nbsp;displayTask
<LI><a href="#[30]">&gt;&gt;</a>&nbsp;&nbsp;&nbsp;Car_Control
</UL>

<P><STRONG><a name="[53]"></a>_sys_exit</STRONG> (Thumb, 4 bytes, Stack size 0 bytes, bsp_uart.o(i._sys_exit))
<BR><BR>[Called By]<UL><LI><a href="#[52]">&gt;&gt;</a>&nbsp;&nbsp;&nbsp;__rt_exit_exit
</UL>

<P><STRONG><a name="[b8]"></a>bsp_Config</STRONG> (Thumb, 50 bytes, Stack size 8 bytes, bsp.o(i.bsp_Config))
<BR><BR>[Stack]<UL><LI>Max Depth = 160<LI>Call Chain = bsp_Config &rArr; bsp_mpu_Config &rArr; bsp_mpu_SetRate &rArr; bsp_mpu_SetLPF &rArr; bsp_mpu_WriteByte &rArr; bsp_i2c_WaitAck &rArr; bsp_i2c_Stop &rArr; bsp_tim_DelayUs
</UL>
<BR>[Calls]<UL><LI><a href="#[bb]">&gt;&gt;</a>&nbsp;&nbsp;&nbsp;bsp_uart_Config
<LI><a href="#[ba]">&gt;&gt;</a>&nbsp;&nbsp;&nbsp;bsp_tim_SoftConfig
<LI><a href="#[bf]">&gt;&gt;</a>&nbsp;&nbsp;&nbsp;bsp_switch_Config
<LI><a href="#[c3]">&gt;&gt;</a>&nbsp;&nbsp;&nbsp;bsp_sensor_Config
<LI><a href="#[bc]">&gt;&gt;</a>&nbsp;&nbsp;&nbsp;bsp_oled_Config
<LI><a href="#[c0]">&gt;&gt;</a>&nbsp;&nbsp;&nbsp;bsp_mpu_Config
<LI><a href="#[c1]">&gt;&gt;</a>&nbsp;&nbsp;&nbsp;bsp_motor_Config
<LI><a href="#[bd]">&gt;&gt;</a>&nbsp;&nbsp;&nbsp;bsp_led_Config
<LI><a href="#[be]">&gt;&gt;</a>&nbsp;&nbsp;&nbsp;bsp_key_Config
<LI><a href="#[c2]">&gt;&gt;</a>&nbsp;&nbsp;&nbsp;bsp_encoder_Config
<LI><a href="#[b9]">&gt;&gt;</a>&nbsp;&nbsp;&nbsp;drv_flash_Init
</UL>
<BR>[Called By]<UL><LI><a href="#[4e]">&gt;&gt;</a>&nbsp;&nbsp;&nbsp;main
</UL>

<P><STRONG><a name="[c2]"></a>bsp_encoder_Config</STRONG> (Thumb, 128 bytes, Stack size 16 bytes, bsp_encoder.o(i.bsp_encoder_Config))
<BR><BR>[Stack]<UL><LI>Max Depth = 36<LI>Call Chain = bsp_encoder_Config &rArr; drv_gpio_Init
</UL>
<BR>[Calls]<UL><LI><a href="#[ae]">&gt;&gt;</a>&nbsp;&nbsp;&nbsp;drv_gpio_Init
</UL>
<BR>[Called By]<UL><LI><a href="#[b8]">&gt;&gt;</a>&nbsp;&nbsp;&nbsp;bsp_Config
</UL>

<P><STRONG><a name="[6f]"></a>bsp_encoder_ReadCounter</STRONG> (Thumb, 32 bytes, Stack size 8 bytes, bsp_encoder.o(i.bsp_encoder_ReadCounter))
<BR><BR>[Stack]<UL><LI>Max Depth = 8<LI>Call Chain = bsp_encoder_ReadCounter
</UL>
<BR>[Called By]<UL><LI><a href="#[30]">&gt;&gt;</a>&nbsp;&nbsp;&nbsp;Car_Control
</UL>

<P><STRONG><a name="[c4]"></a>bsp_i2c_Ack</STRONG> (Thumb, 34 bytes, Stack size 24 bytes, bsp_i2c.o(i.bsp_i2c_Ack))
<BR><BR>[Stack]<UL><LI>Max Depth = 48<LI>Call Chain = bsp_i2c_Ack &rArr; bsp_tim_DelayUs
</UL>
<BR>[Calls]<UL><LI><a href="#[c5]">&gt;&gt;</a>&nbsp;&nbsp;&nbsp;bsp_tim_DelayUs
</UL>
<BR>[Called By]<UL><LI><a href="#[c7]">&gt;&gt;</a>&nbsp;&nbsp;&nbsp;bsp_i2c_ReadByte
</UL>

<P><STRONG><a name="[c6]"></a>bsp_i2c_NoAck</STRONG> (Thumb, 34 bytes, Stack size 24 bytes, bsp_i2c.o(i.bsp_i2c_NoAck))
<BR><BR>[Stack]<UL><LI>Max Depth = 48<LI>Call Chain = bsp_i2c_NoAck &rArr; bsp_tim_DelayUs
</UL>
<BR>[Calls]<UL><LI><a href="#[c5]">&gt;&gt;</a>&nbsp;&nbsp;&nbsp;bsp_tim_DelayUs
</UL>
<BR>[Called By]<UL><LI><a href="#[c7]">&gt;&gt;</a>&nbsp;&nbsp;&nbsp;bsp_i2c_ReadByte
</UL>

<P><STRONG><a name="[c7]"></a>bsp_i2c_ReadByte</STRONG> (Thumb, 94 bytes, Stack size 48 bytes, bsp_i2c.o(i.bsp_i2c_ReadByte))
<BR><BR>[Stack]<UL><LI>Max Depth = 96<LI>Call Chain = bsp_i2c_ReadByte &rArr; bsp_i2c_NoAck &rArr; bsp_tim_DelayUs
</UL>
<BR>[Calls]<UL><LI><a href="#[c5]">&gt;&gt;</a>&nbsp;&nbsp;&nbsp;bsp_tim_DelayUs
<LI><a href="#[c6]">&gt;&gt;</a>&nbsp;&nbsp;&nbsp;bsp_i2c_NoAck
<LI><a href="#[c4]">&gt;&gt;</a>&nbsp;&nbsp;&nbsp;bsp_i2c_Ack
</UL>
<BR>[Called By]<UL><LI><a href="#[d8]">&gt;&gt;</a>&nbsp;&nbsp;&nbsp;bsp_mpu_ReadByte
</UL>

<P><STRONG><a name="[c8]"></a>bsp_i2c_SendByte</STRONG> (Thumb, 72 bytes, Stack size 40 bytes, bsp_i2c.o(i.bsp_i2c_SendByte))
<BR><BR>[Stack]<UL><LI>Max Depth = 64<LI>Call Chain = bsp_i2c_SendByte &rArr; bsp_tim_DelayUs
</UL>
<BR>[Calls]<UL><LI><a href="#[c5]">&gt;&gt;</a>&nbsp;&nbsp;&nbsp;bsp_tim_DelayUs
</UL>
<BR>[Called By]<UL><LI><a href="#[d4]">&gt;&gt;</a>&nbsp;&nbsp;&nbsp;bsp_mpu_WriteByte
<LI><a href="#[d8]">&gt;&gt;</a>&nbsp;&nbsp;&nbsp;bsp_mpu_ReadByte
</UL>

<P><STRONG><a name="[c9]"></a>bsp_i2c_Start</STRONG> (Thumb, 34 bytes, Stack size 24 bytes, bsp_i2c.o(i.bsp_i2c_Start))
<BR><BR>[Stack]<UL><LI>Max Depth = 48<LI>Call Chain = bsp_i2c_Start &rArr; bsp_tim_DelayUs
</UL>
<BR>[Calls]<UL><LI><a href="#[c5]">&gt;&gt;</a>&nbsp;&nbsp;&nbsp;bsp_tim_DelayUs
</UL>
<BR>[Called By]<UL><LI><a href="#[d4]">&gt;&gt;</a>&nbsp;&nbsp;&nbsp;bsp_mpu_WriteByte
<LI><a href="#[d8]">&gt;&gt;</a>&nbsp;&nbsp;&nbsp;bsp_mpu_ReadByte
</UL>

<P><STRONG><a name="[ca]"></a>bsp_i2c_Stop</STRONG> (Thumb, 34 bytes, Stack size 24 bytes, bsp_i2c.o(i.bsp_i2c_Stop))
<BR><BR>[Stack]<UL><LI>Max Depth = 48<LI>Call Chain = bsp_i2c_Stop &rArr; bsp_tim_DelayUs
</UL>
<BR>[Calls]<UL><LI><a href="#[c5]">&gt;&gt;</a>&nbsp;&nbsp;&nbsp;bsp_tim_DelayUs
</UL>
<BR>[Called By]<UL><LI><a href="#[cb]">&gt;&gt;</a>&nbsp;&nbsp;&nbsp;bsp_i2c_WaitAck
<LI><a href="#[d4]">&gt;&gt;</a>&nbsp;&nbsp;&nbsp;bsp_mpu_WriteByte
<LI><a href="#[d8]">&gt;&gt;</a>&nbsp;&nbsp;&nbsp;bsp_mpu_ReadByte
</UL>

<P><STRONG><a name="[cb]"></a>bsp_i2c_WaitAck</STRONG> (Thumb, 76 bytes, Stack size 48 bytes, bsp_i2c.o(i.bsp_i2c_WaitAck))
<BR><BR>[Stack]<UL><LI>Max Depth = 96<LI>Call Chain = bsp_i2c_WaitAck &rArr; bsp_i2c_Stop &rArr; bsp_tim_DelayUs
</UL>
<BR>[Calls]<UL><LI><a href="#[c5]">&gt;&gt;</a>&nbsp;&nbsp;&nbsp;bsp_tim_DelayUs
<LI><a href="#[ca]">&gt;&gt;</a>&nbsp;&nbsp;&nbsp;bsp_i2c_Stop
</UL>
<BR>[Called By]<UL><LI><a href="#[d4]">&gt;&gt;</a>&nbsp;&nbsp;&nbsp;bsp_mpu_WriteByte
<LI><a href="#[d8]">&gt;&gt;</a>&nbsp;&nbsp;&nbsp;bsp_mpu_ReadByte
</UL>

<P><STRONG><a name="[be]"></a>bsp_key_Config</STRONG> (Thumb, 78 bytes, Stack size 8 bytes, bsp_key.o(i.bsp_key_Config))
<BR><BR>[Stack]<UL><LI>Max Depth = 28<LI>Call Chain = bsp_key_Config &rArr; drv_gpio_Init
</UL>
<BR>[Calls]<UL><LI><a href="#[ae]">&gt;&gt;</a>&nbsp;&nbsp;&nbsp;drv_gpio_Init
<LI><a href="#[77]">&gt;&gt;</a>&nbsp;&nbsp;&nbsp;drv_gpio_WritePin
<LI><a href="#[cc]">&gt;&gt;</a>&nbsp;&nbsp;&nbsp;bsp_key_FIFOInit
</UL>
<BR>[Called By]<UL><LI><a href="#[b8]">&gt;&gt;</a>&nbsp;&nbsp;&nbsp;bsp_Config
</UL>

<P><STRONG><a name="[cd]"></a>bsp_key_Detect</STRONG> (Thumb, 166 bytes, Stack size 16 bytes, bsp_key.o(i.bsp_key_Detect))
<BR><BR>[Stack]<UL><LI>Max Depth = 16<LI>Call Chain = bsp_key_Detect
</UL>
<BR>[Calls]<UL><LI><a href="#[ce]">&gt;&gt;</a>&nbsp;&nbsp;&nbsp;bsp_key_PutKeyToFIFO
</UL>
<BR>[Called By]<UL><LI><a href="#[43]">&gt;&gt;</a>&nbsp;&nbsp;&nbsp;bsp_key_Scan
</UL>

<P><STRONG><a name="[fb]"></a>bsp_key_GetKey</STRONG> (Thumb, 32 bytes, Stack size 0 bytes, bsp_key.o(i.bsp_key_GetKey))
<BR><BR>[Called By]<UL><LI><a href="#[fa]">&gt;&gt;</a>&nbsp;&nbsp;&nbsp;displayTask
</UL>

<P><STRONG><a name="[ce]"></a>bsp_key_PutKeyToFIFO</STRONG> (Thumb, 28 bytes, Stack size 0 bytes, bsp_key.o(i.bsp_key_PutKeyToFIFO))
[...]
<LI><a href="#[77]">&gt;&gt;</a>&nbsp;&nbsp;&nbsp;drv_gpio_WritePin
<LI><a href="#[fa]">&gt;&gt;</a>&nbsp;&nbsp;&nbsp;displayTask
<LI><a href="#[8f]">&gt;&gt;</a>&nbsp;&nbsp;&nbsp;displayInit
<LI><a href="#[8c]">&gt;&gt;</a>&nbsp;&nbsp;&nbsp;bsp_tim_DelayMs
<LI><a href="#[103]">&gt;&gt;</a>&nbsp;&nbsp;&nbsp;bsp_tim_CreateSoftTimer
<LI><a href="#[75]">&gt;&gt;</a>&nbsp;&nbsp;&nbsp;bsp_tim_CreateHardTimer
<LI><a href="#[e7]">&gt;&gt;</a>&nbsp;&nbsp;&nbsp;bsp_switch_GetValue
<LI><a href="#[dd]">&gt;&gt;</a>&nbsp;&nbsp;&nbsp;bsp_sensor_Calibration
<LI><a href="#[b8]">&gt;&gt;</a>&nbsp;&nbsp;&nbsp;bsp_Config
<LI><a href="#[102]">&gt;&gt;</a>&nbsp;&nbsp;&nbsp;Car_ParaInit
</UL>
<BR>[Called By]<UL><LI><a href="#[4d]">&gt;&gt;</a>&nbsp;&nbsp;&nbsp;__rt_entry_main
</UL>

<P><STRONG><a name="[fc]"></a>main_ui</STRONG> (Thumb, 70 bytes, Stack size 16 bytes, main_ui.o(i.main_ui))
<BR><BR>[Stack]<UL><LI>Max Depth = 128<LI>Call Chain = main_ui &rArr; oled_showString &rArr; oled_showChar &rArr; oled_drawPoint
</UL>
<BR>[Calls]<UL><LI><a href="#[84]">&gt;&gt;</a>&nbsp;&nbsp;&nbsp;bsp_led_Toggle
<LI><a href="#[89]">&gt;&gt;</a>&nbsp;&nbsp;&nbsp;oled_showString
<LI><a href="#[a4]">&gt;&gt;</a>&nbsp;&nbsp;&nbsp;oled_showPicture
</UL>
<BR>[Called By]<UL><LI><a href="#[fa]">&gt;&gt;</a>&nbsp;&nbsp;&nbsp;displayTask
</UL>

<P><STRONG><a name="[105]"></a>mypow</STRONG> (Thumb, 20 bytes, Stack size 0 bytes, bsp_oled.o(i.mypow))
<BR><BR>[Called By]<UL><LI><a href="#[8b]">&gt;&gt;</a>&nbsp;&nbsp;&nbsp;oled_showNum
</UL>

<P><STRONG><a name="[59]"></a>oled_clear</STRONG> (Thumb, 38 bytes, Stack size 8 bytes, bsp_oled.o(i.oled_clear))
<BR><BR>[Stack]<UL><LI>Max Depth = 48<LI>Call Chain = oled_clear &rArr; oled_refreshGram &rArr; oled_wr_byte &rArr; drv_gpio_WritePin
</UL>
<BR>[Calls]<UL><LI><a href="#[a9]">&gt;&gt;</a>&nbsp;&nbsp;&nbsp;oled_refreshGram
</UL>
<BR>[Called By]<UL><LI><a href="#[89]">&gt;&gt;</a>&nbsp;&nbsp;&nbsp;oled_showString
<LI><a href="#[bc]">&gt;&gt;</a>&nbsp;&nbsp;&nbsp;bsp_oled_Config
<LI><a href="#[58]">&gt;&gt;</a>&nbsp;&nbsp;&nbsp;GUI_ClearSCR
</UL>

<P><STRONG><a name="[a5]"></a>oled_drawPoint</STRONG> (Thumb, 50 bytes, Stack size 8 bytes, bsp_oled.o(i.oled_drawPoint))
<BR><BR>[Stack]<UL><LI>Max Depth = 8<LI>Call Chain = oled_drawPoint
</UL>
<BR>[Called By]<UL><LI><a href="#[a4]">&gt;&gt;</a>&nbsp;&nbsp;&nbsp;oled_showPicture
<LI><a href="#[104]">&gt;&gt;</a>&nbsp;&nbsp;&nbsp;oled_showChar
<LI><a href="#[106]">&gt;&gt;</a>&nbsp;&nbsp;&nbsp;show_font
<LI><a href="#[99]">&gt;&gt;</a>&nbsp;&nbsp;&nbsp;GUI_Point
</UL>

<P><STRONG><a name="[a6]"></a>oled_readPoint</STRONG> (Thumb, 34 bytes, Stack size 0 bytes, bsp_oled.o(i.oled_readPoint))
<BR><BR>[Called By]<UL><LI><a href="#[9f]">&gt;&gt;</a>&nbsp;&nbsp;&nbsp;GUI_ReadPoint
</UL>

<P><STRONG><a name="[a9]"></a>oled_refreshGram</STRONG> (Thumb, 66 bytes, Stack size 16 bytes, bsp_oled.o(i.oled_refreshGram))
<BR><BR>[Stack]<UL><LI>Max Depth = 40<LI>Call Chain = oled_refreshGram &rArr; oled_wr_byte &rArr; drv_gpio_WritePin
</UL>
<BR>[Calls]<UL><LI><a href="#[db]">&gt;&gt;</a>&nbsp;&nbsp;&nbsp;oled_wr_byte
</UL>
<BR>[Called By]<UL><LI><a href="#[dd]">&gt;&gt;</a>&nbsp;&nbsp;&nbsp;bsp_sensor_Calibration
<LI><a href="#[59]">&gt;&gt;</a>&nbsp;&nbsp;&nbsp;oled_clear
<LI><a href="#[8d]">&gt;&gt;</a>&nbsp;&nbsp;&nbsp;GUI_Refresh
</UL>

<P><STRONG><a name="[104]"></a>oled_showChar</STRONG> (Thumb, 178 bytes, Stack size 48 bytes, bsp_oled.o(i.oled_showChar))
<BR><BR>[Stack]<UL><LI>Max Depth = 56<LI>Call Chain = oled_showChar &rArr; oled_drawPoint
</UL>
<BR>[Calls]<UL><LI><a href="#[a5]">&gt;&gt;</a>&nbsp;&nbsp;&nbsp;oled_drawPoint
</UL>
<BR>[Called By]<UL><LI><a href="#[89]">&gt;&gt;</a>&nbsp;&nbsp;&nbsp;oled_showString
<LI><a href="#[8b]">&gt;&gt;</a>&nbsp;&nbsp;&nbsp;oled_showNum
<LI><a href="#[9d]">&gt;&gt;</a>&nbsp;&nbsp;&nbsp;show_str
</UL>

<P><STRONG><a name="[8b]"></a>oled_showNum</STRONG> (Thumb, 122 bytes, Stack size 48 bytes, bsp_oled.o(i.oled_showNum))
<BR><BR>[Stack]<UL><LI>Max Depth = 104<LI>Call Chain = oled_showNum &rArr; oled_showChar &rArr; oled_drawPoint
</UL>
<BR>[Calls]<UL><LI><a href="#[104]">&gt;&gt;</a>&nbsp;&nbsp;&nbsp;oled_showChar
<LI><a href="#[105]">&gt;&gt;</a>&nbsp;&nbsp;&nbsp;mypow
<LI><a href="#[aa]">&gt;&gt;</a>&nbsp;&nbsp;&nbsp;__aeabi_uidivmod
</UL>
<BR>[Called By]<UL><LI><a href="#[b4]">&gt;&gt;</a>&nbsp;&nbsp;&nbsp;SpeedKp_Set
<LI><a href="#[b3]">&gt;&gt;</a>&nbsp;&nbsp;&nbsp;SpeedKi_Set
<LI><a href="#[b2]">&gt;&gt;</a>&nbsp;&nbsp;&nbsp;Para_Show_UI
<LI><a href="#[93]">&gt;&gt;</a>&nbsp;&nbsp;&nbsp;DirctionKp_Set
<LI><a href="#[91]">&gt;&gt;</a>&nbsp;&nbsp;&nbsp;DirctionKd_Set
<LI><a href="#[85]">&gt;&gt;</a>&nbsp;&nbsp;&nbsp;Car_SetTarSpeed
</UL>

<P><STRONG><a name="[a4]"></a>oled_showPicture</STRONG> (Thumb, 174 bytes, Stack size 60 bytes, bsp_oled.o(i.oled_showPicture))
<BR><BR>[Stack]<UL><LI>Max Depth = 68<LI>Call Chain = oled_showPicture &rArr; oled_drawPoint
</UL>
<BR>[Calls]<UL><LI><a href="#[a5]">&gt;&gt;</a>&nbsp;&nbsp;&nbsp;oled_drawPoint
</UL>
<BR>[Called By]<UL><LI><a href="#[96]">&gt;&gt;</a>&nbsp;&nbsp;&nbsp;GUI_ScrollbarDraw
<LI><a href="#[97]">&gt;&gt;</a>&nbsp;&nbsp;&nbsp;GUI_MenuItemDraw
<LI><a href="#[fc]">&gt;&gt;</a>&nbsp;&nbsp;&nbsp;main_ui
</UL>

<P><STRONG><a name="[89]"></a>oled_showString</STRONG> (Thumb, 92 bytes, Stack size 56 bytes, bsp_oled.o(i.oled_showString))
<BR><BR>[Stack]<UL><LI>Max Depth = 112<LI>Call Chain = oled_showString &rArr; oled_showChar &rArr; oled_drawPoint
</UL>
<BR>[Calls]<UL><LI><a href="#[104]">&gt;&gt;</a>&nbsp;&nbsp;&nbsp;oled_showChar
<LI><a href="#[59]">&gt;&gt;</a>&nbsp;&nbsp;&nbsp;oled_clear
</UL>
<BR>[Called By]<UL><LI><a href="#[dd]">&gt;&gt;</a>&nbsp;&nbsp;&nbsp;bsp_sensor_Calibration
<LI><a href="#[fc]">&gt;&gt;</a>&nbsp;&nbsp;&nbsp;main_ui
<LI><a href="#[b4]">&gt;&gt;</a>&nbsp;&nbsp;&nbsp;SpeedKp_Set
<LI><a href="#[b3]">&gt;&gt;</a>&nbsp;&nbsp;&nbsp;SpeedKi_Set
<LI><a href="#[b2]">&gt;&gt;</a>&nbsp;&nbsp;&nbsp;Para_Show_UI
<LI><a href="#[93]">&gt;&gt;</a>&nbsp;&nbsp;&nbsp;DirctionKp_Set
<LI><a href="#[91]">&gt;&gt;</a>&nbsp;&nbsp;&nbsp;DirctionKd_Set
<LI><a href="#[85]">&gt;&gt;</a>&nbsp;&nbsp;&nbsp;Car_SetTarSpeed
</UL>

<P><STRONG><a name="[db]"></a>oled_wr_byte</STRONG> (Thumb, 88 bytes, Stack size 16 bytes, bsp_oled.o(i.oled_wr_byte))
<BR><BR>[Stack]<UL><LI>Max Depth = 24<LI>Call Chain = oled_wr_byte &rArr; drv_gpio_WritePin
</UL>
<BR>[Calls]<UL><LI><a href="#[77]">&gt;&gt;</a>&nbsp;&nbsp;&nbsp;drv_gpio_WritePin
</UL>
<BR>[Called By]<UL><LI><a href="#[a9]">&gt;&gt;</a>&nbsp;&nbsp;&nbsp;oled_refreshGram
<LI><a href="#[dc]">&gt;&gt;</a>&nbsp;&nbsp;&nbsp;bsp_oled_SetPos
<LI><a href="#[bc]">&gt;&gt;</a>&nbsp;&nbsp;&nbsp;bsp_oled_Config
</UL>

<P><STRONG><a name="[92]"></a>pid_StorePara</STRONG> (Thumb, 22 bytes, Stack size 8 bytes, app_pid.o(i.pid_StorePara))
<BR><BR>[Stack]<UL><LI>Max Depth = 40<LI>Call Chain = pid_StorePara &rArr; drv_flash_WriteSector &rArr; drv_flash_StartCmd
</UL>
<BR>[Calls]<UL><LI><a href="#[e1]">&gt;&gt;</a>&nbsp;&nbsp;&nbsp;drv_flash_WriteSector
<LI><a href="#[e0]">&gt;&gt;</a>&nbsp;&nbsp;&nbsp;drv_flash_EraseSector
</UL>
<BR>[Called By]<UL><LI><a href="#[f3]">&gt;&gt;</a>&nbsp;&nbsp;&nbsp;debug_PIDDownload
<LI><a href="#[b4]">&gt;&gt;</a>&nbsp;&nbsp;&nbsp;SpeedKp_Set
<LI><a href="#[b3]">&gt;&gt;</a>&nbsp;&nbsp;&nbsp;SpeedKi_Set
<LI><a href="#[93]">&gt;&gt;</a>&nbsp;&nbsp;&nbsp;DirctionKp_Set
<LI><a href="#[91]">&gt;&gt;</a>&nbsp;&nbsp;&nbsp;DirctionKd_Set
</UL>

<P><STRONG><a name="[90]"></a>setShow_ui</STRONG> (Thumb, 22 bytes, Stack size 8 bytes, display.o(i.setShow_ui))
<BR><BR>[Stack]<UL><LI>Max Depth = 64<LI>Call Chain = setShow_ui &rArr; GUI_ClearSCR &rArr; oled_clear &rArr; oled_refreshGram &rArr; oled_wr_byte &rArr; drv_gpio_WritePin
</UL>
<BR>[Calls]<UL><LI><a href="#[58]">&gt;&gt;</a>&nbsp;&nbsp;&nbsp;GUI_ClearSCR
</UL>
<BR>[Called By]<UL><LI><a href="#[fa]">&gt;&gt;</a>&nbsp;&nbsp;&nbsp;displayTask
<LI><a href="#[4e]">&gt;&gt;</a>&nbsp;&nbsp;&nbsp;main
<LI><a href="#[b4]">&gt;&gt;</a>&nbsp;&nbsp;&nbsp;SpeedKp_Set
<LI><a href="#[b3]">&gt;&gt;</a>&nbsp;&nbsp;&nbsp;SpeedKi_Set
<LI><a href="#[b2]">&gt;&gt;</a>&nbsp;&nbsp;&nbsp;Para_Show_UI
<LI><a href="#[93]">&gt;&gt;</a>&nbsp;&nbsp;&nbsp;DirctionKp_Set
<LI><a href="#[91]">&gt;&gt;</a>&nbsp;&nbsp;&nbsp;DirctionKd_Set
<LI><a href="#[85]">&gt;&gt;</a>&nbsp;&nbsp;&nbsp;Car_SetTarSpeed
<LI><a href="#[37]">&gt;&gt;</a>&nbsp;&nbsp;&nbsp;gotoSetTargetSpeed
<LI><a href="#[33]">&gt;&gt;</a>&nbsp;&nbsp;&nbsp;gotoSetSpeedKp
<LI><a href="#[34]">&gt;&gt;</a>&nbsp;&nbsp;&nbsp;gotoSetSpeedKi
<LI><a href="#[35]">&gt;&gt;</a>&nbsp;&nbsp;&nbsp;gotoSetDirctionKp
<LI><a href="#[36]">&gt;&gt;</a>&nbsp;&nbsp;&nbsp;gotoSetDirctionKd
<LI><a href="#[31]">&gt;&gt;</a>&nbsp;&nbsp;&nbsp;gotoParaShow
<LI><a href="#[b0]">&gt;&gt;</a>&nbsp;&nbsp;&nbsp;exitMenu
</UL>

<P><STRONG><a name="[9d]"></a>show_str</STRONG> (Thumb, 176 bytes, Stack size 64 bytes, text.o(i.show_str))
<BR><BR>[Stack]<UL><LI>Max Depth = 132<LI>Call Chain = show_str &rArr; show_font &rArr; strlen
</UL>
<BR>[Calls]<UL><LI><a href="#[104]">&gt;&gt;</a>&nbsp;&nbsp;&nbsp;oled_showChar
<LI><a href="#[106]">&gt;&gt;</a>&nbsp;&nbsp;&nbsp;show_font
</UL>
<BR>[Called By]<UL><LI><a href="#[ad]">&gt;&gt;</a>&nbsp;&nbsp;&nbsp;show_str_mid
<LI><a href="#[97]">&gt;&gt;</a>&nbsp;&nbsp;&nbsp;GUI_MenuItemDraw
<LI><a href="#[87]">&gt;&gt;</a>&nbsp;&nbsp;&nbsp;GUI_DrawButton
<LI><a href="#[88]">&gt;&gt;</a>&nbsp;&nbsp;&nbsp;GUI_Button_Selected
</UL>

<P><STRONG><a name="[ad]"></a>show_str_mid</STRONG> (Thumb, 70 bytes, Stack size 48 bytes, text.o(i.show_str_mid))
<BR><BR>[Stack]<UL><LI>Max Depth = 180<LI>Call Chain = show_str_mid &rArr; show_str &rArr; show_font &rArr; strlen
</UL>
<BR>[Calls]<UL><LI><a href="#[9d]">&gt;&gt;</a>&nbsp;&nbsp;&nbsp;show_str
<LI><a href="#[101]">&gt;&gt;</a>&nbsp;&nbsp;&nbsp;strlen
</UL>
<BR>[Called By]<UL><LI><a href="#[86]">&gt;&gt;</a>&nbsp;&nbsp;&nbsp;GUI_WindowsDraw
</UL>

<P><STRONG><a name="[df]"></a>sort_QuickSort</STRONG> (Thumb, 38 bytes, Stack size 20 bytes, app_sort.o(i.sort_QuickSort))
<BR><BR>[Stack]<UL><LI>Max Depth = 40 + In Cycle
<LI>Call Chain = sort_QuickSort &rArr;  sort_QuickSort (Cycle)
</UL>
<BR>[Calls]<UL><LI><a href="#[df]">&gt;&gt;</a>&nbsp;&nbsp;&nbsp;sort_QuickSort
<LI><a href="#[107]">&gt;&gt;</a>&nbsp;&nbsp;&nbsp;Partition
</UL>
<BR>[Called By]<UL><LI><a href="#[dd]">&gt;&gt;</a>&nbsp;&nbsp;&nbsp;bsp_sensor_Calibration
<LI><a href="#[df]">&gt;&gt;</a>&nbsp;&nbsp;&nbsp;sort_QuickSort
</UL>

<P><STRONG><a name="[7b]"></a>__aeabi_fadd</STRONG> (Thumb, 0 bytes, Stack size 16 bytes, faddsub.o(x$fpl$fadd))
<BR><BR>[Stack]<UL><LI>Max Depth = 16<LI>Call Chain = __aeabi_fadd
</UL>
<BR>[Called By]<UL><LI><a href="#[72]">&gt;&gt;</a>&nbsp;&nbsp;&nbsp;bsp_sensor_DataProcess
<LI><a href="#[83]">&gt;&gt;</a>&nbsp;&nbsp;&nbsp;Car_RightVelocityPIDCalc
<LI><a href="#[7e]">&gt;&gt;</a>&nbsp;&nbsp;&nbsp;Car_LeftVelocityPIDCalc
<LI><a href="#[71]">&gt;&gt;</a>&nbsp;&nbsp;&nbsp;Car_DirctionControl
<LI><a href="#[b4]">&gt;&gt;</a>&nbsp;&nbsp;&nbsp;SpeedKp_Set
<LI><a href="#[b3]">&gt;&gt;</a>&nbsp;&nbsp;&nbsp;SpeedKi_Set
<LI><a href="#[93]">&gt;&gt;</a>&nbsp;&nbsp;&nbsp;DirctionKp_Set
<LI><a href="#[91]">&gt;&gt;</a>&nbsp;&nbsp;&nbsp;DirctionKd_Set
<LI><a href="#[85]">&gt;&gt;</a>&nbsp;&nbsp;&nbsp;Car_SetTarSpeed
</UL>

<P><STRONG><a name="[108]"></a>_fadd</STRONG> (Thumb, 134 bytes, Stack size 16 bytes, faddsub.o(x$fpl$fadd), UNUSED)
<BR><BR>[Calls]<UL><LI><a href="#[109]">&gt;&gt;</a>&nbsp;&nbsp;&nbsp;_fsub1
</UL>

<P><STRONG><a name="[79]"></a>__aeabi_fmul</STRONG> (Thumb, 0 bytes, Stack size 16 bytes, fmul.o(x$fpl$fmul))
<BR><BR>[Stack]<UL><LI>Max Depth = 16<LI>Call Chain = __aeabi_fmul
</UL>
<BR>[Called By]<UL><LI><a href="#[83]">&gt;&gt;</a>&nbsp;&nbsp;&nbsp;Car_RightVelocityPIDCalc
<LI><a href="#[7e]">&gt;&gt;</a>&nbsp;&nbsp;&nbsp;Car_LeftVelocityPIDCalc
<LI><a href="#[71]">&gt;&gt;</a>&nbsp;&nbsp;&nbsp;Car_DirctionControl
<LI><a href="#[f0]">&gt;&gt;</a>&nbsp;&nbsp;&nbsp;debug_SensorDataReport
<LI><a href="#[f2]">&gt;&gt;</a>&nbsp;&nbsp;&nbsp;debug_PIDParaReport
<LI><a href="#[f1]">&gt;&gt;</a>&nbsp;&nbsp;&nbsp;debug_MotorDataReport
<LI><a href="#[b4]">&gt;&gt;</a>&nbsp;&nbsp;&nbsp;SpeedKp_Set
<LI><a href="#[b3]">&gt;&gt;</a>&nbsp;&nbsp;&nbsp;SpeedKi_Set
<LI><a href="#[b2]">&gt;&gt;</a>&nbsp;&nbsp;&nbsp;Para_Show_UI
<LI><a href="#[93]">&gt;&gt;</a>&nbsp;&nbsp;&nbsp;DirctionKp_Set
</UL>

<P><STRONG><a name="[149]"></a>_fmul</STRONG> (Thumb, 172 bytes, Stack size 16 bytes, fmul.o(x$fpl$fmul), UNUSED)

<P><STRONG><a name="[7a]"></a>__aeabi_fsub</STRONG> (Thumb, 0 bytes, Stack size 16 bytes, faddsub.o(x$fpl$fsub))
<BR><BR>[Stack]<UL><LI>Max Depth = 16<LI>Call Chain = __aeabi_fsub
</UL>
<BR>[Called By]<UL><LI><a href="#[72]">&gt;&gt;</a>&nbsp;&nbsp;&nbsp;bsp_sensor_DataProcess
<LI><a href="#[83]">&gt;&gt;</a>&nbsp;&nbsp;&nbsp;Car_RightVelocityPIDCalc
<LI><a href="#[7e]">&gt;&gt;</a>&nbsp;&nbsp;&nbsp;Car_LeftVelocityPIDCalc
<LI><a href="#[71]">&gt;&gt;</a>&nbsp;&nbsp;&nbsp;Car_DirctionControl
<LI><a href="#[b4]">&gt;&gt;</a>&nbsp;&nbsp;&nbsp;SpeedKp_Set
<LI><a href="#[b3]">&gt;&gt;</a>&nbsp;&nbsp;&nbsp;SpeedKi_Set
<LI><a href="#[93]">&gt;&gt;</a>&nbsp;&nbsp;&nbsp;DirctionKp_Set
<LI><a href="#[91]">&gt;&gt;</a>&nbsp;&nbsp;&nbsp;DirctionKd_Set
<LI><a href="#[85]">&gt;&gt;</a>&nbsp;&nbsp;&nbsp;Car_SetTarSpeed
</UL>

<P><STRONG><a name="[10a]"></a>_fsub</STRONG> (Thumb, 204 bytes, Stack size 16 bytes, faddsub.o(x$fpl$fsub), UNUSED)
<BR><BR>[Calls]<UL><LI><a href="#[10b]">&gt;&gt;</a>&nbsp;&nbsp;&nbsp;_fadd1
</UL>
<P>
<H3>
Local Symbols
</H3>
<P><STRONG><a name="[ff]"></a>NVIC_SetPriority</STRONG> (Thumb, 60 bytes, Stack size 0 bytes, drv_pit.o(i.NVIC_SetPriority))
<BR><BR>[Called By]<UL><LI><a href="#[e8]">&gt;&gt;</a>&nbsp;&nbsp;&nbsp;drv_pit_Init
</UL>

<P><STRONG><a name="[3a]"></a>IsKeyDownPress</STRONG> (Thumb, 10 bytes, Stack size 8 bytes, bsp_key.o(i.IsKeyDownPress))
<BR><BR>[Stack]<UL><LI>Max Depth = 8<LI>Call Chain = IsKeyDownPress
</UL>
<BR>[Calls]<UL><LI><a href="#[8e]">&gt;&gt;</a>&nbsp;&nbsp;&nbsp;drv_gpio_ReadPin
</UL>
<BR>[Address Reference Count : 1]<UL><LI> bsp_key.o(i.bsp_key_FIFOInit)
</UL>
<P><STRONG><a name="[39]"></a>IsKeyOkPress</STRONG> (Thumb, 10 bytes, Stack size 8 bytes, bsp_key.o(i.IsKeyOkPress))
<BR><BR>[Stack]<UL><LI>Max Depth = 8<LI>Call Chain = IsKeyOkPress
</UL>
<BR>[Calls]<UL><LI><a href="#[8e]">&gt;&gt;</a>&nbsp;&nbsp;&nbsp;drv_gpio_ReadPin
</UL>
<BR>[Address Reference Count : 1]<UL><LI> bsp_key.o(i.bsp_key_FIFOInit)
</UL>
<P><STRONG><a name="[38]"></a>IsKeyUpPress</STRONG> (Thumb, 10 bytes, Stack size 8 bytes, bsp_key.o(i.IsKeyUpPress))
<BR><BR>[Stack]<UL><LI>Max Depth = 8<LI>Call Chain = IsKeyUpPress
</UL>
<BR>[Calls]<UL><LI><a href="#[8e]">&gt;&gt;</a>&nbsp;&nbsp;&nbsp;drv_gpio_ReadPin
</UL>
<BR>[Address Reference Count : 1]<UL><LI> bsp_key.o(i.bsp_key_FIFOInit)
</UL>
<P><STRONG><a name="[cc]"></a>bsp_key_FIFOInit</STRONG> (Thumb, 64 bytes, Stack size 16 bytes, bsp_key.o(i.bsp_key_FIFOInit))
<BR><BR>[Stack]<UL><LI>Max Depth = 16<LI>Call Chain = bsp_key_FIFOInit
</UL>
<BR>[Called By]<UL><LI><a href="#[be]">&gt;&gt;</a>&nbsp;&nbsp;&nbsp;bsp_key_Config
</UL>

<P><STRONG><a name="[41]"></a>MPU_READ_SDA</STRONG> (Thumb, 10 bytes, Stack size 8 bytes, bsp_mpu.o(i.MPU_READ_SDA))
<BR><BR>[Stack]<UL><LI>Max Depth = 8<LI>Call Chain = MPU_READ_SDA
</UL>
<BR>[Calls]<UL><LI><a href="#[8e]">&gt;&gt;</a>&nbsp;&nbsp;&nbsp;drv_gpio_ReadPin
</UL>
<BR>[Address Reference Count : 1]<UL><LI> bsp_mpu.o(i.bsp_mpu_IICConfig)
</UL>
<P><STRONG><a name="[3b]"></a>MPU_SCL_HIGH</STRONG> (Thumb, 12 bytes, Stack size 8 bytes, bsp_mpu.o(i.MPU_SCL_HIGH))
<BR><BR>[Stack]<UL><LI>Max Depth = 16<LI>Call Chain = MPU_SCL_HIGH &rArr; drv_gpio_WritePin
</UL>
<BR>[Calls]<UL><LI><a href="#[77]">&gt;&gt;</a>&nbsp;&nbsp;&nbsp;drv_gpio_WritePin
</UL>
<BR>[Address Reference Count : 1]<UL><LI> bsp_mpu.o(i.bsp_mpu_IICConfig)
</UL>
<P><STRONG><a name="[3c]"></a>MPU_SCL_LOW</STRONG> (Thumb, 12 bytes, Stack size 8 bytes, bsp_mpu.o(i.MPU_SCL_LOW))
<BR><BR>[Stack]<UL><LI>Max Depth = 16<LI>Call Chain = MPU_SCL_LOW &rArr; drv_gpio_WritePin
</UL>
<BR>[Calls]<UL><LI><a href="#[77]">&gt;&gt;</a>&nbsp;&nbsp;&nbsp;drv_gpio_WritePin
</UL>
<BR>[Address Reference Count : 1]<UL><LI> bsp_mpu.o(i.bsp_mpu_IICConfig)
</UL>
<P><STRONG><a name="[3d]"></a>MPU_SDA_HIGH</STRONG> (Thumb, 12 bytes, Stack size 8 bytes, bsp_mpu.o(i.MPU_SDA_HIGH))
<BR><BR>[Stack]<UL><LI>Max Depth = 16<LI>Call Chain = MPU_SDA_HIGH &rArr; drv_gpio_WritePin
</UL>
<BR>[Calls]<UL><LI><a href="#[77]">&gt;&gt;</a>&nbsp;&nbsp;&nbsp;drv_gpio_WritePin
</UL>
<BR>[Address Reference Count : 1]<UL><LI> bsp_mpu.o(i.bsp_mpu_IICConfig)
</UL>
<P><STRONG><a name="[3e]"></a>MPU_SDA_LOW</STRONG> (Thumb, 12 bytes, Stack size 8 bytes, bsp_mpu.o(i.MPU_SDA_LOW))
<BR><BR>[Stack]<UL><LI>Max Depth = 16<LI>Call Chain = MPU_SDA_LOW &rArr; drv_gpio_WritePin
</UL>
<BR>[Calls]<UL><LI><a href="#[77]">&gt;&gt;</a>&nbsp;&nbsp;&nbsp;drv_gpio_WritePin
</UL>
<BR>[Address Reference Count : 1]<UL><LI> bsp_mpu.o(i.bsp_mpu_IICConfig)
</UL>
<P><STRONG><a name="[3f]"></a>MPU_SDA_SET_IN</STRONG> (Thumb, 26 bytes, Stack size 8 bytes, bsp_mpu.o(i.MPU_SDA_SET_IN))
<BR><BR>[Stack]<UL><LI>Max Depth = 28<LI>Call Chain = MPU_SDA_SET_IN &rArr; drv_gpio_Init
</UL>
<BR>[Calls]<UL><LI><a href="#[ae]">&gt;&gt;</a>&nbsp;&nbsp;&nbsp;drv_gpio_Init
</UL>
<BR>[Address Reference Count : 1]<UL><LI> bsp_mpu.o(i.bsp_mpu_IICConfig)
</UL>
<P><STRONG><a name="[40]"></a>MPU_SDA_SET_OUT</STRONG> (Thumb, 26 bytes, Stack size 8 bytes, bsp_mpu.o(i.MPU_SDA_SET_OUT))
<BR><BR>[Stack]<UL><LI>Max Depth = 28<LI>Call Chain = MPU_SDA_SET_OUT &rArr; drv_gpio_Init
</UL>
<BR>[Calls]<UL><LI><a href="#[ae]">&gt;&gt;</a>&nbsp;&nbsp;&nbsp;drv_gpio_Init
</UL>
<BR>[Address Reference Count : 1]<UL><LI> bsp_mpu.o(i.bsp_mpu_IICConfig)
</UL>
<P><STRONG><a name="[9a]"></a>getBtnStringlen</STRONG> (Thumb, 14 bytes, Stack size 8 bytes, button.o(i.getBtnStringlen))
<BR><BR>[Stack]<UL><LI>Max Depth = 20<LI>Call Chain = getBtnStringlen &rArr; strlen
</UL>
<BR>[Calls]<UL><LI><a href="#[101]">&gt;&gt;</a>&nbsp;&nbsp;&nbsp;strlen
</UL>
<BR>[Called By]<UL><LI><a href="#[87]">&gt;&gt;</a>&nbsp;&nbsp;&nbsp;GUI_DrawButton
<LI><a href="#[88]">&gt;&gt;</a>&nbsp;&nbsp;&nbsp;GUI_Button_Selected
</UL>

<P><STRONG><a name="[106]"></a>show_font</STRONG> (Thumb, 256 bytes, Stack size 56 bytes, text.o(i.show_font))
<BR><BR>[Stack]<UL><LI>Max Depth = 68<LI>Call Chain = show_font &rArr; strlen
</UL>
<BR>[Calls]<UL><LI><a href="#[a5]">&gt;&gt;</a>&nbsp;&nbsp;&nbsp;oled_drawPoint
<LI><a href="#[101]">&gt;&gt;</a>&nbsp;&nbsp;&nbsp;strlen
</UL>
<BR>[Called By]<UL><LI><a href="#[9d]">&gt;&gt;</a>&nbsp;&nbsp;&nbsp;show_str
</UL>

<P><STRONG><a name="[5c]"></a>_dadd1</STRONG> (Thumb, 290 bytes, Stack size 20 bytes, daddsub.o(.text), UNUSED)
<BR><BR>[Called By]<UL><LI><a href="#[5e]">&gt;&gt;</a>&nbsp;&nbsp;&nbsp;_drsb
<LI><a href="#[5d]">&gt;&gt;</a>&nbsp;&nbsp;&nbsp;_dsub
<LI><a href="#[5a]">&gt;&gt;</a>&nbsp;&nbsp;&nbsp;_dadd
</UL>

<P><STRONG><a name="[5b]"></a>_dsub1</STRONG> (Thumb, 470 bytes, Stack size 40 bytes, daddsub.o(.text), UNUSED)
<BR><BR>[Called By]<UL><LI><a href="#[5e]">&gt;&gt;</a>&nbsp;&nbsp;&nbsp;_drsb
<LI><a href="#[5d]">&gt;&gt;</a>&nbsp;&nbsp;&nbsp;_dsub
<LI><a href="#[5a]">&gt;&gt;</a>&nbsp;&nbsp;&nbsp;_dadd
</UL>

<P><STRONG><a name="[10b]"></a>_fadd1</STRONG> (Thumb, 0 bytes, Stack size unknown bytes, faddsub.o(x$fpl$fadd), UNUSED)
<BR><BR>[Called By]<UL><LI><a href="#[10a]">&gt;&gt;</a>&nbsp;&nbsp;&nbsp;_fsub
</UL>

<P><STRONG><a name="[109]"></a>_fsub1</STRONG> (Thumb, 0 bytes, Stack size unknown bytes, faddsub.o(x$fpl$fsub), UNUSED)
<BR><BR>[Called By]<UL><LI><a href="#[108]">&gt;&gt;</a>&nbsp;&nbsp;&nbsp;_fadd
</UL>
<P>
<H3>
Undefined Global Symbols
</H3>
<P><STRONG><a name="[69]"></a>_call_atexit_fns</STRONG> (ARM, 0 bytes, Stack size 0 bytes, UNDEFINED)
<BR><BR>[Called By]<UL><LI><a href="#[4f]">&gt;&gt;</a>&nbsp;&nbsp;&nbsp;exit
</UL>
<HR></body></html>
