<!doctype html public "-//w3c//dtd html 4.0 transitional//en">
<html><head>
<title>Static Call Graph - [.\Objects\FreescaleCar.axf]</title></head>
<body><HR>
<H1>Static Call Graph for image .\Objects\FreescaleCar.axf</H1><HR>
<BR><P>#&#060CALLGRAPH&#062# ARM Linker, 5060300: Last Updated: Tue Mar 20 17:17:02 2018
<BR><P>
<H3>Maximum Stack Usage =        480 bytes + Unknown(Functions without stacksize, Cycles, Untraceable Function Pointers)</H3><H3>
Call chain for Maximum Stack Depth:</H3>
__rt_entry_main &rArr; main &rArr; SpeedKp_Set &rArr; GUI_DrawButton &rArr; GUI_FloodFill &rArr; GUI_HLine &rArr; GUI_Point &rArr; oled_drawPoint
<P>
<H3>
Functions with no stack information
</H3><UL>
 <LI><a href="#[46]">__user_initial_stackheap</a>
</UL>
</UL>
<P>
<H3>
Mutually Recursive functions
</H3> <LI><a href="#[7]">NMI_Handler</a>&nbsp;&nbsp;&nbsp;&rArr;&nbsp;&nbsp;&nbsp;<a href="#[7]">NMI_Handler</a><BR>
 <LI><a href="#[8]">HardFault_Handler</a>&nbsp;&nbsp;&nbsp;&rArr;&nbsp;&nbsp;&nbsp;<a href="#[8]">HardFault_Handler</a><BR>
 <LI><a href="#[9]">SVC_Handler</a>&nbsp;&nbsp;&nbsp;&rArr;&nbsp;&nbsp;&nbsp;<a href="#[9]">SVC_Handler</a><BR>
 <LI><a href="#[a]">PendSV_Handler</a>&nbsp;&nbsp;&nbsp;&rArr;&nbsp;&nbsp;&nbsp;<a href="#[a]">PendSV_Handler</a><BR>
 <LI><a href="#[1c]">ACMP0_IRQHandler</a>&nbsp;&nbsp;&nbsp;&rArr;&nbsp;&nbsp;&nbsp;<a href="#[1c]">ACMP0_IRQHandler</a><BR>
</UL>
<P>
<H3>
Function Pointers
</H3><UL>
 <LI><a href="#[1c]">ACMP0_IRQHandler</a> from startup_skeaz1284.o(.text) referenced from startup_skeaz1284.o(RESET)
 <LI><a href="#[21]">ACMP1_IRQHandler</a> from startup_skeaz1284.o(.text) referenced from startup_skeaz1284.o(RESET)
 <LI><a href="#[1b]">ADC0_IRQHandler</a> from drv_adc.o(i.ADC0_IRQHandler) referenced from startup_skeaz1284.o(RESET)
 <LI><a href="#[1d]">FTM0_IRQHandler</a> from startup_skeaz1284.o(.text) referenced from startup_skeaz1284.o(RESET)
 <LI><a href="#[1e]">FTM1_IRQHandler</a> from startup_skeaz1284.o(.text) referenced from startup_skeaz1284.o(RESET)
 <LI><a href="#[1f]">FTM2_IRQHandler</a> from startup_skeaz1284.o(.text) referenced from startup_skeaz1284.o(RESET)
 <LI><a href="#[11]">FTMRE_IRQHandler</a> from startup_skeaz1284.o(.text) referenced from startup_skeaz1284.o(RESET)
 <LI><a href="#[8]">HardFault_Handler</a> from startup_skeaz1284.o(.text) referenced from startup_skeaz1284.o(RESET)
 <LI><a href="#[14]">I2C0_IRQHandler</a> from startup_skeaz1284.o(.text) referenced from startup_skeaz1284.o(RESET)
 <LI><a href="#[15]">I2C1_IRQHandler</a> from startup_skeaz1284.o(.text) referenced from startup_skeaz1284.o(RESET)
 <LI><a href="#[27]">ICS_IRQHandler</a> from startup_skeaz1284.o(.text) referenced from startup_skeaz1284.o(RESET)
 <LI><a href="#[13]">IRQ_IRQHandler</a> from startup_skeaz1284.o(.text) referenced from startup_skeaz1284.o(RESET)
 <LI><a href="#[33]">IsKeyDownPress</a> from bsp_key.o(i.IsKeyDownPress) referenced from bsp_key.o(i.bsp_key_FIFOInit)
 <LI><a href="#[32]">IsKeyOkPress</a> from bsp_key.o(i.IsKeyOkPress) referenced from bsp_key.o(i.bsp_key_FIFOInit)
 <LI><a href="#[31]">IsKeyUpPress</a> from bsp_key.o(i.IsKeyUpPress) referenced from bsp_key.o(i.bsp_key_FIFOInit)
 <LI><a href="#[24]">KBI0_IRQHandler</a> from drv_kbi.o(i.KBI0_IRQHandler) referenced from startup_skeaz1284.o(RESET)
 <LI><a href="#[25]">KBI1_IRQHandler</a> from drv_kbi.o(i.KBI1_IRQHandler) referenced from startup_skeaz1284.o(RESET)
 <LI><a href="#[30]">Kp</a> from pid_set.o(i.Kp) referenced from menu.o(i.PIDAdjMenu_Init)
 <LI><a href="#[12]">LVD_LVW_IRQHandler</a> from startup_skeaz1284.o(.text) referenced from startup_skeaz1284.o(RESET)
 <LI><a href="#[2a]">MSCAN_RX_IRQHandler</a> from startup_skeaz1284.o(.text) referenced from startup_skeaz1284.o(RESET)
 <LI><a href="#[2b]">MSCAN_TX_IRQHandler</a> from startup_skeaz1284.o(.text) referenced from startup_skeaz1284.o(RESET)
 <LI><a href="#[7]">NMI_Handler</a> from startup_skeaz1284.o(.text) referenced from startup_skeaz1284.o(RESET)
 <LI><a href="#[22]">PIT_CH0_IRQHandler</a> from drv_pit.o(i.PIT_CH0_IRQHandler) referenced from startup_skeaz1284.o(RESET)
 <LI><a href="#[23]">PIT_CH1_IRQHandler</a> from drv_pit.o(i.PIT_CH1_IRQHandler) referenced from startup_skeaz1284.o(RESET)
 <LI><a href="#[29]">PWT_IRQHandler</a> from startup_skeaz1284.o(.text) referenced from startup_skeaz1284.o(RESET)
 <LI><a href="#[a]">PendSV_Handler</a> from startup_skeaz1284.o(.text) referenced from startup_skeaz1284.o(RESET)
 <LI><a href="#[20]">RTC_IRQHandler</a> from startup_skeaz1284.o(.text) referenced from startup_skeaz1284.o(RESET)
 <LI><a href="#[c]">Reserved16_IRQHandler</a> from startup_skeaz1284.o(.text) referenced from startup_skeaz1284.o(RESET)
 <LI><a href="#[d]">Reserved17_IRQHandler</a> from startup_skeaz1284.o(.text) referenced from startup_skeaz1284.o(RESET)
 <LI><a href="#[e]">Reserved18_IRQHandler</a> from startup_skeaz1284.o(.text) referenced from startup_skeaz1284.o(RESET)
 <LI><a href="#[f]">Reserved19_IRQHandler</a> from startup_skeaz1284.o(.text) referenced from startup_skeaz1284.o(RESET)
 <LI><a href="#[10]">Reserved20_IRQHandler</a> from startup_skeaz1284.o(.text) referenced from startup_skeaz1284.o(RESET)
 <LI><a href="#[26]">Reserved42_IRQHandler</a> from startup_skeaz1284.o(.text) referenced from startup_skeaz1284.o(RESET)
 <LI><a href="#[6]">Reset_Handler</a> from startup_skeaz1284.o(.text) referenced from startup_skeaz1284.o(RESET)
 <LI><a href="#[16]">SPI0_IRQHandler</a> from startup_skeaz1284.o(.text) referenced from startup_skeaz1284.o(RESET)
 <LI><a href="#[17]">SPI1_IRQHandler</a> from startup_skeaz1284.o(.text) referenced from startup_skeaz1284.o(RESET)
 <LI><a href="#[9]">SVC_Handler</a> from startup_skeaz1284.o(.text) referenced from startup_skeaz1284.o(RESET)
 <LI><a href="#[b]">SysTick_Handler</a> from bsp_timer.o(i.SysTick_Handler) referenced from startup_skeaz1284.o(RESET)
 <LI><a href="#[2c]">SystemInit</a> from system_skeaz1284.o(i.SystemInit) referenced from startup_skeaz1284.o(.text)
 <LI><a href="#[18]">UART0_IRQHandler</a> from app_debug.o(i.UART0_IRQHandler) referenced from startup_skeaz1284.o(RESET)
 <LI><a href="#[19]">UART1_IRQHandler</a> from drv_uart.o(i.UART1_IRQHandler) referenced from startup_skeaz1284.o(RESET)
 <LI><a href="#[1a]">UART2_IRQHandler</a> from drv_uart.o(i.UART2_IRQHandler) referenced from startup_skeaz1284.o(RESET)
 <LI><a href="#[28]">Watchdog_IRQHandler</a> from startup_skeaz1284.o(.text) referenced from startup_skeaz1284.o(RESET)
 <LI><a href="#[35]">__main</a> from __main.o(!!!main) referenced from startup_skeaz1284.o(.text)
 <LI><a href="#[34]">bsp_key_Scan</a> from bsp_key.o(i.bsp_key_Scan) referenced from main.o(i.main)
 <LI><a href="#[2f]">gotoNextMenu</a> from menu.o(i.gotoNextMenu) referenced from menu.o(i.MainMenu_Init)
 <LI><a href="#[2f]">gotoNextMenu</a> from menu.o(i.gotoNextMenu) referenced from menu.o(i.PIDAdjMenu_Init)
 <LI><a href="#[2f]">gotoNextMenu</a> from menu.o(i.gotoNextMenu) referenced from menu.o(i.ParaSetMenu_Init)
 <LI><a href="#[2d]">init_data_bss</a> from startup_skeaz1284.o(.text) referenced from startup_skeaz1284.o(.text)
</UL>
<P>
<H3>
Global Symbols
</H3>
<P><STRONG><a name="[35]"></a>__main</STRONG> (Thumb, 8 bytes, Stack size 0 bytes, __main.o(!!!main))
<BR><BR>[Calls]<UL><LI><a href="#[36]">&gt;&gt;</a>&nbsp;&nbsp;&nbsp;__scatterload
<LI><a href="#[37]">&gt;&gt;</a>&nbsp;&nbsp;&nbsp;__rt_entry
</UL>

<P><STRONG><a name="[36]"></a>__scatterload</STRONG> (Thumb, 0 bytes, Stack size unknown bytes, __scatter.o(!!!scatter))
<BR><BR>[Called By]<UL><LI><a href="#[35]">&gt;&gt;</a>&nbsp;&nbsp;&nbsp;__main
</UL>

<P><STRONG><a name="[38]"></a>__scatterload_rt2</STRONG> (Thumb, 52 bytes, Stack size unknown bytes, __scatter.o(!!!scatter), UNUSED)
<BR><BR>[Calls]<UL><LI><a href="#[37]">&gt;&gt;</a>&nbsp;&nbsp;&nbsp;__rt_entry
</UL>

<P><STRONG><a name="[98]"></a>__scatterload_rt2_thumb_only</STRONG> (Thumb, 0 bytes, Stack size unknown bytes, __scatter.o(!!!scatter), UNUSED)

<P><STRONG><a name="[99]"></a>__scatterload_null</STRONG> (Thumb, 0 bytes, Stack size unknown bytes, __scatter.o(!!!scatter), UNUSED)

<P><STRONG><a name="[39]"></a>__scatterload_copy</STRONG> (Thumb, 26 bytes, Stack size unknown bytes, __scatter_copy.o(!!handler_copy), UNUSED)
<BR><BR>[Calls]<UL><LI><a href="#[39]">&gt;&gt;</a>&nbsp;&nbsp;&nbsp;__scatterload_copy
</UL>
<BR>[Called By]<UL><LI><a href="#[39]">&gt;&gt;</a>&nbsp;&nbsp;&nbsp;__scatterload_copy
</UL>

<P><STRONG><a name="[9a]"></a>__scatterload_zeroinit</STRONG> (Thumb, 28 bytes, Stack size unknown bytes, __scatter_zi.o(!!handler_zi), UNUSED)

<P><STRONG><a name="[3d]"></a>__rt_lib_init</STRONG> (Thumb, 0 bytes, Stack size unknown bytes, libinit.o(.ARM.Collect$$libinit$$00000000))
<BR><BR>[Called By]<UL><LI><a href="#[3c]">&gt;&gt;</a>&nbsp;&nbsp;&nbsp;__rt_entry_li
</UL>

<P><STRONG><a name="[9b]"></a>__rt_lib_init_alloca_1</STRONG> (Thumb, 0 bytes, Stack size unknown bytes, libinit2.o(.ARM.Collect$$libinit$$0000002E))

<P><STRONG><a name="[9c]"></a>__rt_lib_init_argv_1</STRONG> (Thumb, 0 bytes, Stack size unknown bytes, libinit2.o(.ARM.Collect$$libinit$$0000002C))

<P><STRONG><a name="[9d]"></a>__rt_lib_init_atexit_1</STRONG> (Thumb, 0 bytes, Stack size unknown bytes, libinit2.o(.ARM.Collect$$libinit$$0000001B))

<P><STRONG><a name="[9e]"></a>__rt_lib_init_clock_1</STRONG> (Thumb, 0 bytes, Stack size unknown bytes, libinit2.o(.ARM.Collect$$libinit$$00000021))

<P><STRONG><a name="[9f]"></a>__rt_lib_init_cpp_1</STRONG> (Thumb, 0 bytes, Stack size unknown bytes, libinit2.o(.ARM.Collect$$libinit$$00000032))

<P><STRONG><a name="[a0]"></a>__rt_lib_init_exceptions_1</STRONG> (Thumb, 0 bytes, Stack size unknown bytes, libinit2.o(.ARM.Collect$$libinit$$00000030))

<P><STRONG><a name="[a1]"></a>__rt_lib_init_fp_1</STRONG> (Thumb, 0 bytes, Stack size unknown bytes, libinit2.o(.ARM.Collect$$libinit$$00000002))

<P><STRONG><a name="[a2]"></a>__rt_lib_init_fp_trap_1</STRONG> (Thumb, 0 bytes, Stack size unknown bytes, libinit2.o(.ARM.Collect$$libinit$$0000001F))

<P><STRONG><a name="[a3]"></a>__rt_lib_init_getenv_1</STRONG> (Thumb, 0 bytes, Stack size unknown bytes, libinit2.o(.ARM.Collect$$libinit$$00000023))

<P><STRONG><a name="[a4]"></a>__rt_lib_init_heap_1</STRONG> (Thumb, 0 bytes, Stack size unknown bytes, libinit2.o(.ARM.Collect$$libinit$$0000000A))

<P><STRONG><a name="[a5]"></a>__rt_lib_init_lc_collate_1</STRONG> (Thumb, 0 bytes, Stack size unknown bytes, libinit2.o(.ARM.Collect$$libinit$$00000011))

<P><STRONG><a name="[a6]"></a>__rt_lib_init_lc_ctype_1</STRONG> (Thumb, 0 bytes, Stack size unknown bytes, libinit2.o(.ARM.Collect$$libinit$$00000013))

<P><STRONG><a name="[a7]"></a>__rt_lib_init_lc_monetary_1</STRONG> (Thumb, 0 bytes, Stack size unknown bytes, libinit2.o(.ARM.Collect$$libinit$$00000015))

<P><STRONG><a name="[a8]"></a>__rt_lib_init_lc_numeric_1</STRONG> (Thumb, 0 bytes, Stack size unknown bytes, libinit2.o(.ARM.Collect$$libinit$$00000017))

<P><STRONG><a name="[a9]"></a>__rt_lib_init_lc_time_1</STRONG> (Thumb, 0 bytes, Stack size unknown bytes, libinit2.o(.ARM.Collect$$libinit$$00000019))

<P><STRONG><a name="[aa]"></a>__rt_lib_init_preinit_1</STRONG> (Thumb, 0 bytes, Stack size unknown bytes, libinit2.o(.ARM.Collect$$libinit$$00000004))

<P><STRONG><a name="[ab]"></a>__rt_lib_init_rand_1</STRONG> (Thumb, 0 bytes, Stack size unknown bytes, libinit2.o(.ARM.Collect$$libinit$$0000000E))

<P><STRONG><a name="[ac]"></a>__rt_lib_init_return</STRONG> (Thumb, 0 bytes, Stack size unknown bytes, libinit2.o(.ARM.Collect$$libinit$$00000033))

<P><STRONG><a name="[ad]"></a>__rt_lib_init_signal_1</STRONG> (Thumb, 0 bytes, Stack size unknown bytes, libinit2.o(.ARM.Collect$$libinit$$0000001D))

<P><STRONG><a name="[ae]"></a>__rt_lib_init_stdio_1</STRONG> (Thumb, 0 bytes, Stack size unknown bytes, libinit2.o(.ARM.Collect$$libinit$$00000025))

<P><STRONG><a name="[af]"></a>__rt_lib_init_user_alloc_1</STRONG> (Thumb, 0 bytes, Stack size unknown bytes, libinit2.o(.ARM.Collect$$libinit$$0000000C))

<P><STRONG><a name="[42]"></a>__rt_lib_shutdown</STRONG> (Thumb, 0 bytes, Stack size unknown bytes, libshutdown.o(.ARM.Collect$$libshutdown$$00000000))
<BR><BR>[Called By]<UL><LI><a href="#[41]">&gt;&gt;</a>&nbsp;&nbsp;&nbsp;__rt_exit_ls
</UL>

<P><STRONG><a name="[b0]"></a>__rt_lib_shutdown_cpp_1</STRONG> (Thumb, 0 bytes, Stack size unknown bytes, libshutdown2.o(.ARM.Collect$$libshutdown$$00000002))

<P><STRONG><a name="[b1]"></a>__rt_lib_shutdown_fp_trap_1</STRONG> (Thumb, 0 bytes, Stack size unknown bytes, libshutdown2.o(.ARM.Collect$$libshutdown$$00000007))

<P><STRONG><a name="[b2]"></a>__rt_lib_shutdown_heap_1</STRONG> (Thumb, 0 bytes, Stack size unknown bytes, libshutdown2.o(.ARM.Collect$$libshutdown$$0000000F))

<P><STRONG><a name="[b3]"></a>__rt_lib_shutdown_return</STRONG> (Thumb, 0 bytes, Stack size unknown bytes, libshutdown2.o(.ARM.Collect$$libshutdown$$00000010))

<P><STRONG><a name="[b4]"></a>__rt_lib_shutdown_signal_1</STRONG> (Thumb, 0 bytes, Stack size unknown bytes, libshutdown2.o(.ARM.Collect$$libshutdown$$0000000A))

<P><STRONG><a name="[b5]"></a>__rt_lib_shutdown_stdio_1</STRONG> (Thumb, 0 bytes, Stack size unknown bytes, libshutdown2.o(.ARM.Collect$$libshutdown$$00000004))

<P><STRONG><a name="[b6]"></a>__rt_lib_shutdown_user_alloc_1</STRONG> (Thumb, 0 bytes, Stack size unknown bytes, libshutdown2.o(.ARM.Collect$$libshutdown$$0000000C))

<P><STRONG><a name="[37]"></a>__rt_entry</STRONG> (Thumb, 0 bytes, Stack size unknown bytes, __rtentry.o(.ARM.Collect$$rtentry$$00000000))
<BR><BR>[Called By]<UL><LI><a href="#[38]">&gt;&gt;</a>&nbsp;&nbsp;&nbsp;__scatterload_rt2
<LI><a href="#[35]">&gt;&gt;</a>&nbsp;&nbsp;&nbsp;__main
</UL>

<P><STRONG><a name="[b7]"></a>__rt_entry_presh_1</STRONG> (Thumb, 0 bytes, Stack size unknown bytes, __rtentry2.o(.ARM.Collect$$rtentry$$00000002))

<P><STRONG><a name="[3a]"></a>__rt_entry_sh</STRONG> (Thumb, 0 bytes, Stack size unknown bytes, __rtentry4.o(.ARM.Collect$$rtentry$$00000004))
<BR><BR>[Stack]<UL><LI>Max Depth = 8 + Unknown Stack Size
<LI>Call Chain = __rt_entry_sh &rArr; __user_setup_stackheap
</UL>
<BR>[Calls]<UL><LI><a href="#[3b]">&gt;&gt;</a>&nbsp;&nbsp;&nbsp;__user_setup_stackheap
</UL>

<P><STRONG><a name="[3c]"></a>__rt_entry_li</STRONG> (Thumb, 0 bytes, Stack size unknown bytes, __rtentry2.o(.ARM.Collect$$rtentry$$0000000A))
<BR><BR>[Calls]<UL><LI><a href="#[3d]">&gt;&gt;</a>&nbsp;&nbsp;&nbsp;__rt_lib_init
</UL>

<P><STRONG><a name="[b8]"></a>__rt_entry_postsh_1</STRONG> (Thumb, 0 bytes, Stack size unknown bytes, __rtentry2.o(.ARM.Collect$$rtentry$$00000009))

<P><STRONG><a name="[3e]"></a>__rt_entry_main</STRONG> (Thumb, 0 bytes, Stack size unknown bytes, __rtentry2.o(.ARM.Collect$$rtentry$$0000000D))
<BR><BR>[Stack]<UL><LI>Max Depth = 480 + Unknown Stack Size
<LI>Call Chain = __rt_entry_main &rArr; main &rArr; SpeedKp_Set &rArr; GUI_DrawButton &rArr; GUI_FloodFill &rArr; GUI_HLine &rArr; GUI_Point &rArr; oled_drawPoint
</UL>
<BR>[Calls]<UL><LI><a href="#[3f]">&gt;&gt;</a>&nbsp;&nbsp;&nbsp;main
<LI><a href="#[40]">&gt;&gt;</a>&nbsp;&nbsp;&nbsp;exit
</UL>

<P><STRONG><a name="[b9]"></a>__rt_entry_postli_1</STRONG> (Thumb, 0 bytes, Stack size unknown bytes, __rtentry2.o(.ARM.Collect$$rtentry$$0000000C))

<P><STRONG><a name="[48]"></a>__rt_exit</STRONG> (Thumb, 0 bytes, Stack size unknown bytes, rtexit.o(.ARM.Collect$$rtexit$$00000000))
<BR><BR>[Called By]<UL><LI><a href="#[40]">&gt;&gt;</a>&nbsp;&nbsp;&nbsp;exit
</UL>

<P><STRONG><a name="[41]"></a>__rt_exit_ls</STRONG> (Thumb, 0 bytes, Stack size unknown bytes, rtexit2.o(.ARM.Collect$$rtexit$$00000003))
<BR><BR>[Calls]<UL><LI><a href="#[42]">&gt;&gt;</a>&nbsp;&nbsp;&nbsp;__rt_lib_shutdown
</UL>

<P><STRONG><a name="[ba]"></a>__rt_exit_prels_1</STRONG> (Thumb, 0 bytes, Stack size unknown bytes, rtexit2.o(.ARM.Collect$$rtexit$$00000002))

<P><STRONG><a name="[43]"></a>__rt_exit_exit</STRONG> (Thumb, 0 bytes, Stack size unknown bytes, rtexit2.o(.ARM.Collect$$rtexit$$00000004))
<BR><BR>[Calls]<UL><LI><a href="#[44]">&gt;&gt;</a>&nbsp;&nbsp;&nbsp;_sys_exit
</UL>

<P><STRONG><a name="[2d]"></a>init_data_bss</STRONG> (Thumb, 2 bytes, Stack size 0 bytes, startup_skeaz1284.o(.text))
<BR>[Address Reference Count : 1]<UL><LI> startup_skeaz1284.o(.text)
</UL>
<P><STRONG><a name="[6]"></a>Reset_Handler</STRONG> (Thumb, 12 bytes, Stack size 0 bytes, startup_skeaz1284.o(.text))
<BR>[Address Reference Count : 1]<UL><LI> startup_skeaz1284.o(RESET)
</UL>
<P><STRONG><a name="[7]"></a>NMI_Handler</STRONG> (Thumb, 2 bytes, Stack size 0 bytes, startup_skeaz1284.o(.text))
<BR><BR>[Calls]<UL><LI><a href="#[7]">&gt;&gt;</a>&nbsp;&nbsp;&nbsp;NMI_Handler
</UL>
<BR>[Called By]<UL><LI><a href="#[7]">&gt;&gt;</a>&nbsp;&nbsp;&nbsp;NMI_Handler
</UL>
<BR>[Address Reference Count : 1]<UL><LI> startup_skeaz1284.o(RESET)
</UL>
<P><STRONG><a name="[8]"></a>HardFault_Handler</STRONG> (Thumb, 2 bytes, Stack size 0 bytes, startup_skeaz1284.o(.text))
<BR><BR>[Calls]<UL><LI><a href="#[8]">&gt;&gt;</a>&nbsp;&nbsp;&nbsp;HardFault_Handler
</UL>
<BR>[Called By]<UL><LI><a href="#[8]">&gt;&gt;</a>&nbsp;&nbsp;&nbsp;HardFault_Handler
</UL>
<BR>[Address Reference Count : 1]<UL><LI> startup_skeaz1284.o(RESET)
</UL>
<P><STRONG><a name="[9]"></a>SVC_Handler</STRONG> (Thumb, 2 bytes, Stack size 0 bytes, startup_skeaz1284.o(.text))
<BR><BR>[Calls]<UL><LI><a href="#[9]">&gt;&gt;</a>&nbsp;&nbsp;&nbsp;SVC_Handler
</UL>
<BR>[Called By]<UL><LI><a href="#[9]">&gt;&gt;</a>&nbsp;&nbsp;&nbsp;SVC_Handler
</UL>
<BR>[Address Reference Count : 1]<UL><LI> startup_skeaz1284.o(RESET)
</UL>
<P><STRONG><a name="[a]"></a>PendSV_Handler</STRONG> (Thumb, 2 bytes, Stack size 0 bytes, startup_skeaz1284.o(.text))
<BR><BR>[Calls]<UL><LI><a href="#[a]">&gt;&gt;</a>&nbsp;&nbsp;&nbsp;PendSV_Handler
</UL>
<BR>[Called By]<UL><LI><a href="#[a]">&gt;&gt;</a>&nbsp;&nbsp;&nbsp;PendSV_Handler
</UL>
<BR>[Address Reference Count : 1]<UL><LI> startup_skeaz1284.o(RESET)
</UL>
<P><STRONG><a name="[1c]"></a>ACMP0_IRQHandler</STRONG> (Thumb, 0 bytes, Stack size 0 bytes, startup_skeaz1284.o(.text))
<BR><BR>[Calls]<UL><LI><a href="#[1c]">&gt;&gt;</a>&nbsp;&nbsp;&nbsp;ACMP0_IRQHandler
</UL>
<BR>[Called By]<UL><LI><a href="#[1c]">&gt;&gt;</a>&nbsp;&nbsp;&nbsp;ACMP0_IRQHandler
</UL>
<BR>[Address Reference Count : 1]<UL><LI> startup_skeaz1284.o(RESET)
</UL>
<P><STRONG><a name="[21]"></a>ACMP1_IRQHandler</STRONG> (Thumb, 0 bytes, Stack size 0 bytes, startup_skeaz1284.o(.text))
<BR>[Address Reference Count : 1]<UL><LI> startup_skeaz1284.o(RESET)
</UL>
<P><STRONG><a name="[bb]"></a>DefaultISR</STRONG> (Thumb, 0 bytes, Stack size 0 bytes, startup_skeaz1284.o(.text), UNUSED)

<P><STRONG><a name="[1d]"></a>FTM0_IRQHandler</STRONG> (Thumb, 0 bytes, Stack size 0 bytes, startup_skeaz1284.o(.text))
<BR>[Address Reference Count : 1]<UL><LI> startup_skeaz1284.o(RESET)
</UL>
<P><STRONG><a name="[1e]"></a>FTM1_IRQHandler</STRONG> (Thumb, 0 bytes, Stack size 0 bytes, startup_skeaz1284.o(.text))
<BR>[Address Reference Count : 1]<UL><LI> startup_skeaz1284.o(RESET)
</UL>
<P><STRONG><a name="[1f]"></a>FTM2_IRQHandler</STRONG> (Thumb, 0 bytes, Stack size 0 bytes, startup_skeaz1284.o(.text))
<BR>[Address Reference Count : 1]<UL><LI> startup_skeaz1284.o(RESET)
</UL>
<P><STRONG><a name="[11]"></a>FTMRE_IRQHandler</STRONG> (Thumb, 0 bytes, Stack size 0 bytes, startup_skeaz1284.o(.text))
<BR>[Address Reference Count : 1]<UL><LI> startup_skeaz1284.o(RESET)
</UL>
<P><STRONG><a name="[14]"></a>I2C0_IRQHandler</STRONG> (Thumb, 0 bytes, Stack size 0 bytes, startup_skeaz1284.o(.text))
<BR>[Address Reference Count : 1]<UL><LI> startup_skeaz1284.o(RESET)
</UL>
<P><STRONG><a name="[15]"></a>I2C1_IRQHandler</STRONG> (Thumb, 0 bytes, Stack size 0 bytes, startup_skeaz1284.o(.text))
<BR>[Address Reference Count : 1]<UL><LI> startup_skeaz1284.o(RESET)
</UL>
<P><STRONG><a name="[27]"></a>ICS_IRQHandler</STRONG> (Thumb, 0 bytes, Stack size 0 bytes, startup_skeaz1284.o(.text))
<BR>[Address Reference Count : 1]<UL><LI> startup_skeaz1284.o(RESET)
</UL>
<P><STRONG><a name="[13]"></a>IRQ_IRQHandler</STRONG> (Thumb, 0 bytes, Stack size 0 bytes, startup_skeaz1284.o(.text))
<BR>[Address Reference Count : 1]<UL><LI> startup_skeaz1284.o(RESET)
</UL>
<P><STRONG><a name="[12]"></a>LVD_LVW_IRQHandler</STRONG> (Thumb, 0 bytes, Stack size 0 bytes, startup_skeaz1284.o(.text))
<BR>[Address Reference Count : 1]<UL><LI> startup_skeaz1284.o(RESET)
</UL>
<P><STRONG><a name="[2a]"></a>MSCAN_RX_IRQHandler</STRONG> (Thumb, 0 bytes, Stack size 0 bytes, startup_skeaz1284.o(.text))
<BR>[Address Reference Count : 1]<UL><LI> startup_skeaz1284.o(RESET)
</UL>
<P><STRONG><a name="[2b]"></a>MSCAN_TX_IRQHandler</STRONG> (Thumb, 0 bytes, Stack size 0 bytes, startup_skeaz1284.o(.text))
<BR>[Address Reference Count : 1]<UL><LI> startup_skeaz1284.o(RESET)
</UL>
<P><STRONG><a name="[29]"></a>PWT_IRQHandler</STRONG> (Thumb, 0 bytes, Stack size 0 bytes, startup_skeaz1284.o(.text))
<BR>[Address Reference Count : 1]<UL><LI> startup_skeaz1284.o(RESET)
</UL>
<P><STRONG><a name="[20]"></a>RTC_IRQHandler</STRONG> (Thumb, 0 bytes, Stack size 0 bytes, startup_skeaz1284.o(.text))
<BR>[Address Reference Count : 1]<UL><LI> startup_skeaz1284.o(RESET)
</UL>
<P><STRONG><a name="[c]"></a>Reserved16_IRQHandler</STRONG> (Thumb, 0 bytes, Stack size 0 bytes, startup_skeaz1284.o(.text))
<BR>[Address Reference Count : 1]<UL><LI> startup_skeaz1284.o(RESET)
</UL>
<P><STRONG><a name="[d]"></a>Reserved17_IRQHandler</STRONG> (Thumb, 0 bytes, Stack size 0 bytes, startup_skeaz1284.o(.text))
<BR>[Address Reference Count : 1]<UL><LI> startup_skeaz1284.o(RESET)
</UL>
<P><STRONG><a name="[e]"></a>Reserved18_IRQHandler</STRONG> (Thumb, 0 bytes, Stack size 0 bytes, startup_skeaz1284.o(.text))
<BR>[Address Reference Count : 1]<UL><LI> startup_skeaz1284.o(RESET)
</UL>
<P><STRONG><a name="[f]"></a>Reserved19_IRQHandler</STRONG> (Thumb, 0 bytes, Stack size 0 bytes, startup_skeaz1284.o(.text))
<BR>[Address Reference Count : 1]<UL><LI> startup_skeaz1284.o(RESET)
</UL>
<P><STRONG><a name="[10]"></a>Reserved20_IRQHandler</STRONG> (Thumb, 0 bytes, Stack size 0 bytes, startup_skeaz1284.o(.text))
<BR>[Address Reference Count : 1]<UL><LI> startup_skeaz1284.o(RESET)
</UL>
<P><STRONG><a name="[26]"></a>Reserved42_IRQHandler</STRONG> (Thumb, 0 bytes, Stack size 0 bytes, startup_skeaz1284.o(.text))
<BR>[Address Reference Count : 1]<UL><LI> startup_skeaz1284.o(RESET)
</UL>
<P><STRONG><a name="[16]"></a>SPI0_IRQHandler</STRONG> (Thumb, 0 bytes, Stack size 0 bytes, startup_skeaz1284.o(.text))
<BR>[Address Reference Count : 1]<UL><LI> startup_skeaz1284.o(RESET)
</UL>
<P><STRONG><a name="[17]"></a>SPI1_IRQHandler</STRONG> (Thumb, 0 bytes, Stack size 0 bytes, startup_skeaz1284.o(.text))
<BR>[Address Reference Count : 1]<UL><LI> startup_skeaz1284.o(RESET)
</UL>
<P><STRONG><a name="[28]"></a>Watchdog_IRQHandler</STRONG> (Thumb, 0 bytes, Stack size 0 bytes, startup_skeaz1284.o(.text))
<BR>[Address Reference Count : 1]<UL><LI> startup_skeaz1284.o(RESET)
</UL>
<P><STRONG><a name="[46]"></a>__user_initial_stackheap</STRONG> (Thumb, 0 bytes, Stack size unknown bytes, startup_skeaz1284.o(.text))
<BR><BR>[Called By]<UL><LI><a href="#[3b]">&gt;&gt;</a>&nbsp;&nbsp;&nbsp;__user_setup_stackheap
</UL>

<P><STRONG><a name="[bc]"></a>__use_no_semihosting</STRONG> (Thumb, 2 bytes, Stack size 0 bytes, use_no_semi_2.o(.text), UNUSED)

<P><STRONG><a name="[8f]"></a>strlen</STRONG> (Thumb, 62 bytes, Stack size 12 bytes, strlen.o(.text))
<BR><BR>[Stack]<UL><LI>Max Depth = 12<LI>Call Chain = strlen
</UL>
<BR>[Called By]<UL><LI><a href="#[67]">&gt;&gt;</a>&nbsp;&nbsp;&nbsp;getWindowStringlen
<LI><a href="#[93]">&gt;&gt;</a>&nbsp;&nbsp;&nbsp;show_font
<LI><a href="#[68]">&gt;&gt;</a>&nbsp;&nbsp;&nbsp;show_str_mid
<LI><a href="#[52]">&gt;&gt;</a>&nbsp;&nbsp;&nbsp;getBtnStringlen
</UL>

<P><STRONG><a name="[bd]"></a>__aeabi_uidiv</STRONG> (Thumb, 0 bytes, Stack size 0 bytes, aeabi_sdiv.o(.text), UNUSED)

<P><STRONG><a name="[65]"></a>__aeabi_uidivmod</STRONG> (Thumb, 20 bytes, Stack size 0 bytes, aeabi_sdiv.o(.text))
<BR><BR>[Called By]<UL><LI><a href="#[6e]">&gt;&gt;</a>&nbsp;&nbsp;&nbsp;SpeedKp_Set
<LI><a href="#[75]">&gt;&gt;</a>&nbsp;&nbsp;&nbsp;oled_showNum
<LI><a href="#[7b]">&gt;&gt;</a>&nbsp;&nbsp;&nbsp;bsp_tim_SoftConfig
<LI><a href="#[66]">&gt;&gt;</a>&nbsp;&nbsp;&nbsp;GUI_Scrollbar_SetPos
<LI><a href="#[4c]">&gt;&gt;</a>&nbsp;&nbsp;&nbsp;GUI_ScrollbarDraw
</UL>

<P><STRONG><a name="[be]"></a>__aeabi_idiv</STRONG> (Thumb, 0 bytes, Stack size 8 bytes, aeabi_sdiv.o(.text), UNUSED)

<P><STRONG><a name="[bf]"></a>__aeabi_idivmod</STRONG> (Thumb, 326 bytes, Stack size 8 bytes, aeabi_sdiv.o(.text), UNUSED)

<P><STRONG><a name="[c0]"></a>__use_two_region_memory</STRONG> (Thumb, 2 bytes, Stack size 0 bytes, heapauxi.o(.text), UNUSED)

<P><STRONG><a name="[c1]"></a>__rt_heap_escrow$2region</STRONG> (Thumb, 2 bytes, Stack size 0 bytes, heapauxi.o(.text), UNUSED)

<P><STRONG><a name="[c2]"></a>__rt_heap_expand$2region</STRONG> (Thumb, 2 bytes, Stack size 0 bytes, heapauxi.o(.text), UNUSED)

<P><STRONG><a name="[74]"></a>__aeabi_f2uiz</STRONG> (Thumb, 0 bytes, Stack size 0 bytes, ffixui.o(.text))
<BR><BR>[Called By]<UL><LI><a href="#[6e]">&gt;&gt;</a>&nbsp;&nbsp;&nbsp;SpeedKp_Set
</UL>

<P><STRONG><a name="[c3]"></a>_ffixu</STRONG> (Thumb, 48 bytes, Stack size 0 bytes, ffixui.o(.text), UNUSED)

<P><STRONG><a name="[c4]"></a>__I$use$semihosting</STRONG> (Thumb, 0 bytes, Stack size 0 bytes, use_no_semi.o(.text), UNUSED)

<P><STRONG><a name="[c5]"></a>__use_no_semihosting_swi</STRONG> (Thumb, 2 bytes, Stack size 0 bytes, use_no_semi.o(.text), UNUSED)

<P><STRONG><a name="[3b]"></a>__user_setup_stackheap</STRONG> (Thumb, 62 bytes, Stack size 8 bytes, sys_stackheap_outer.o(.text))
<BR><BR>[Stack]<UL><LI>Max Depth = 8 + Unknown Stack Size
<LI>Call Chain = __user_setup_stackheap
</UL>
<BR>[Calls]<UL><LI><a href="#[46]">&gt;&gt;</a>&nbsp;&nbsp;&nbsp;__user_initial_stackheap
<LI><a href="#[45]">&gt;&gt;</a>&nbsp;&nbsp;&nbsp;__user_perproc_libspace
</UL>
<BR>[Called By]<UL><LI><a href="#[3a]">&gt;&gt;</a>&nbsp;&nbsp;&nbsp;__rt_entry_sh
</UL>

<P><STRONG><a name="[40]"></a>exit</STRONG> (Thumb, 16 bytes, Stack size 8 bytes, exit.o(.text))
<BR><BR>[Stack]<UL><LI>Max Depth = 8 + Unknown Stack Size
<LI>Call Chain = exit
</UL>
<BR>[Calls]<UL><LI><a href="#[48]">&gt;&gt;</a>&nbsp;&nbsp;&nbsp;__rt_exit
<LI><a href="#[47]">&gt;&gt;</a>&nbsp;&nbsp;&nbsp;_call_atexit_fns (Weak Reference)
</UL>
<BR>[Called By]<UL><LI><a href="#[3e]">&gt;&gt;</a>&nbsp;&nbsp;&nbsp;__rt_entry_main
</UL>

<P><STRONG><a name="[c6]"></a>__user_libspace</STRONG> (Thumb, 8 bytes, Stack size 0 bytes, libspace.o(.text), UNUSED)

<P><STRONG><a name="[45]"></a>__user_perproc_libspace</STRONG> (Thumb, 0 bytes, Stack size 0 bytes, libspace.o(.text))
<BR><BR>[Called By]<UL><LI><a href="#[3b]">&gt;&gt;</a>&nbsp;&nbsp;&nbsp;__user_setup_stackheap
</UL>

<P><STRONG><a name="[c7]"></a>__user_perthread_libspace</STRONG> (Thumb, 0 bytes, Stack size 0 bytes, libspace.o(.text), UNUSED)

<P><STRONG><a name="[1b]"></a>ADC0_IRQHandler</STRONG> (Thumb, 30 bytes, Stack size 12 bytes, drv_adc.o(i.ADC0_IRQHandler))
<BR><BR>[Stack]<UL><LI>Max Depth = 12<LI>Call Chain = ADC0_IRQHandler
</UL>
<BR>[Address Reference Count : 1]<UL><LI> startup_skeaz1284.o(RESET)
</UL>
<P><STRONG><a name="[49]"></a>DisplayMenuInit</STRONG> (Thumb, 146 bytes, Stack size 24 bytes, menu.o(i.DisplayMenuInit))
<BR><BR>[Stack]<UL><LI>Max Depth = 236<LI>Call Chain = DisplayMenuInit &rArr; GUI_WindowsDraw &rArr; show_str_mid &rArr; show_str &rArr; show_font &rArr; strlen
</UL>
<BR>[Calls]<UL><LI><a href="#[4a]">&gt;&gt;</a>&nbsp;&nbsp;&nbsp;getMenuSelectitem
<LI><a href="#[4b]">&gt;&gt;</a>&nbsp;&nbsp;&nbsp;GUI_WindowsDraw
<LI><a href="#[4c]">&gt;&gt;</a>&nbsp;&nbsp;&nbsp;GUI_ScrollbarDraw
<LI><a href="#[4d]">&gt;&gt;</a>&nbsp;&nbsp;&nbsp;GUI_MenuItemDraw
<LI><a href="#[4e]">&gt;&gt;</a>&nbsp;&nbsp;&nbsp;GUI_Refresh
</UL>
<BR>[Called By]<UL><LI><a href="#[6a]">&gt;&gt;</a>&nbsp;&nbsp;&nbsp;Menu_Run
</UL>

<P><STRONG><a name="[4f]"></a>GUI_Arc4</STRONG> (Thumb, 514 bytes, Stack size 24 bytes, gui_basic.o(i.GUI_Arc4))
<BR><BR>[Stack]<UL><LI>Max Depth = 40<LI>Call Chain = GUI_Arc4 &rArr; GUI_Point &rArr; oled_drawPoint
</UL>
<BR>[Calls]<UL><LI><a href="#[50]">&gt;&gt;</a>&nbsp;&nbsp;&nbsp;GUI_Point
</UL>
<BR>[Called By]<UL><LI><a href="#[5a]">&gt;&gt;</a>&nbsp;&nbsp;&nbsp;GUI_DrawButton
<LI><a href="#[51]">&gt;&gt;</a>&nbsp;&nbsp;&nbsp;GUI_Button_Selected
</UL>

<P><STRONG><a name="[51]"></a>GUI_Button_Selected</STRONG> (Thumb, 318 bytes, Stack size 24 bytes, button.o(i.GUI_Button_Selected))
<BR><BR>[Stack]<UL><LI>Max Depth = 448<LI>Call Chain = GUI_Button_Selected &rArr; GUI_FloodFill &rArr; GUI_HLine &rArr; GUI_Point &rArr; oled_drawPoint
</UL>
<BR>[Calls]<UL><LI><a href="#[55]">&gt;&gt;</a>&nbsp;&nbsp;&nbsp;show_str
<LI><a href="#[54]">&gt;&gt;</a>&nbsp;&nbsp;&nbsp;GUI_Line
<LI><a href="#[53]">&gt;&gt;</a>&nbsp;&nbsp;&nbsp;GUI_FloodFill
<LI><a href="#[4f]">&gt;&gt;</a>&nbsp;&nbsp;&nbsp;GUI_Arc4
<LI><a href="#[52]">&gt;&gt;</a>&nbsp;&nbsp;&nbsp;getBtnStringlen
</UL>
<BR>[Called By]<UL><LI><a href="#[6e]">&gt;&gt;</a>&nbsp;&nbsp;&nbsp;SpeedKp_Set
</UL>

<P><STRONG><a name="[56]"></a>GUI_ClearSCR</STRONG> (Thumb, 8 bytes, Stack size 8 bytes, lcmdrv.o(i.GUI_ClearSCR))
<BR><BR>[Stack]<UL><LI>Max Depth = 56<LI>Call Chain = GUI_ClearSCR &rArr; oled_clear &rArr; oled_refreshGram &rArr; oled_wr_byte &rArr; drv_gpio_WritePin
</UL>
<BR>[Calls]<UL><LI><a href="#[57]">&gt;&gt;</a>&nbsp;&nbsp;&nbsp;oled_clear
</UL>
<BR>[Called By]<UL><LI><a href="#[76]">&gt;&gt;</a>&nbsp;&nbsp;&nbsp;exitPIDSet
<LI><a href="#[8d]">&gt;&gt;</a>&nbsp;&nbsp;&nbsp;setShow_ui
</UL>

<P><STRONG><a name="[58]"></a>GUI_CmpPointColor</STRONG> (Thumb, 26 bytes, Stack size 16 bytes, gui_basic.o(i.GUI_CmpPointColor))
<BR><BR>[Stack]<UL><LI>Max Depth = 24<LI>Call Chain = GUI_CmpPointColor &rArr; GUI_ReadPoint
</UL>
<BR>[Calls]<UL><LI><a href="#[59]">&gt;&gt;</a>&nbsp;&nbsp;&nbsp;GUI_ReadPoint
</UL>
<BR>[Called By]<UL><LI><a href="#[53]">&gt;&gt;</a>&nbsp;&nbsp;&nbsp;GUI_FloodFill
</UL>

<P><STRONG><a name="[5a]"></a>GUI_DrawButton</STRONG> (Thumb, 304 bytes, Stack size 24 bytes, button.o(i.GUI_DrawButton))
<BR><BR>[Stack]<UL><LI>Max Depth = 448<LI>Call Chain = GUI_DrawButton &rArr; GUI_FloodFill &rArr; GUI_HLine &rArr; GUI_Point &rArr; oled_drawPoint
</UL>
<BR>[Calls]<UL><LI><a href="#[55]">&gt;&gt;</a>&nbsp;&nbsp;&nbsp;show_str
<LI><a href="#[54]">&gt;&gt;</a>&nbsp;&nbsp;&nbsp;GUI_Line
<LI><a href="#[53]">&gt;&gt;</a>&nbsp;&nbsp;&nbsp;GUI_FloodFill
<LI><a href="#[4f]">&gt;&gt;</a>&nbsp;&nbsp;&nbsp;GUI_Arc4
<LI><a href="#[52]">&gt;&gt;</a>&nbsp;&nbsp;&nbsp;getBtnStringlen
</UL>
<BR>[Called By]<UL><LI><a href="#[6e]">&gt;&gt;</a>&nbsp;&nbsp;&nbsp;SpeedKp_Set
</UL>

<P><STRONG><a name="[53]"></a>GUI_FloodFill</STRONG> (Thumb, 752 bytes, Stack size 384 bytes, gui_basic.o(i.GUI_FloodFill))
<BR><BR>[Stack]<UL><LI>Max Depth = 424<LI>Call Chain = GUI_FloodFill &rArr; GUI_HLine &rArr; GUI_Point &rArr; oled_drawPoint
</UL>
<BR>[Calls]<UL><LI><a href="#[59]">&gt;&gt;</a>&nbsp;&nbsp;&nbsp;GUI_ReadPoint
<LI><a href="#[5d]">&gt;&gt;</a>&nbsp;&nbsp;&nbsp;GUI_HLine
<LI><a href="#[5c]">&gt;&gt;</a>&nbsp;&nbsp;&nbsp;GUI_ReadRightPoint
<LI><a href="#[5b]">&gt;&gt;</a>&nbsp;&nbsp;&nbsp;GUI_ReadLeftPoint
<LI><a href="#[58]">&gt;&gt;</a>&nbsp;&nbsp;&nbsp;GUI_CmpPointColor
</UL>
<BR>[Called By]<UL><LI><a href="#[5a]">&gt;&gt;</a>&nbsp;&nbsp;&nbsp;GUI_DrawButton
<LI><a href="#[51]">&gt;&gt;</a>&nbsp;&nbsp;&nbsp;GUI_Button_Selected
</UL>

<P><STRONG><a name="[5d]"></a>GUI_HLine</STRONG> (Thumb, 40 bytes, Stack size 24 bytes, lcmdrv.o(i.GUI_HLine))
<BR><BR>[Stack]<UL><LI>Max Depth = 40<LI>Call Chain = GUI_HLine &rArr; GUI_Point &rArr; oled_drawPoint
</UL>
<BR>[Calls]<UL><LI><a href="#[50]">&gt;&gt;</a>&nbsp;&nbsp;&nbsp;GUI_Point
</UL>
<BR>[Called By]<UL><LI><a href="#[4b]">&gt;&gt;</a>&nbsp;&nbsp;&nbsp;GUI_WindowsDraw
<LI><a href="#[62]">&gt;&gt;</a>&nbsp;&nbsp;&nbsp;GUI_Rectangle
<LI><a href="#[63]">&gt;&gt;</a>&nbsp;&nbsp;&nbsp;GUI_RectangleFill
<LI><a href="#[54]">&gt;&gt;</a>&nbsp;&nbsp;&nbsp;GUI_Line
<LI><a href="#[53]">&gt;&gt;</a>&nbsp;&nbsp;&nbsp;GUI_FloodFill
</UL>

<P><STRONG><a name="[54]"></a>GUI_Line</STRONG> (Thumb, 206 bytes, Stack size 48 bytes, gui_basic.o(i.GUI_Line))
<BR><BR>[Stack]<UL><LI>Max Depth = 88<LI>Call Chain = GUI_Line &rArr; GUI_RLine &rArr; GUI_Point &rArr; oled_drawPoint
</UL>
<BR>[Calls]<UL><LI><a href="#[5e]">&gt;&gt;</a>&nbsp;&nbsp;&nbsp;GUI_RLine
<LI><a href="#[50]">&gt;&gt;</a>&nbsp;&nbsp;&nbsp;GUI_Point
<LI><a href="#[5d]">&gt;&gt;</a>&nbsp;&nbsp;&nbsp;GUI_HLine
</UL>
<BR>[Called By]<UL><LI><a href="#[4c]">&gt;&gt;</a>&nbsp;&nbsp;&nbsp;GUI_ScrollbarDraw
<LI><a href="#[5a]">&gt;&gt;</a>&nbsp;&nbsp;&nbsp;GUI_DrawButton
<LI><a href="#[51]">&gt;&gt;</a>&nbsp;&nbsp;&nbsp;GUI_Button_Selected
</UL>

<P><STRONG><a name="[4d]"></a>GUI_MenuItemDraw</STRONG> (Thumb, 110 bytes, Stack size 32 bytes, gui_menu.o(i.GUI_MenuItemDraw))
<BR><BR>[Stack]<UL><LI>Max Depth = 164<LI>Call Chain = GUI_MenuItemDraw &rArr; show_str &rArr; show_font &rArr; strlen
</UL>
<BR>[Calls]<UL><LI><a href="#[5f]">&gt;&gt;</a>&nbsp;&nbsp;&nbsp;oled_showPicture
<LI><a href="#[55]">&gt;&gt;</a>&nbsp;&nbsp;&nbsp;show_str
</UL>
<BR>[Called By]<UL><LI><a href="#[6a]">&gt;&gt;</a>&nbsp;&nbsp;&nbsp;Menu_Run
<LI><a href="#[49]">&gt;&gt;</a>&nbsp;&nbsp;&nbsp;DisplayMenuInit
</UL>

<P><STRONG><a name="[50]"></a>GUI_Point</STRONG> (Thumb, 10 bytes, Stack size 8 bytes, lcmdrv.o(i.GUI_Point))
<BR><BR>[Stack]<UL><LI>Max Depth = 16<LI>Call Chain = GUI_Point &rArr; oled_drawPoint
</UL>
<BR>[Calls]<UL><LI><a href="#[60]">&gt;&gt;</a>&nbsp;&nbsp;&nbsp;oled_drawPoint
</UL>
<BR>[Called By]<UL><LI><a href="#[5e]">&gt;&gt;</a>&nbsp;&nbsp;&nbsp;GUI_RLine
<LI><a href="#[5d]">&gt;&gt;</a>&nbsp;&nbsp;&nbsp;GUI_HLine
<LI><a href="#[54]">&gt;&gt;</a>&nbsp;&nbsp;&nbsp;GUI_Line
<LI><a href="#[4f]">&gt;&gt;</a>&nbsp;&nbsp;&nbsp;GUI_Arc4
</UL>

<P><STRONG><a name="[5e]"></a>GUI_RLine</STRONG> (Thumb, 38 bytes, Stack size 24 bytes, lcmdrv.o(i.GUI_RLine))
<BR><BR>[Stack]<UL><LI>Max Depth = 40<LI>Call Chain = GUI_RLine &rArr; GUI_Point &rArr; oled_drawPoint
</UL>
<BR>[Calls]<UL><LI><a href="#[50]">&gt;&gt;</a>&nbsp;&nbsp;&nbsp;GUI_Point
</UL>
<BR>[Called By]<UL><LI><a href="#[62]">&gt;&gt;</a>&nbsp;&nbsp;&nbsp;GUI_Rectangle
<LI><a href="#[63]">&gt;&gt;</a>&nbsp;&nbsp;&nbsp;GUI_RectangleFill
<LI><a href="#[54]">&gt;&gt;</a>&nbsp;&nbsp;&nbsp;GUI_Line
</UL>

<P><STRONG><a name="[5b]"></a>GUI_ReadLeftPoint</STRONG> (Thumb, 74 bytes, Stack size 24 bytes, gui_basic.o(i.GUI_ReadLeftPoint))
<BR><BR>[Stack]<UL><LI>Max Depth = 32<LI>Call Chain = GUI_ReadLeftPoint &rArr; GUI_ReadPoint
</UL>
<BR>[Calls]<UL><LI><a href="#[59]">&gt;&gt;</a>&nbsp;&nbsp;&nbsp;GUI_ReadPoint
</UL>
<BR>[Called By]<UL><LI><a href="#[53]">&gt;&gt;</a>&nbsp;&nbsp;&nbsp;GUI_FloodFill
</UL>

<P><STRONG><a name="[59]"></a>GUI_ReadPoint</STRONG> (Thumb, 16 bytes, Stack size 8 bytes, lcmdrv.o(i.GUI_ReadPoint))
<BR><BR>[Stack]<UL><LI>Max Depth = 8<LI>Call Chain = GUI_ReadPoint
</UL>
<BR>[Calls]<UL><LI><a href="#[61]">&gt;&gt;</a>&nbsp;&nbsp;&nbsp;oled_readPoint
</UL>
<BR>[Called By]<UL><LI><a href="#[5c]">&gt;&gt;</a>&nbsp;&nbsp;&nbsp;GUI_ReadRightPoint
<LI><a href="#[5b]">&gt;&gt;</a>&nbsp;&nbsp;&nbsp;GUI_ReadLeftPoint
<LI><a href="#[58]">&gt;&gt;</a>&nbsp;&nbsp;&nbsp;GUI_CmpPointColor
<LI><a href="#[53]">&gt;&gt;</a>&nbsp;&nbsp;&nbsp;GUI_FloodFill
</UL>

<P><STRONG><a name="[5c]"></a>GUI_ReadRightPoint</STRONG> (Thumb, 48 bytes, Stack size 24 bytes, gui_basic.o(i.GUI_ReadRightPoint))
<BR><BR>[Stack]<UL><LI>Max Depth = 32<LI>Call Chain = GUI_ReadRightPoint &rArr; GUI_ReadPoint
</UL>
<BR>[Calls]<UL><LI><a href="#[59]">&gt;&gt;</a>&nbsp;&nbsp;&nbsp;GUI_ReadPoint
</UL>
<BR>[Called By]<UL><LI><a href="#[53]">&gt;&gt;</a>&nbsp;&nbsp;&nbsp;GUI_FloodFill
</UL>

<P><STRONG><a name="[62]"></a>GUI_Rectangle</STRONG> (Thumb, 60 bytes, Stack size 24 bytes, gui_basic.o(i.GUI_Rectangle))
<BR><BR>[Stack]<UL><LI>Max Depth = 64<LI>Call Chain = GUI_Rectangle &rArr; GUI_RLine &rArr; GUI_Point &rArr; oled_drawPoint
</UL>
<BR>[Calls]<UL><LI><a href="#[5e]">&gt;&gt;</a>&nbsp;&nbsp;&nbsp;GUI_RLine
<LI><a href="#[5d]">&gt;&gt;</a>&nbsp;&nbsp;&nbsp;GUI_HLine
</UL>
<BR>[Called By]<UL><LI><a href="#[4b]">&gt;&gt;</a>&nbsp;&nbsp;&nbsp;GUI_WindowsDraw
<LI><a href="#[4c]">&gt;&gt;</a>&nbsp;&nbsp;&nbsp;GUI_ScrollbarDraw
</UL>

<P><STRONG><a name="[63]"></a>GUI_RectangleFill</STRONG> (Thumb, 82 bytes, Stack size 24 bytes, gui_basic.o(i.GUI_RectangleFill))
<BR><BR>[Stack]<UL><LI>Max Depth = 64<LI>Call Chain = GUI_RectangleFill &rArr; GUI_RLine &rArr; GUI_Point &rArr; oled_drawPoint
</UL>
<BR>[Calls]<UL><LI><a href="#[5e]">&gt;&gt;</a>&nbsp;&nbsp;&nbsp;GUI_RLine
<LI><a href="#[5d]">&gt;&gt;</a>&nbsp;&nbsp;&nbsp;GUI_HLine
</UL>
<BR>[Called By]<UL><LI><a href="#[6a]">&gt;&gt;</a>&nbsp;&nbsp;&nbsp;Menu_Run
<LI><a href="#[4b]">&gt;&gt;</a>&nbsp;&nbsp;&nbsp;GUI_WindowsDraw
<LI><a href="#[66]">&gt;&gt;</a>&nbsp;&nbsp;&nbsp;GUI_Scrollbar_SetPos
</UL>

<P><STRONG><a name="[4e]"></a>GUI_Refresh</STRONG> (Thumb, 8 bytes, Stack size 8 bytes, lcmdrv.o(i.GUI_Refresh))
<BR><BR>[Stack]<UL><LI>Max Depth = 48<LI>Call Chain = GUI_Refresh &rArr; oled_refreshGram &rArr; oled_wr_byte &rArr; drv_gpio_WritePin
</UL>
<BR>[Calls]<UL><LI><a href="#[64]">&gt;&gt;</a>&nbsp;&nbsp;&nbsp;oled_refreshGram
</UL>
<BR>[Called By]<UL><LI><a href="#[6e]">&gt;&gt;</a>&nbsp;&nbsp;&nbsp;SpeedKp_Set
<LI><a href="#[6a]">&gt;&gt;</a>&nbsp;&nbsp;&nbsp;Menu_Run
<LI><a href="#[76]">&gt;&gt;</a>&nbsp;&nbsp;&nbsp;exitPIDSet
<LI><a href="#[49]">&gt;&gt;</a>&nbsp;&nbsp;&nbsp;DisplayMenuInit
</UL>

<P><STRONG><a name="[4c]"></a>GUI_ScrollbarDraw</STRONG> (Thumb, 174 bytes, Stack size 24 bytes, scrollbar.o(i.GUI_ScrollbarDraw))
<BR><BR>[Stack]<UL><LI>Max Depth = 120<LI>Call Chain = GUI_ScrollbarDraw &rArr; GUI_Scrollbar_SetPos &rArr; GUI_RectangleFill &rArr; GUI_RLine &rArr; GUI_Point &rArr; oled_drawPoint
</UL>
<BR>[Calls]<UL><LI><a href="#[5f]">&gt;&gt;</a>&nbsp;&nbsp;&nbsp;oled_showPicture
<LI><a href="#[66]">&gt;&gt;</a>&nbsp;&nbsp;&nbsp;GUI_Scrollbar_SetPos
<LI><a href="#[62]">&gt;&gt;</a>&nbsp;&nbsp;&nbsp;GUI_Rectangle
<LI><a href="#[54]">&gt;&gt;</a>&nbsp;&nbsp;&nbsp;GUI_Line
<LI><a href="#[65]">&gt;&gt;</a>&nbsp;&nbsp;&nbsp;__aeabi_uidivmod
</UL>
<BR>[Called By]<UL><LI><a href="#[76]">&gt;&gt;</a>&nbsp;&nbsp;&nbsp;exitPIDSet
<LI><a href="#[49]">&gt;&gt;</a>&nbsp;&nbsp;&nbsp;DisplayMenuInit
</UL>

<P><STRONG><a name="[66]"></a>GUI_Scrollbar_SetPos</STRONG> (Thumb, 104 bytes, Stack size 32 bytes, scrollbar.o(i.GUI_Scrollbar_SetPos))
<BR><BR>[Stack]<UL><LI>Max Depth = 96<LI>Call Chain = GUI_Scrollbar_SetPos &rArr; GUI_RectangleFill &rArr; GUI_RLine &rArr; GUI_Point &rArr; oled_drawPoint
</UL>
<BR>[Calls]<UL><LI><a href="#[63]">&gt;&gt;</a>&nbsp;&nbsp;&nbsp;GUI_RectangleFill
<LI><a href="#[65]">&gt;&gt;</a>&nbsp;&nbsp;&nbsp;__aeabi_uidivmod
</UL>
<BR>[Called By]<UL><LI><a href="#[6a]">&gt;&gt;</a>&nbsp;&nbsp;&nbsp;Menu_Run
<LI><a href="#[4c]">&gt;&gt;</a>&nbsp;&nbsp;&nbsp;GUI_ScrollbarDraw
</UL>

<P><STRONG><a name="[4b]"></a>GUI_WindowsDraw</STRONG> (Thumb, 166 bytes, Stack size 32 bytes, windows.o(i.GUI_WindowsDraw))
<BR><BR>[Stack]<UL><LI>Max Depth = 212<LI>Call Chain = GUI_WindowsDraw &rArr; show_str_mid &rArr; show_str &rArr; show_font &rArr; strlen
</UL>
<BR>[Calls]<UL><LI><a href="#[67]">&gt;&gt;</a>&nbsp;&nbsp;&nbsp;getWindowStringlen
<LI><a href="#[68]">&gt;&gt;</a>&nbsp;&nbsp;&nbsp;show_str_mid
<LI><a href="#[5d]">&gt;&gt;</a>&nbsp;&nbsp;&nbsp;GUI_HLine
<LI><a href="#[62]">&gt;&gt;</a>&nbsp;&nbsp;&nbsp;GUI_Rectangle
<LI><a href="#[63]">&gt;&gt;</a>&nbsp;&nbsp;&nbsp;GUI_RectangleFill
</UL>
<BR>[Called By]<UL><LI><a href="#[6e]">&gt;&gt;</a>&nbsp;&nbsp;&nbsp;SpeedKp_Set
<LI><a href="#[76]">&gt;&gt;</a>&nbsp;&nbsp;&nbsp;exitPIDSet
<LI><a href="#[49]">&gt;&gt;</a>&nbsp;&nbsp;&nbsp;DisplayMenuInit
</UL>

<P><STRONG><a name="[24]"></a>KBI0_IRQHandler</STRONG> (Thumb, 62 bytes, Stack size 24 bytes, drv_kbi.o(i.KBI0_IRQHandler))
<BR><BR>[Stack]<UL><LI>Max Depth = 24<LI>Call Chain = KBI0_IRQHandler
</UL>
<BR>[Address Reference Count : 1]<UL><LI> startup_skeaz1284.o(RESET)
</UL>
<P><STRONG><a name="[25]"></a>KBI1_IRQHandler</STRONG> (Thumb, 62 bytes, Stack size 24 bytes, drv_kbi.o(i.KBI1_IRQHandler))
<BR><BR>[Stack]<UL><LI>Max Depth = 24<LI>Call Chain = KBI1_IRQHandler
</UL>
<BR>[Address Reference Count : 1]<UL><LI> startup_skeaz1284.o(RESET)
</UL>
<P><STRONG><a name="[30]"></a>Kp</STRONG> (Thumb, 8 bytes, Stack size 0 bytes, pid_set.o(i.Kp))
<BR>[Address Reference Count : 1]<UL><LI> menu.o(i.PIDAdjMenu_Init)
</UL>
<P><STRONG><a name="[8a]"></a>MainMenu_Init</STRONG> (Thumb, 64 bytes, Stack size 20 bytes, menu.o(i.MainMenu_Init))
<BR><BR>[Stack]<UL><LI>Max Depth = 20<LI>Call Chain = MainMenu_Init
</UL>
<BR>[Called By]<UL><LI><a href="#[89]">&gt;&gt;</a>&nbsp;&nbsp;&nbsp;displayInit
</UL>

<P><STRONG><a name="[6a]"></a>Menu_Run</STRONG> (Thumb, 478 bytes, Stack size 32 bytes, menu.o(i.Menu_Run))
<BR><BR>[Stack]<UL><LI>Max Depth = 268<LI>Call Chain = Menu_Run &rArr; DisplayMenuInit &rArr; GUI_WindowsDraw &rArr; show_str_mid &rArr; show_str &rArr; show_font &rArr; strlen
</UL>
<BR>[Calls]<UL><LI><a href="#[6c]">&gt;&gt;</a>&nbsp;&nbsp;&nbsp;bsp_led_Toggle
<LI><a href="#[6b]">&gt;&gt;</a>&nbsp;&nbsp;&nbsp;bsp_key_GetKey
<LI><a href="#[6d]">&gt;&gt;</a>&nbsp;&nbsp;&nbsp;exitMenu
<LI><a href="#[49]">&gt;&gt;</a>&nbsp;&nbsp;&nbsp;DisplayMenuInit
<LI><a href="#[66]">&gt;&gt;</a>&nbsp;&nbsp;&nbsp;GUI_Scrollbar_SetPos
<LI><a href="#[4d]">&gt;&gt;</a>&nbsp;&nbsp;&nbsp;GUI_MenuItemDraw
<LI><a href="#[4e]">&gt;&gt;</a>&nbsp;&nbsp;&nbsp;GUI_Refresh
<LI><a href="#[63]">&gt;&gt;</a>&nbsp;&nbsp;&nbsp;GUI_RectangleFill
</UL>
<BR>[Called By]<UL><LI><a href="#[3f]">&gt;&gt;</a>&nbsp;&nbsp;&nbsp;main
</UL>

<P><STRONG><a name="[8c]"></a>PIDAdjMenu_Init</STRONG> (Thumb, 72 bytes, Stack size 20 bytes, menu.o(i.PIDAdjMenu_Init))
<BR><BR>[Stack]<UL><LI>Max Depth = 20<LI>Call Chain = PIDAdjMenu_Init
</UL>
<BR>[Called By]<UL><LI><a href="#[89]">&gt;&gt;</a>&nbsp;&nbsp;&nbsp;displayInit
</UL>

<P><STRONG><a name="[22]"></a>PIT_CH0_IRQHandler</STRONG> (Thumb, 30 bytes, Stack size 8 bytes, drv_pit.o(i.PIT_CH0_IRQHandler))
<BR><BR>[Stack]<UL><LI>Max Depth = 8<LI>Call Chain = PIT_CH0_IRQHandler
</UL>
<BR>[Address Reference Count : 1]<UL><LI> startup_skeaz1284.o(RESET)
</UL>
<P><STRONG><a name="[23]"></a>PIT_CH1_IRQHandler</STRONG> (Thumb, 30 bytes, Stack size 8 bytes, drv_pit.o(i.PIT_CH1_IRQHandler))
<BR><BR>[Stack]<UL><LI>Max Depth = 8<LI>Call Chain = PIT_CH1_IRQHandler
</UL>
<BR>[Address Reference Count : 1]<UL><LI> startup_skeaz1284.o(RESET)
</UL>
<P><STRONG><a name="[8b]"></a>ParaSetMenu_Init</STRONG> (Thumb, 72 bytes, Stack size 20 bytes, menu.o(i.ParaSetMenu_Init))
<BR><BR>[Stack]<UL><LI>Max Depth = 20<LI>Call Chain = ParaSetMenu_Init
</UL>
<BR>[Called By]<UL><LI><a href="#[89]">&gt;&gt;</a>&nbsp;&nbsp;&nbsp;displayInit
</UL>

<P><STRONG><a name="[6e]"></a>SpeedKp_Set</STRONG> (Thumb, 280 bytes, Stack size 32 bytes, pid_set.o(i.SpeedKp_Set))
<BR><BR>[Stack]<UL><LI>Max Depth = 480<LI>Call Chain = SpeedKp_Set &rArr; GUI_DrawButton &rArr; GUI_FloodFill &rArr; GUI_HLine &rArr; GUI_Point &rArr; oled_drawPoint
</UL>
<BR>[Calls]<UL><LI><a href="#[6f]">&gt;&gt;</a>&nbsp;&nbsp;&nbsp;drv_gpio_WritePin
<LI><a href="#[69]">&gt;&gt;</a>&nbsp;&nbsp;&nbsp;drv_gpio_ReadPin
<LI><a href="#[6c]">&gt;&gt;</a>&nbsp;&nbsp;&nbsp;bsp_led_Toggle
<LI><a href="#[72]">&gt;&gt;</a>&nbsp;&nbsp;&nbsp;oled_showString
<LI><a href="#[75]">&gt;&gt;</a>&nbsp;&nbsp;&nbsp;oled_showNum
<LI><a href="#[76]">&gt;&gt;</a>&nbsp;&nbsp;&nbsp;exitPIDSet
<LI><a href="#[4b]">&gt;&gt;</a>&nbsp;&nbsp;&nbsp;GUI_WindowsDraw
<LI><a href="#[4e]">&gt;&gt;</a>&nbsp;&nbsp;&nbsp;GUI_Refresh
<LI><a href="#[5a]">&gt;&gt;</a>&nbsp;&nbsp;&nbsp;GUI_DrawButton
<LI><a href="#[51]">&gt;&gt;</a>&nbsp;&nbsp;&nbsp;GUI_Button_Selected
<LI><a href="#[73]">&gt;&gt;</a>&nbsp;&nbsp;&nbsp;__aeabi_fmul
<LI><a href="#[74]">&gt;&gt;</a>&nbsp;&nbsp;&nbsp;__aeabi_f2uiz
<LI><a href="#[71]">&gt;&gt;</a>&nbsp;&nbsp;&nbsp;__aeabi_fsub
<LI><a href="#[70]">&gt;&gt;</a>&nbsp;&nbsp;&nbsp;__aeabi_fadd
<LI><a href="#[65]">&gt;&gt;</a>&nbsp;&nbsp;&nbsp;__aeabi_uidivmod
</UL>
<BR>[Called By]<UL><LI><a href="#[3f]">&gt;&gt;</a>&nbsp;&nbsp;&nbsp;main
</UL>

<P><STRONG><a name="[b]"></a>SysTick_Handler</STRONG> (Thumb, 8 bytes, Stack size 8 bytes, bsp_timer.o(i.SysTick_Handler))
<BR><BR>[Stack]<UL><LI>Max Depth = 24<LI>Call Chain = SysTick_Handler &rArr; SysTick_ISR
</UL>
<BR>[Calls]<UL><LI><a href="#[77]">&gt;&gt;</a>&nbsp;&nbsp;&nbsp;SysTick_ISR
</UL>
<BR>[Address Reference Count : 1]<UL><LI> startup_skeaz1284.o(RESET)
</UL>
<P><STRONG><a name="[77]"></a>SysTick_ISR</STRONG> (Thumb, 64 bytes, Stack size 16 bytes, bsp_timer.o(i.SysTick_ISR))
<BR><BR>[Stack]<UL><LI>Max Depth = 16<LI>Call Chain = SysTick_ISR
</UL>
<BR>[Calls]<UL><LI><a href="#[78]">&gt;&gt;</a>&nbsp;&nbsp;&nbsp;bsp_tim_SoftDec
</UL>
<BR>[Called By]<UL><LI><a href="#[b]">&gt;&gt;</a>&nbsp;&nbsp;&nbsp;SysTick_Handler
</UL>

<P><STRONG><a name="[2c]"></a>SystemInit</STRONG> (Thumb, 64 bytes, Stack size 0 bytes, system_skeaz1284.o(i.SystemInit))
<BR>[Address Reference Count : 1]<UL><LI> startup_skeaz1284.o(.text)
</UL>
<P><STRONG><a name="[18]"></a>UART0_IRQHandler</STRONG> (Thumb, 150 bytes, Stack size 24 bytes, app_debug.o(i.UART0_IRQHandler))
<BR><BR>[Stack]<UL><LI>Max Depth = 24<LI>Call Chain = UART0_IRQHandler
</UL>
<BR>[Calls]<UL><LI><a href="#[79]">&gt;&gt;</a>&nbsp;&nbsp;&nbsp;bsp_uart_IRQHandler
</UL>
<BR>[Address Reference Count : 1]<UL><LI> startup_skeaz1284.o(RESET)
</UL>
<P><STRONG><a name="[19]"></a>UART1_IRQHandler</STRONG> (Thumb, 2 bytes, Stack size 0 bytes, drv_uart.o(i.UART1_IRQHandler))
<BR>[Address Reference Count : 1]<UL><LI> startup_skeaz1284.o(RESET)
</UL>
<P><STRONG><a name="[1a]"></a>UART2_IRQHandler</STRONG> (Thumb, 2 bytes, Stack size 0 bytes, drv_uart.o(i.UART2_IRQHandler))
<BR>[Address Reference Count : 1]<UL><LI> startup_skeaz1284.o(RESET)
</UL>
<P><STRONG><a name="[44]"></a>_sys_exit</STRONG> (Thumb, 4 bytes, Stack size 0 bytes, bsp_uart.o(i._sys_exit))
<BR><BR>[Called By]<UL><LI><a href="#[43]">&gt;&gt;</a>&nbsp;&nbsp;&nbsp;__rt_exit_exit
</UL>

<P><STRONG><a name="[7a]"></a>bsp_Config</STRONG> (Thumb, 22 bytes, Stack size 8 bytes, bsp.o(i.bsp_Config))
<BR><BR>[Stack]<UL><LI>Max Depth = 64<LI>Call Chain = bsp_Config &rArr; bsp_oled_Config &rArr; oled_clear &rArr; oled_refreshGram &rArr; oled_wr_byte &rArr; drv_gpio_WritePin
</UL>
<BR>[Calls]<UL><LI><a href="#[7b]">&gt;&gt;</a>&nbsp;&nbsp;&nbsp;bsp_tim_SoftConfig
<LI><a href="#[7c]">&gt;&gt;</a>&nbsp;&nbsp;&nbsp;bsp_oled_Config
<LI><a href="#[7d]">&gt;&gt;</a>&nbsp;&nbsp;&nbsp;bsp_led_Config
<LI><a href="#[7e]">&gt;&gt;</a>&nbsp;&nbsp;&nbsp;bsp_key_Config
</UL>
<BR>[Called By]<UL><LI><a href="#[3f]">&gt;&gt;</a>&nbsp;&nbsp;&nbsp;main
</UL>

<P><STRONG><a name="[8e]"></a>bsp_key_ClearFIFO</STRONG> (Thumb, 22 bytes, Stack size 0 bytes, bsp_key.o(i.bsp_key_ClearFIFO))
<BR><BR>[Called By]<UL><LI><a href="#[76]">&gt;&gt;</a>&nbsp;&nbsp;&nbsp;exitPIDSet
</UL>

<P><STRONG><a name="[7e]"></a>bsp_key_Config</STRONG> (Thumb, 78 bytes, Stack size 8 bytes, bsp_key.o(i.bsp_key_Config))
<BR><BR>[Stack]<UL><LI>Max Depth = 28<LI>Call Chain = bsp_key_Config &rArr; drv_gpio_Init
</UL>
<BR>[Calls]<UL><LI><a href="#[6f]">&gt;&gt;</a>&nbsp;&nbsp;&nbsp;drv_gpio_WritePin
<LI><a href="#[7f]">&gt;&gt;</a>&nbsp;&nbsp;&nbsp;drv_gpio_Init
<LI><a href="#[80]">&gt;&gt;</a>&nbsp;&nbsp;&nbsp;bsp_key_FIFOInit
</UL>
<BR>[Called By]<UL><LI><a href="#[7a]">&gt;&gt;</a>&nbsp;&nbsp;&nbsp;bsp_Config
</UL>

<P><STRONG><a name="[81]"></a>bsp_key_Detect</STRONG> (Thumb, 166 bytes, Stack size 16 bytes, bsp_key.o(i.bsp_key_Detect))
<BR><BR>[Stack]<UL><LI>Max Depth = 16<LI>Call Chain = bsp_key_Detect
</UL>
<BR>[Calls]<UL><LI><a href="#[82]">&gt;&gt;</a>&nbsp;&nbsp;&nbsp;bsp_key_PutKeyToFIFO
</UL>
<BR>[Called By]<UL><LI><a href="#[34]">&gt;&gt;</a>&nbsp;&nbsp;&nbsp;bsp_key_Scan
</UL>

<P><STRONG><a name="[6b]"></a>bsp_key_GetKey</STRONG> (Thumb, 32 bytes, Stack size 0 bytes, bsp_key.o(i.bsp_key_GetKey))
<BR><BR>[Called By]<UL><LI><a href="#[6a]">&gt;&gt;</a>&nbsp;&nbsp;&nbsp;Menu_Run
</UL>

<P><STRONG><a name="[82]"></a>bsp_key_PutKeyToFIFO</STRONG> (Thumb, 28 bytes, Stack size 0 bytes, bsp_key.o(i.bsp_key_PutKeyToFIFO))
<BR><BR>[Called By]<UL><LI><a href="#[81]">&gt;&gt;</a>&nbsp;&nbsp;&nbsp;bsp_key_Detect
</UL>

<P><STRONG><a name="[34]"></a>bsp_key_Scan</STRONG> (Thumb, 44 bytes, Stack size 8 bytes, bsp_key.o(i.bsp_key_Scan))
<BR><BR>[Stack]<UL><LI>Max Depth = 24<LI>Call Chain = bsp_key_Scan &rArr; bsp_key_Detect
</UL>
<BR>[Calls]<UL><LI><a href="#[6f]">&gt;&gt;</a>&nbsp;&nbsp;&nbsp;drv_gpio_WritePin
<LI><a href="#[81]">&gt;&gt;</a>&nbsp;&nbsp;&nbsp;bsp_key_Detect
</UL>
<BR>[Address Reference Count : 1]<UL><LI> main.o(i.main)
</UL>
<P><STRONG><a name="[7d]"></a>bsp_led_Config</STRONG> (Thumb, 44 bytes, Stack size 8 bytes, bsp_led.o(i.bsp_led_Config))
<BR><BR>[Stack]<UL><LI>Max Depth = 28<LI>Call Chain = bsp_led_Config &rArr; drv_gpio_Init
</UL>
<BR>[Calls]<UL><LI><a href="#[7f]">&gt;&gt;</a>&nbsp;&nbsp;&nbsp;drv_gpio_Init
<LI><a href="#[83]">&gt;&gt;</a>&nbsp;&nbsp;&nbsp;bsp_led_OFF
</UL>
<BR>[Called By]<UL><LI><a href="#[7a]">&gt;&gt;</a>&nbsp;&nbsp;&nbsp;bsp_Config
</UL>

<P><STRONG><a name="[83]"></a>bsp_led_OFF</STRONG> (Thumb, 40 bytes, Stack size 8 bytes, bsp_led.o(i.bsp_led_OFF))
<BR><BR>[Stack]<UL><LI>Max Depth = 16<LI>Call Chain = bsp_led_OFF &rArr; drv_gpio_WritePin
</UL>
<BR>[Calls]<UL><LI><a href="#[6f]">&gt;&gt;</a>&nbsp;&nbsp;&nbsp;drv_gpio_WritePin
</UL>
<BR>[Called By]<UL><LI><a href="#[7d]">&gt;&gt;</a>&nbsp;&nbsp;&nbsp;bsp_led_Config
</UL>

<P><STRONG><a name="[6c]"></a>bsp_led_Toggle</STRONG> (Thumb, 34 bytes, Stack size 8 bytes, bsp_led.o(i.bsp_led_Toggle))
<BR><BR>[Stack]<UL><LI>Max Depth = 8<LI>Call Chain = bsp_led_Toggle
</UL>
<BR>[Calls]<UL><LI><a href="#[84]">&gt;&gt;</a>&nbsp;&nbsp;&nbsp;drv_gpio_TogglePin
</UL>
<BR>[Called By]<UL><LI><a href="#[6e]">&gt;&gt;</a>&nbsp;&nbsp;&nbsp;SpeedKp_Set
<LI><a href="#[6a]">&gt;&gt;</a>&nbsp;&nbsp;&nbsp;Menu_Run
</UL>

<P><STRONG><a name="[7c]"></a>bsp_oled_Config</STRONG> (Thumb, 256 bytes, Stack size 8 bytes, bsp_oled.o(i.bsp_oled_Config))
<BR><BR>[Stack]<UL><LI>Max Depth = 56<LI>Call Chain = bsp_oled_Config &rArr; oled_clear &rArr; oled_refreshGram &rArr; oled_wr_byte &rArr; drv_gpio_WritePin
</UL>
<BR>[Calls]<UL><LI><a href="#[6f]">&gt;&gt;</a>&nbsp;&nbsp;&nbsp;drv_gpio_WritePin
<LI><a href="#[86]">&gt;&gt;</a>&nbsp;&nbsp;&nbsp;bsp_tim_DelayMs
<LI><a href="#[87]">&gt;&gt;</a>&nbsp;&nbsp;&nbsp;oled_wr_byte
<LI><a href="#[57]">&gt;&gt;</a>&nbsp;&nbsp;&nbsp;oled_clear
<LI><a href="#[88]">&gt;&gt;</a>&nbsp;&nbsp;&nbsp;bsp_oled_SetPos
<LI><a href="#[85]">&gt;&gt;</a>&nbsp;&nbsp;&nbsp;bsp_oled_GPIOConfig
</UL>
<BR>[Called By]<UL><LI><a href="#[7a]">&gt;&gt;</a>&nbsp;&nbsp;&nbsp;bsp_Config
</UL>

<P><STRONG><a name="[85]"></a>bsp_oled_GPIOConfig</STRONG> (Thumb, 74 bytes, Stack size 8 bytes, bsp_oled.o(i.bsp_oled_GPIOConfig))
<BR><BR>[Stack]<UL><LI>Max Depth = 28<LI>Call Chain = bsp_oled_GPIOConfig &rArr; drv_gpio_Init
</UL>
<BR>[Calls]<UL><LI><a href="#[7f]">&gt;&gt;</a>&nbsp;&nbsp;&nbsp;drv_gpio_Init
</UL>
<BR>[Called By]<UL><LI><a href="#[7c]">&gt;&gt;</a>&nbsp;&nbsp;&nbsp;bsp_oled_Config
</UL>

<P><STRONG><a name="[88]"></a>bsp_oled_SetPos</STRONG> (Thumb, 40 bytes, Stack size 8 bytes, bsp_oled.o(i.bsp_oled_SetPos))
<BR><BR>[Stack]<UL><LI>Max Depth = 32<LI>Call Chain = bsp_oled_SetPos &rArr; oled_wr_byte &rArr; drv_gpio_WritePin
</UL>
<BR>[Calls]<UL><LI><a href="#[87]">&gt;&gt;</a>&nbsp;&nbsp;&nbsp;oled_wr_byte
</UL>
<BR>[Called By]<UL><LI><a href="#[7c]">&gt;&gt;</a>&nbsp;&nbsp;&nbsp;bsp_oled_Config
</UL>

<P><STRONG><a name="[90]"></a>bsp_tim_CreateSoftTimer</STRONG> (Thumb, 52 bytes, Stack size 16 bytes, bsp_timer.o(i.bsp_tim_CreateSoftTimer))
<BR><BR>[Stack]<UL><LI>Max Depth = 16<LI>Call Chain = bsp_tim_CreateSoftTimer
</UL>
<BR>[Called By]<UL><LI><a href="#[3f]">&gt;&gt;</a>&nbsp;&nbsp;&nbsp;main
</UL>

<P><STRONG><a name="[86]"></a>bsp_tim_DelayMs</STRONG> (Thumb, 26 bytes, Stack size 0 bytes, bsp_timer.o(i.bsp_tim_DelayMs))
<BR><BR>[Called By]<UL><LI><a href="#[3f]">&gt;&gt;</a>&nbsp;&nbsp;&nbsp;main
<LI><a href="#[7c]">&gt;&gt;</a>&nbsp;&nbsp;&nbsp;bsp_oled_Config
</UL>

<P><STRONG><a name="[7b]"></a>bsp_tim_SoftConfig</STRONG> (Thumb, 80 bytes, Stack size 16 bytes, bsp_timer.o(i.bsp_tim_SoftConfig))
<BR><BR>[Stack]<UL><LI>Max Depth = 16<LI>Call Chain = bsp_tim_SoftConfig
</UL>
<BR>[Calls]<UL><LI><a href="#[65]">&gt;&gt;</a>&nbsp;&nbsp;&nbsp;__aeabi_uidivmod
</UL>
<BR>[Called By]<UL><LI><a href="#[7a]">&gt;&gt;</a>&nbsp;&nbsp;&nbsp;bsp_Config
</UL>

<P><STRONG><a name="[78]"></a>bsp_tim_SoftDec</STRONG> (Thumb, 42 bytes, Stack size 0 bytes, bsp_timer.o(i.bsp_tim_SoftDec))
<BR><BR>[Called By]<UL><LI><a href="#[77]">&gt;&gt;</a>&nbsp;&nbsp;&nbsp;SysTick_ISR
</UL>

<P><STRONG><a name="[79]"></a>bsp_uart_IRQHandler</STRONG> (Thumb, 70 bytes, Stack size 0 bytes, bsp_uart.o(i.bsp_uart_IRQHandler))
<BR><BR>[Called By]<UL><LI><a href="#[18]">&gt;&gt;</a>&nbsp;&nbsp;&nbsp;UART0_IRQHandler
</UL>

<P><STRONG><a name="[89]"></a>displayInit</STRONG> (Thumb, 16 bytes, Stack size 8 bytes, display.o(i.displayInit))
<BR><BR>[Stack]<UL><LI>Max Depth = 28<LI>Call Chain = displayInit &rArr; ParaSetMenu_Init
</UL>
<BR>[Calls]<UL><LI><a href="#[8b]">&gt;&gt;</a>&nbsp;&nbsp;&nbsp;ParaSetMenu_Init
<LI><a href="#[8c]">&gt;&gt;</a>&nbsp;&nbsp;&nbsp;PIDAdjMenu_Init
<LI><a href="#[8a]">&gt;&gt;</a>&nbsp;&nbsp;&nbsp;MainMenu_Init
</UL>
<BR>[Called By]<UL><LI><a href="#[3f]">&gt;&gt;</a>&nbsp;&nbsp;&nbsp;main
<LI><a href="#[76]">&gt;&gt;</a>&nbsp;&nbsp;&nbsp;exitPIDSet
</UL>

<P><STRONG><a name="[7f]"></a>drv_gpio_Init</STRONG> (Thumb, 256 bytes, Stack size 20 bytes, drv_gpio.o(i.drv_gpio_Init))
<BR><BR>[Stack]<UL><LI>Max Depth = 20<LI>Call Chain = drv_gpio_Init
</UL>
<BR>[Called By]<UL><LI><a href="#[85]">&gt;&gt;</a>&nbsp;&nbsp;&nbsp;bsp_oled_GPIOConfig
<LI><a href="#[7d]">&gt;&gt;</a>&nbsp;&nbsp;&nbsp;bsp_led_Config
<LI><a href="#[7e]">&gt;&gt;</a>&nbsp;&nbsp;&nbsp;bsp_key_Config
</UL>

<P><STRONG><a name="[69]"></a>drv_gpio_ReadPin</STRONG> (Thumb, 22 bytes, Stack size 0 bytes, drv_gpio.o(i.drv_gpio_ReadPin))
<BR><BR>[Called By]<UL><LI><a href="#[6e]">&gt;&gt;</a>&nbsp;&nbsp;&nbsp;SpeedKp_Set
<LI><a href="#[31]">&gt;&gt;</a>&nbsp;&nbsp;&nbsp;IsKeyUpPress
<LI><a href="#[32]">&gt;&gt;</a>&nbsp;&nbsp;&nbsp;IsKeyOkPress
<LI><a href="#[33]">&gt;&gt;</a>&nbsp;&nbsp;&nbsp;IsKeyDownPress
</UL>

<P><STRONG><a name="[84]"></a>drv_gpio_TogglePin</STRONG> (Thumb, 24 bytes, Stack size 0 bytes, drv_gpio.o(i.drv_gpio_TogglePin))
<BR><BR>[Called By]<UL><LI><a href="#[6c]">&gt;&gt;</a>&nbsp;&nbsp;&nbsp;bsp_led_Toggle
</UL>

<P><STRONG><a name="[6f]"></a>drv_gpio_WritePin</STRONG> (Thumb, 38 bytes, Stack size 8 bytes, drv_gpio.o(i.drv_gpio_WritePin))
<BR><BR>[Stack]<UL><LI>Max Depth = 8<LI>Call Chain = drv_gpio_WritePin
</UL>
<BR>[Called By]<UL><LI><a href="#[34]">&gt;&gt;</a>&nbsp;&nbsp;&nbsp;bsp_key_Scan
<LI><a href="#[6e]">&gt;&gt;</a>&nbsp;&nbsp;&nbsp;SpeedKp_Set
<LI><a href="#[87]">&gt;&gt;</a>&nbsp;&nbsp;&nbsp;oled_wr_byte
<LI><a href="#[83]">&gt;&gt;</a>&nbsp;&nbsp;&nbsp;bsp_led_OFF
<LI><a href="#[7c]">&gt;&gt;</a>&nbsp;&nbsp;&nbsp;bsp_oled_Config
<LI><a href="#[7e]">&gt;&gt;</a>&nbsp;&nbsp;&nbsp;bsp_key_Config
</UL>

<P><STRONG><a name="[6d]"></a>exitMenu</STRONG> (Thumb, 28 bytes, Stack size 8 bytes, menu.o(i.exitMenu))
<BR><BR>[Stack]<UL><LI>Max Depth = 72<LI>Call Chain = exitMenu &rArr; setShow_ui &rArr; GUI_ClearSCR &rArr; oled_clear &rArr; oled_refreshGram &rArr; oled_wr_byte &rArr; drv_gpio_WritePin
</UL>
<BR>[Calls]<UL><LI><a href="#[8d]">&gt;&gt;</a>&nbsp;&nbsp;&nbsp;setShow_ui
</UL>
<BR>[Called By]<UL><LI><a href="#[6a]">&gt;&gt;</a>&nbsp;&nbsp;&nbsp;Menu_Run
</UL>

<P><STRONG><a name="[76]"></a>exitPIDSet</STRONG> (Thumb, 48 bytes, Stack size 8 bytes, pid_set.o(i.exitPIDSet))
<BR><BR>[Stack]<UL><LI>Max Depth = 220<LI>Call Chain = exitPIDSet &rArr; GUI_WindowsDraw &rArr; show_str_mid &rArr; show_str &rArr; show_font &rArr; strlen
</UL>
<BR>[Calls]<UL><LI><a href="#[89]">&gt;&gt;</a>&nbsp;&nbsp;&nbsp;displayInit
<LI><a href="#[8e]">&gt;&gt;</a>&nbsp;&nbsp;&nbsp;bsp_key_ClearFIFO
<LI><a href="#[4b]">&gt;&gt;</a>&nbsp;&nbsp;&nbsp;GUI_WindowsDraw
<LI><a href="#[4c]">&gt;&gt;</a>&nbsp;&nbsp;&nbsp;GUI_ScrollbarDraw
<LI><a href="#[56]">&gt;&gt;</a>&nbsp;&nbsp;&nbsp;GUI_ClearSCR
<LI><a href="#[4e]">&gt;&gt;</a>&nbsp;&nbsp;&nbsp;GUI_Refresh
</UL>
<BR>[Called By]<UL><LI><a href="#[6e]">&gt;&gt;</a>&nbsp;&nbsp;&nbsp;SpeedKp_Set
</UL>

<P><STRONG><a name="[4a]"></a>getMenuSelectitem</STRONG> (Thumb, 28 bytes, Stack size 0 bytes, menu.o(i.getMenuSelectitem))
<BR><BR>[Called By]<UL><LI><a href="#[49]">&gt;&gt;</a>&nbsp;&nbsp;&nbsp;DisplayMenuInit
</UL>

<P><STRONG><a name="[67]"></a>getWindowStringlen</STRONG> (Thumb, 14 bytes, Stack size 8 bytes, windows.o(i.getWindowStringlen))
<BR><BR>[Stack]<UL><LI>Max Depth = 20<LI>Call Chain = getWindowStringlen &rArr; strlen
</UL>
<BR>[Calls]<UL><LI><a href="#[8f]">&gt;&gt;</a>&nbsp;&nbsp;&nbsp;strlen
</UL>
<BR>[Called By]<UL><LI><a href="#[4b]">&gt;&gt;</a>&nbsp;&nbsp;&nbsp;GUI_WindowsDraw
</UL>

<P><STRONG><a name="[2f]"></a>gotoNextMenu</STRONG> (Thumb, 42 bytes, Stack size 0 bytes, menu.o(i.gotoNextMenu))
<BR>[Address Reference Count : 3]<UL><LI> menu.o(i.PIDAdjMenu_Init)
<LI> menu.o(i.ParaSetMenu_Init)
<LI> menu.o(i.MainMenu_Init)
</UL>
<P><STRONG><a name="[3f]"></a>main</STRONG> (Thumb, 44 bytes, Stack size 0 bytes, main.o(i.main))
<BR><BR>[Stack]<UL><LI>Max Depth = 480<LI>Call Chain = main &rArr; SpeedKp_Set &rArr; GUI_DrawButton &rArr; GUI_FloodFill &rArr; GUI_HLine &rArr; GUI_Point &rArr; oled_drawPoint
</UL>
<BR>[Calls]<UL><LI><a href="#[89]">&gt;&gt;</a>&nbsp;&nbsp;&nbsp;displayInit
<LI><a href="#[86]">&gt;&gt;</a>&nbsp;&nbsp;&nbsp;bsp_tim_DelayMs
<LI><a href="#[90]">&gt;&gt;</a>&nbsp;&nbsp;&nbsp;bsp_tim_CreateSoftTimer
<LI><a href="#[7a]">&gt;&gt;</a>&nbsp;&nbsp;&nbsp;bsp_Config
<LI><a href="#[6e]">&gt;&gt;</a>&nbsp;&nbsp;&nbsp;SpeedKp_Set
<LI><a href="#[6a]">&gt;&gt;</a>&nbsp;&nbsp;&nbsp;Menu_Run
</UL>
<BR>[Called By]<UL><LI><a href="#[3e]">&gt;&gt;</a>&nbsp;&nbsp;&nbsp;__rt_entry_main
</UL>

<P><STRONG><a name="[92]"></a>mypow</STRONG> (Thumb, 20 bytes, Stack size 0 bytes, bsp_oled.o(i.mypow))
<BR><BR>[Called By]<UL><LI><a href="#[75]">&gt;&gt;</a>&nbsp;&nbsp;&nbsp;oled_showNum
</UL>

<P><STRONG><a name="[57]"></a>oled_clear</STRONG> (Thumb, 38 bytes, Stack size 8 bytes, bsp_oled.o(i.oled_clear))
<BR><BR>[Stack]<UL><LI>Max Depth = 48<LI>Call Chain = oled_clear &rArr; oled_refreshGram &rArr; oled_wr_byte &rArr; drv_gpio_WritePin
</UL>
<BR>[Calls]<UL><LI><a href="#[64]">&gt;&gt;</a>&nbsp;&nbsp;&nbsp;oled_refreshGram
</UL>
<BR>[Called By]<UL><LI><a href="#[72]">&gt;&gt;</a>&nbsp;&nbsp;&nbsp;oled_showString
<LI><a href="#[7c]">&gt;&gt;</a>&nbsp;&nbsp;&nbsp;bsp_oled_Config
<LI><a href="#[56]">&gt;&gt;</a>&nbsp;&nbsp;&nbsp;GUI_ClearSCR
</UL>

<P><STRONG><a name="[60]"></a>oled_drawPoint</STRONG> (Thumb, 50 bytes, Stack size 8 bytes, bsp_oled.o(i.oled_drawPoint))
<BR><BR>[Stack]<UL><LI>Max Depth = 8<LI>Call Chain = oled_drawPoint
</UL>
<BR>[Called By]<UL><LI><a href="#[5f]">&gt;&gt;</a>&nbsp;&nbsp;&nbsp;oled_showPicture
<LI><a href="#[91]">&gt;&gt;</a>&nbsp;&nbsp;&nbsp;oled_showChar
<LI><a href="#[93]">&gt;&gt;</a>&nbsp;&nbsp;&nbsp;show_font
<LI><a href="#[50]">&gt;&gt;</a>&nbsp;&nbsp;&nbsp;GUI_Point
</UL>

<P><STRONG><a name="[61]"></a>oled_readPoint</STRONG> (Thumb, 34 bytes, Stack size 0 bytes, bsp_oled.o(i.oled_readPoint))
<BR><BR>[Called By]<UL><LI><a href="#[59]">&gt;&gt;</a>&nbsp;&nbsp;&nbsp;GUI_ReadPoint
</UL>

<P><STRONG><a name="[64]"></a>oled_refreshGram</STRONG> (Thumb, 66 bytes, Stack size 16 bytes, bsp_oled.o(i.oled_refreshGram))
<BR><BR>[Stack]<UL><LI>Max Depth = 40<LI>Call Chain = oled_refreshGram &rArr; oled_wr_byte &rArr; drv_gpio_WritePin
</UL>
<BR>[Calls]<UL><LI><a href="#[87]">&gt;&gt;</a>&nbsp;&nbsp;&nbsp;oled_wr_byte
</UL>
<BR>[Called By]<UL><LI><a href="#[57]">&gt;&gt;</a>&nbsp;&nbsp;&nbsp;oled_clear
<LI><a href="#[4e]">&gt;&gt;</a>&nbsp;&nbsp;&nbsp;GUI_Refresh
</UL>

<P><STRONG><a name="[91]"></a>oled_showChar</STRONG> (Thumb, 178 bytes, Stack size 48 bytes, bsp_oled.o(i.oled_showChar))
<BR><BR>[Stack]<UL><LI>Max Depth = 56<LI>Call Chain = oled_showChar &rArr; oled_drawPoint
</UL>
<BR>[Calls]<UL><LI><a href="#[60]">&gt;&gt;</a>&nbsp;&nbsp;&nbsp;oled_drawPoint
</UL>
<BR>[Called By]<UL><LI><a href="#[72]">&gt;&gt;</a>&nbsp;&nbsp;&nbsp;oled_showString
<LI><a href="#[75]">&gt;&gt;</a>&nbsp;&nbsp;&nbsp;oled_showNum
<LI><a href="#[55]">&gt;&gt;</a>&nbsp;&nbsp;&nbsp;show_str
</UL>

<P><STRONG><a name="[75]"></a>oled_showNum</STRONG> (Thumb, 122 bytes, Stack size 48 bytes, bsp_oled.o(i.oled_showNum))
<BR><BR>[Stack]<UL><LI>Max Depth = 104<LI>Call Chain = oled_showNum &rArr; oled_showChar &rArr; oled_drawPoint
</UL>
<BR>[Calls]<UL><LI><a href="#[91]">&gt;&gt;</a>&nbsp;&nbsp;&nbsp;oled_showChar
<LI><a href="#[92]">&gt;&gt;</a>&nbsp;&nbsp;&nbsp;mypow
<LI><a href="#[65]">&gt;&gt;</a>&nbsp;&nbsp;&nbsp;__aeabi_uidivmod
</UL>
<BR>[Called By]<UL><LI><a href="#[6e]">&gt;&gt;</a>&nbsp;&nbsp;&nbsp;SpeedKp_Set
</UL>

<P><STRONG><a name="[5f]"></a>oled_showPicture</STRONG> (Thumb, 174 bytes, Stack size 60 bytes, bsp_oled.o(i.oled_showPicture))
<BR><BR>[Stack]<UL><LI>Max Depth = 68<LI>Call Chain = oled_showPicture &rArr; oled_drawPoint
</UL>
<BR>[Calls]<UL><LI><a href="#[60]">&gt;&gt;</a>&nbsp;&nbsp;&nbsp;oled_drawPoint
</UL>
<BR>[Called By]<UL><LI><a href="#[4c]">&gt;&gt;</a>&nbsp;&nbsp;&nbsp;GUI_ScrollbarDraw
<LI><a href="#[4d]">&gt;&gt;</a>&nbsp;&nbsp;&nbsp;GUI_MenuItemDraw
</UL>

<P><STRONG><a name="[72]"></a>oled_showString</STRONG> (Thumb, 92 bytes, Stack size 56 bytes, bsp_oled.o(i.oled_showString))
<BR><BR>[Stack]<UL><LI>Max Depth = 112<LI>Call Chain = oled_showString &rArr; oled_showChar &rArr; oled_drawPoint
</UL>
<BR>[Calls]<UL><LI><a href="#[91]">&gt;&gt;</a>&nbsp;&nbsp;&nbsp;oled_showChar
<LI><a href="#[57]">&gt;&gt;</a>&nbsp;&nbsp;&nbsp;oled_clear
</UL>
<BR>[Called By]<UL><LI><a href="#[6e]">&gt;&gt;</a>&nbsp;&nbsp;&nbsp;SpeedKp_Set
</UL>

<P><STRONG><a name="[87]"></a>oled_wr_byte</STRONG> (Thumb, 88 bytes, Stack size 16 bytes, bsp_oled.o(i.oled_wr_byte))
<BR><BR>[Stack]<UL><LI>Max Depth = 24<LI>Call Chain = oled_wr_byte &rArr; drv_gpio_WritePin
</UL>
<BR>[Calls]<UL><LI><a href="#[6f]">&gt;&gt;</a>&nbsp;&nbsp;&nbsp;drv_gpio_WritePin
</UL>
<BR>[Called By]<UL><LI><a href="#[64]">&gt;&gt;</a>&nbsp;&nbsp;&nbsp;oled_refreshGram
<LI><a href="#[88]">&gt;&gt;</a>&nbsp;&nbsp;&nbsp;bsp_oled_SetPos
<LI><a href="#[7c]">&gt;&gt;</a>&nbsp;&nbsp;&nbsp;bsp_oled_Config
</UL>

<P><STRONG><a name="[8d]"></a>setShow_ui</STRONG> (Thumb, 12 bytes, Stack size 8 bytes, display.o(i.setShow_ui))
<BR><BR>[Stack]<UL><LI>Max Depth = 64<LI>Call Chain = setShow_ui &rArr; GUI_ClearSCR &rArr; oled_clear &rArr; oled_refreshGram &rArr; oled_wr_byte &rArr; drv_gpio_WritePin
</UL>
<BR>[Calls]<UL><LI><a href="#[56]">&gt;&gt;</a>&nbsp;&nbsp;&nbsp;GUI_ClearSCR
</UL>
<BR>[Called By]<UL><LI><a href="#[6d]">&gt;&gt;</a>&nbsp;&nbsp;&nbsp;exitMenu
</UL>

<P><STRONG><a name="[55]"></a>show_str</STRONG> (Thumb, 176 bytes, Stack size 64 bytes, text.o(i.show_str))
<BR><BR>[Stack]<UL><LI>Max Depth = 132<LI>Call Chain = show_str &rArr; show_font &rArr; strlen
</UL>
<BR>[Calls]<UL><LI><a href="#[91]">&gt;&gt;</a>&nbsp;&nbsp;&nbsp;oled_showChar
<LI><a href="#[93]">&gt;&gt;</a>&nbsp;&nbsp;&nbsp;show_font
</UL>
<BR>[Called By]<UL><LI><a href="#[68]">&gt;&gt;</a>&nbsp;&nbsp;&nbsp;show_str_mid
<LI><a href="#[4d]">&gt;&gt;</a>&nbsp;&nbsp;&nbsp;GUI_MenuItemDraw
<LI><a href="#[5a]">&gt;&gt;</a>&nbsp;&nbsp;&nbsp;GUI_DrawButton
<LI><a href="#[51]">&gt;&gt;</a>&nbsp;&nbsp;&nbsp;GUI_Button_Selected
</UL>

<P><STRONG><a name="[68]"></a>show_str_mid</STRONG> (Thumb, 70 bytes, Stack size 48 bytes, text.o(i.show_str_mid))
<BR><BR>[Stack]<UL><LI>Max Depth = 180<LI>Call Chain = show_str_mid &rArr; show_str &rArr; show_font &rArr; strlen
</UL>
<BR>[Calls]<UL><LI><a href="#[55]">&gt;&gt;</a>&nbsp;&nbsp;&nbsp;show_str
<LI><a href="#[8f]">&gt;&gt;</a>&nbsp;&nbsp;&nbsp;strlen
</UL>
<BR>[Called By]<UL><LI><a href="#[4b]">&gt;&gt;</a>&nbsp;&nbsp;&nbsp;GUI_WindowsDraw
</UL>

<P><STRONG><a name="[70]"></a>__aeabi_fadd</STRONG> (Thumb, 0 bytes, Stack size 16 bytes, faddsub.o(x$fpl$fadd))
<BR><BR>[Stack]<UL><LI>Max Depth = 16<LI>Call Chain = __aeabi_fadd
</UL>
<BR>[Called By]<UL><LI><a href="#[6e]">&gt;&gt;</a>&nbsp;&nbsp;&nbsp;SpeedKp_Set
</UL>

<P><STRONG><a name="[94]"></a>_fadd</STRONG> (Thumb, 134 bytes, Stack size 16 bytes, faddsub.o(x$fpl$fadd), UNUSED)
<BR><BR>[Calls]<UL><LI><a href="#[95]">&gt;&gt;</a>&nbsp;&nbsp;&nbsp;_fsub1
</UL>

<P><STRONG><a name="[73]"></a>__aeabi_fmul</STRONG> (Thumb, 0 bytes, Stack size 16 bytes, fmul.o(x$fpl$fmul))
<BR><BR>[Stack]<UL><LI>Max Depth = 16<LI>Call Chain = __aeabi_fmul
</UL>
<BR>[Called By]<UL><LI><a href="#[6e]">&gt;&gt;</a>&nbsp;&nbsp;&nbsp;SpeedKp_Set
</UL>

<P><STRONG><a name="[c8]"></a>_fmul</STRONG> (Thumb, 172 bytes, Stack size 16 bytes, fmul.o(x$fpl$fmul), UNUSED)

<P><STRONG><a name="[71]"></a>__aeabi_fsub</STRONG> (Thumb, 0 bytes, Stack size 16 bytes, faddsub.o(x$fpl$fsub))
<BR><BR>[Stack]<UL><LI>Max Depth = 16<LI>Call Chain = __aeabi_fsub
</UL>
<BR>[Called By]<UL><LI><a href="#[6e]">&gt;&gt;</a>&nbsp;&nbsp;&nbsp;SpeedKp_Set
</UL>

<P><STRONG><a name="[96]"></a>_fsub</STRONG> (Thumb, 204 bytes, Stack size 16 bytes, faddsub.o(x$fpl$fsub), UNUSED)
<BR><BR>[Calls]<UL><LI><a href="#[97]">&gt;&gt;</a>&nbsp;&nbsp;&nbsp;_fadd1
</UL>
<P>
<H3>
Local Symbols
</H3>
<P><STRONG><a name="[33]"></a>IsKeyDownPress</STRONG> (Thumb, 10 bytes, Stack size 8 bytes, bsp_key.o(i.IsKeyDownPress))
<BR><BR>[Stack]<UL><LI>Max Depth = 8<LI>Call Chain = IsKeyDownPress
</UL>
<BR>[Calls]<UL><LI><a href="#[69]">&gt;&gt;</a>&nbsp;&nbsp;&nbsp;drv_gpio_ReadPin
</UL>
<BR>[Address Reference Count : 1]<UL><LI> bsp_key.o(i.bsp_key_FIFOInit)
</UL>
<P><STRONG><a name="[32]"></a>IsKeyOkPress</STRONG> (Thumb, 10 bytes, Stack size 8 bytes, bsp_key.o(i.IsKeyOkPress))
<BR><BR>[Stack]<UL><LI>Max Depth = 8<LI>Call Chain = IsKeyOkPress
</UL>
<BR>[Calls]<UL><LI><a href="#[69]">&gt;&gt;</a>&nbsp;&nbsp;&nbsp;drv_gpio_ReadPin
</UL>
<BR>[Address Reference Count : 1]<UL><LI> bsp_key.o(i.bsp_key_FIFOInit)
</UL>
<P><STRONG><a name="[31]"></a>IsKeyUpPress</STRONG> (Thumb, 10 bytes, Stack size 8 bytes, bsp_key.o(i.IsKeyUpPress))
<BR><BR>[Stack]<UL><LI>Max Depth = 8<LI>Call Chain = IsKeyUpPress
</UL>
<BR>[Calls]<UL><LI><a href="#[69]">&gt;&gt;</a>&nbsp;&nbsp;&nbsp;drv_gpio_ReadPin
</UL>
<BR>[Address Reference Count : 1]<UL><LI> bsp_key.o(i.bsp_key_FIFOInit)
</UL>
<P><STRONG><a name="[80]"></a>bsp_key_FIFOInit</STRONG> (Thumb, 66 bytes, Stack size 16 bytes, bsp_key.o(i.bsp_key_FIFOInit))
<BR><BR>[Stack]<UL><LI>Max Depth = 16<LI>Call Chain = bsp_key_FIFOInit
</UL>
<BR>[Called By]<UL><LI><a href="#[7e]">&gt;&gt;</a>&nbsp;&nbsp;&nbsp;bsp_key_Config
</UL>

<P><STRONG><a name="[52]"></a>getBtnStringlen</STRONG> (Thumb, 14 bytes, Stack size 8 bytes, button.o(i.getBtnStringlen))
<BR><BR>[Stack]<UL><LI>Max Depth = 20<LI>Call Chain = getBtnStringlen &rArr; strlen
</UL>
<BR>[Calls]<UL><LI><a href="#[8f]">&gt;&gt;</a>&nbsp;&nbsp;&nbsp;strlen
</UL>
<BR>[Called By]<UL><LI><a href="#[5a]">&gt;&gt;</a>&nbsp;&nbsp;&nbsp;GUI_DrawButton
<LI><a href="#[51]">&gt;&gt;</a>&nbsp;&nbsp;&nbsp;GUI_Button_Selected
</UL>

<P><STRONG><a name="[93]"></a>show_font</STRONG> (Thumb, 256 bytes, Stack size 56 bytes, text.o(i.show_font))
<BR><BR>[Stack]<UL><LI>Max Depth = 68<LI>Call Chain = show_font &rArr; strlen
</UL>
<BR>[Calls]<UL><LI><a href="#[60]">&gt;&gt;</a>&nbsp;&nbsp;&nbsp;oled_drawPoint
<LI><a href="#[8f]">&gt;&gt;</a>&nbsp;&nbsp;&nbsp;strlen
</UL>
<BR>[Called By]<UL><LI><a href="#[55]">&gt;&gt;</a>&nbsp;&nbsp;&nbsp;show_str
</UL>

<P><STRONG><a name="[97]"></a>_fadd1</STRONG> (Thumb, 0 bytes, Stack size unknown bytes, faddsub.o(x$fpl$fadd), UNUSED)
<BR><BR>[Called By]<UL><LI><a href="#[96]">&gt;&gt;</a>&nbsp;&nbsp;&nbsp;_fsub
</UL>

<P><STRONG><a name="[95]"></a>_fsub1</STRONG> (Thumb, 0 bytes, Stack size unknown bytes, faddsub.o(x$fpl$fsub), UNUSED)
<BR><BR>[Called By]<UL><LI><a href="#[94]">&gt;&gt;</a>&nbsp;&nbsp;&nbsp;_fadd
</UL>
<P>
<H3>
Undefined Global Symbols
</H3>
<P><STRONG><a name="[47]"></a>_call_atexit_fns</STRONG> (ARM, 0 bytes, Stack size 0 bytes, UNDEFINED)
<BR><BR>[Called By]<UL><LI><a href="#[40]">&gt;&gt;</a>&nbsp;&nbsp;&nbsp;exit
</UL>
<HR></body></html>
