<html>
<body>
<pre>
<h1>礦ision Build Log</h1>
<h2>Tool Versions:</h2>
IDE-Version: μVision V5.21.1.0
Copyright (C) 2016 ARM Ltd and ARM Germany GmbH. All rights reserved.
License Information: 1 1, 1, LIC=47GGK-ZE1S3-Q01NJ-U7HKU-P01QR-5NNXT
 
Tool Versions:
Toolchain:       MDK-ARM Plus  Version: 5.21a
Toolchain Path:  C:\Keil_v5\ARM\ARMCC\Bin
C Compiler:      Armcc.exe V5.06 update 3 (build 300)
Assembler:       Armasm.exe V5.06 update 3 (build 300)
Linker/Locator:  ArmLink.exe V5.06 update 3 (build 300)
Library Manager: ArmAr.exe V5.06 update 3 (build 300)
Hex Converter:   FromElf.exe V5.06 update 3 (build 300)
CPU DLL:         SARMCM3.DLL V5.21a
Dialog DLL:      DARMCM1.DLL V1.14.0.0
Target DLL:      Segger\JL2CM3.dll V2.99.23.0
Dialog DLL:      TARMCM1.DLL V1.10.0.0
 
<h2>Project:</h2>
E:\学习资料\比赛\飞思卡尔智能车大赛\电磁三轮组\程序\Freescale\USER\FreescaleCar.uvprojx
Project File Date:  04/28/2018

<h2>Output:</h2>
*** Using Compiler 'V5.06 update 3 (build 300)', folder: 'C:\Keil_v5\ARM\ARMCC\Bin'
Build target 'FreescaleCar'
compiling FreescaleCar.c...
FreescaleCar.c(357): warning:  #550-D: variable "LastError" was set but never used
  	static float LastError = 0;
FreescaleCar.c(440): warning:  #177-D: variable "FirstTime" was declared but never referenced
  	static uint32_t FirstTime = 0;
FreescaleCar.c(442): warning:  #550-D: variable "FirstPointFlag" was set but never used
  	static uint8_t FirstPointFlag = 0, SecondPointFlag = 0;
FreescaleCar.c(442): warning:  #177-D: variable "SecondPointFlag" was declared but never referenced
  	static uint8_t FirstPointFlag = 0, SecondPointFlag = 0;
FreescaleCar.c(540): warning:  #550-D: variable "temp" was set but never used
  	static float temp = 0;
FreescaleCar.c(746): warning:  #111-D: statement is unreachable
  		}break;
FreescaleCar.c(118): warning:  #550-D: variable "g_AlreadyEnterCurve" was set but never used
  static uint8_t g_AlreadyEnterCurve = 0;
FreescaleCar.c(127): warning:  #177-D: variable "g_SpeedFactor" was declared but never referenced
  static float g_SpeedFactor = 0.16;//0.48;
FreescaleCar.c(128): warning:  #177-D: variable "g_HAEFactor" was declared but never referenced
  static float g_HAEFactor = 0.09;
FreescaleCar.c(132): warning:  #177-D: variable "g_CurveDirection" was declared but never referenced
  static float g_CurveDirection = 0;
FreescaleCar.c: 10 warnings, 0 errors
linking...
Program Size: Code=26176 RO-data=11100 RW-data=1244 ZI-data=4956  
FromELF: creating hex file...
".\Objects\FreescaleCar.axf" - 0 Error(s), 10 Warning(s).

<h2>Collection of Component include folders:</h2>
  E:\学习资料\比赛\飞思卡尔智能车大赛\电磁三轮组\程序\Freescale\USER\RTE
  D:\KeilPack\Keil\Kinetis_KEAxx_DFP\1.3.0\Device\Include

<h2>Collection of Component Files used:</h2>
Build Time Elapsed:  00:00:01
</pre>
</body>
</html>
