<html>
<body>
<pre>
<h1>礦ision Build Log</h1>
<h2>Tool Versions:</h2>
IDE-Version: μVision V5.21.1.0
Copyright (C) 2016 ARM Ltd and ARM Germany GmbH. All rights reserved.
License Information: LHN LHN, LHN, LIC=DSNX7-ESGPH-QI55M-XIJK9-YESB2-MLHL0
 
Tool Versions:
Toolchain:       MDK-ARM Professional  Version: 5.21a
Toolchain Path:  D:\KEIL5\ARM\ARMCC\Bin
C Compiler:      Armcc.exe V5.06 update 3 (build 300)
Assembler:       Armasm.exe V5.06 update 3 (build 300)
Linker/Locator:  ArmLink.exe V5.06 update 3 (build 300)
Library Manager: ArmAr.exe V5.06 update 3 (build 300)
Hex Converter:   FromElf.exe V5.06 update 3 (build 300)
CPU DLL:         SARMCM3.DLL V5.21a
Dialog DLL:      DARMCM1.DLL V1.14.0.0
Target DLL:      STLink\ST-LINKIII-KEIL_SWO.dll V2.0.18.0
Dialog DLL:      TARMCM1.DLL V1.10.0.0
 
<h2>Project:</h2>
G:\电子设计\飞卡\程序\FreescaleCar\USER\FreescaleCar.uvprojx
Project File Date:  03/12/2018

<h2>Output:</h2>
*** Using Compiler 'V5.06 update 3 (build 300)', folder: 'D:\KEIL5\ARM\ARMCC\Bin'
Rebuild target 'FreescaleCar'
assembling startup_SKEAZ1284.s...
compiling FreescaleCar.c...
FreescaleCar.c(220): warning:  #550-D: variable "LastDir" was set but never used
  	uint8_t LastDir = 0;
FreescaleCar.c: 1 warning, 0 errors
compiling system_SKEAZ1284.c...
compiling main.c...
compiling drv_pit.c...
compiling drv_uart.c...
compiling drv_gpio.c...
compiling drv_ftm.c...
compiling drv_rcc.c...
compiling drv_adc.c...
compiling drv_flash.c...
compiling drv_wdog.c...
compiling drv_spi.c...
compiling drv_acmp.c...
compiling drv_irq.c...
compiling drv_power.c...
compiling drv_pwt.c...
compiling drv_kbi.c...
compiling drv_rtc.c...
compiling bsp_led.c...
compiling bsp.c...
compiling bsp_uart.c...
..\BSP\src\bsp_uart.c(302): warning:  #550-D: variable "RecvData" was set but never used
  	uint8_t RecvData = 0;
..\BSP\src\bsp_uart.c(303): warning:  #550-D: variable "reg" was set but never used
  	uint8_t reg = 0x0;
..\BSP\src\bsp_uart.c: 2 warnings, 0 errors
compiling bsp_key.c...
compiling bsp_timer.c...
compiling bsp_oled.c...
compiling bsp_flash.c...
compiling bsp_motor.c...
compiling bsp_encoder.c...
..\BSP\src\bsp_encoder.c(128): warning:  #177-D: variable "LastLeftEncoder" was declared but never referenced
  	static uint32_t LastLeftEncoder,LastRightEncoder;
..\BSP\src\bsp_encoder.c(128): warning:  #177-D: variable "LastRightEncoder" was declared but never referenced
  	static uint32_t LastLeftEncoder,LastRightEncoder;
..\BSP\src\bsp_encoder.c: 2 warnings, 0 errors
compiling bsp_switch.c...
compiling bsp_sensor.c...
compiling app_debug.c...
compiling app_sort.c...
compiling app_filter.c...
compiling app_pid.c...
linking...
Program Size: Code=12820 RO-data=2488 RW-data=3520 ZI-data=2648  
".\Objects\FreescaleCar.axf" - 0 Error(s), 5 Warning(s).

<h2>Collection of Component include folders:</h2>
  G:\电子设计\飞卡\程序\FreescaleCar\USER\RTE
  D:\KEIL5\ARM\PACK\Keil\Kinetis_KEAxx_DFP\1.3.0\Device\Include

<h2>Collection of Component Files used:</h2>
Build Time Elapsed:  00:00:11
</pre>
</body>
</html>
