<html>
<body>
<pre>
<h1>礦ision Build Log</h1>
<h2>Tool Versions:</h2>
IDE-Version: μVision V5.21.1.0
Copyright (C) 2016 ARM Ltd and ARM Germany GmbH. All rights reserved.
License Information: 1 1, 1, LIC=47GGK-ZE1S3-Q01NJ-U7HKU-P01QR-5NNXT
 
Tool Versions:
Toolchain:       MDK-ARM Plus  Version: 5.21a
Toolchain Path:  C:\Keil_v5\ARM\ARMCC\Bin
C Compiler:      Armcc.exe V5.06 update 3 (build 300)
Assembler:       Armasm.exe V5.06 update 3 (build 300)
Linker/Locator:  ArmLink.exe V5.06 update 3 (build 300)
Library Manager: ArmAr.exe V5.06 update 3 (build 300)
Hex Converter:   FromElf.exe V5.06 update 3 (build 300)
CPU DLL:         SARMCM3.DLL V5.21a
Dialog DLL:      DARMCM1.DLL V1.14.0.0
Target DLL:      Segger\JL2CM3.dll V2.99.23.0
Dialog DLL:      TARMCM1.DLL V1.10.0.0
 
<h2>Project:</h2>
E:\学习资料\比赛\飞思卡尔智能车大赛\程序\Freescale\USER\FreescaleCar.uvprojx
Project File Date:  03/19/2018

<h2>Output:</h2>
*** Using Compiler 'V5.06 update 3 (build 300)', folder: 'C:\Keil_v5\ARM\ARMCC\Bin'
Build target 'FreescaleCar'
compiling pid_set.c...
..\GUI_APP\src\pid_set.c(92): warning:  #188-D: enumerated type mixed with another type
  	drv_gpio_WritePin(
EY_OK_PIN, 1);
..\GUI_APP\src\pid_set.c(78): warning:  #177-D: variable "keytime" was declared but never referenced
  	uint16_t keytime = 0;
..\GUI_APP\src\pid_set.c(79): warning:  #177-D: variable "Kp" was declared but never referenced
  	uint8_t Kp[128];
..\GUI_APP\src\pid_set.c: 3 warnings, 0 errors
linking...
Program Size: Code=9636 RO-data=10140 RW-data=284 ZI-data=4180  
FromELF: creating hex file...
".\Objects\FreescaleCar.axf" - 0 Error(s), 3 Warning(s).

<h2>Collection of Component include folders:</h2>
  E:\学习资料\比赛\飞思卡尔智能车大赛\程序\Freescale\USER\RTE
  D:\KeilPack\Keil\Kinetis_KEAxx_DFP\1.3.0\Device\Include

<h2>Collection of Component Files used:</h2>
Build Time Elapsed:  00:00:01
</pre>
</body>
</html>
